2026-04-03 13:41:56 | INFO     | === 批次 0003 开始，共 500 首 ===
2026-04-03 13:41:56 | WARNING  | [DOWNLOAD FAIL] track_id=1514：Deezer 无结果
2026-04-03 13:41:57 | WARNING  | [DOWNLOAD FAIL] track_id=1515：Deezer 无结果
2026-04-03 13:41:57 | WARNING  | [DOWNLOAD FAIL] track_id=1516：Deezer 无结果
2026-04-03 13:41:57 | WARNING  | [DOWNLOAD FAIL] track_id=1517：Deezer 无结果
2026-04-03 13:41:58 | WARNING  | [DOWNLOAD FAIL] track_id=1520：Deezer 无结果
2026-04-03 13:41:58 | WARNING  | [DOWNLOAD FAIL] track_id=1523：Deezer 无结果
2026-04-03 13:41:58 | WARNING  | [DOWNLOAD FAIL] track_id=1524：Deezer 无结果
2026-04-03 13:41:58 | WARNING  | [DOWNLOAD FAIL] track_id=1525：Deezer 无结果
2026-04-03 13:41:59 | WARNING  | [DOWNLOAD FAIL] track_id=1526：Deezer 无结果
2026-04-03 13:41:59 | WARNING  | [DOWNLOAD FAIL] track_id=1527：Deezer 无结果
2026-04-03 13:41:59 | WARNING  | [DOWNLOAD FAIL] track_id=1528：Deezer 无结果
2026-04-03 13:41:59 | WARNING  | [DOWNLOAD FAIL] track_id=1529：Deezer 无结果
2026-04-03 13:41:59 | WARNING  | [DOWNLOAD FAIL] track_id=1531：Deezer 无结果
2026-04-03 13:41:59 | WARNING  | [DOWNLOAD FAIL] track_id=1532：Deezer 无结果
2026-04-03 13:42:00 | WARNING  | [DOWNLOAD FAIL] track_id=1537：Deezer 无结果
2026-04-03 13:42:00 | WARNING  | [DOWNLOAD FAIL] track_id=1538：Deezer 无结果
2026-04-03 13:42:00 | WARNING  | [DOWNLOAD FAIL] track_id=1539：Deezer 无结果
2026-04-03 13:42:00 | WARNING  | [DOWNLOAD FAIL] track_id=1541：Deezer 无结果
2026-04-03 13:42:01 | WARNING  | [DOWNLOAD FAIL] track_id=1546：Deezer 无结果
2026-04-03 13:42:02 | WARNING  | [DOWNLOAD FAIL] track_id=1550：Deezer 无结果
2026-04-03 13:42:04 | WARNING  | [DOWNLOAD FAIL] track_id=1563：Deezer 无结果
2026-04-03 13:42:05 | WARNING  | [DOWNLOAD FAIL] track_id=1566：Deezer 无结果
2026-04-03 13:42:06 | WARNING  | [DOWNLOAD FAIL] track_id=1569：Deezer 无结果
2026-04-03 13:42:06 | WARNING  | [DOWNLOAD FAIL] track_id=1571：Deezer 无结果
2026-04-03 13:42:07 | WARNING  | [DOWNLOAD FAIL] track_id=1576：Deezer 无结果
2026-04-03 13:42:08 | WARNING  | [DOWNLOAD FAIL] track_id=1581：Deezer 无结果
2026-04-03 13:42:11 | WARNING  | [DOWNLOAD FAIL] track_id=1593：Deezer 无结果
2026-04-03 13:42:13 | WARNING  | [DOWNLOAD FAIL] track_id=1600：Deezer 无结果
2026-04-03 13:42:15 | WARNING  | [DOWNLOAD FAIL] track_id=1612：Deezer 无结果
2026-04-03 13:42:16 | WARNING  | [DOWNLOAD FAIL] track_id=1614：Deezer 无结果
2026-04-03 13:42:16 | WARNING  | [DOWNLOAD FAIL] track_id=1619：Deezer 无结果
2026-04-03 13:42:17 | WARNING  | [DOWNLOAD FAIL] track_id=1621：Deezer 无结果
2026-04-03 13:42:18 | WARNING  | [DOWNLOAD FAIL] track_id=1623：Deezer 无结果
2026-04-03 13:42:18 | WARNING  | [DOWNLOAD FAIL] track_id=1624：Deezer 无结果
2026-04-03 13:42:18 | WARNING  | [DOWNLOAD FAIL] track_id=1622：Deezer 无结果
2026-04-03 13:42:18 | WARNING  | [DOWNLOAD FAIL] track_id=1625：Deezer 无结果
2026-04-03 13:42:18 | WARNING  | [DOWNLOAD FAIL] track_id=1627：Deezer 无结果
2026-04-03 13:42:18 | WARNING  | [DOWNLOAD FAIL] track_id=1626：Deezer 无结果
2026-04-03 13:42:18 | WARNING  | [DOWNLOAD FAIL] track_id=1630：Deezer 无结果
2026-04-03 13:42:18 | WARNING  | [DOWNLOAD FAIL] track_id=1632：Deezer 无结果
2026-04-03 13:42:18 | WARNING  | [DOWNLOAD FAIL] track_id=1631：Deezer 无结果
2026-04-03 13:42:18 | WARNING  | [DOWNLOAD FAIL] track_id=1634：Deezer 无结果
2026-04-03 13:42:23 | WARNING  | [DOWNLOAD FAIL] track_id=1652：Deezer 无结果
2026-04-03 13:42:24 | WARNING  | [DOWNLOAD FAIL] track_id=1661：Deezer 无结果
2026-04-03 13:42:25 | WARNING  | [DOWNLOAD FAIL] track_id=1663：Deezer 无结果
2026-04-03 13:42:25 | WARNING  | [DOWNLOAD FAIL] track_id=1664：Deezer 无结果
2026-04-03 13:42:25 | WARNING  | [DOWNLOAD FAIL] track_id=1666：Deezer 无结果
2026-04-03 13:42:26 | WARNING  | [DOWNLOAD FAIL] track_id=1667：Deezer 无结果
2026-04-03 13:42:26 | WARNING  | [DOWNLOAD FAIL] track_id=1669：Deezer 无结果
2026-04-03 13:42:26 | WARNING  | [DOWNLOAD FAIL] track_id=1668：Deezer 无结果
2026-04-03 13:42:26 | WARNING  | [DOWNLOAD FAIL] track_id=1671：Deezer 无结果
2026-04-03 13:42:26 | WARNING  | [DOWNLOAD FAIL] track_id=1673：Deezer 无结果
2026-04-03 13:42:26 | WARNING  | [DOWNLOAD FAIL] track_id=1674：Deezer 无结果
2026-04-03 13:42:26 | WARNING  | [DOWNLOAD FAIL] track_id=1675：Deezer 无结果
2026-04-03 13:42:26 | WARNING  | [DOWNLOAD FAIL] track_id=1672：Deezer 无结果
2026-04-03 13:42:27 | WARNING  | [DOWNLOAD FAIL] track_id=1676：Deezer 无结果
2026-04-03 13:42:27 | WARNING  | [DOWNLOAD FAIL] track_id=1678：Deezer 无结果
2026-04-03 13:42:27 | WARNING  | [DOWNLOAD FAIL] track_id=1679：Deezer 无结果
2026-04-03 13:42:27 | WARNING  | [DOWNLOAD FAIL] track_id=1680：Deezer 无结果
2026-04-03 13:42:29 | WARNING  | [DOWNLOAD FAIL] track_id=1690：Deezer 无结果
2026-04-03 13:42:29 | WARNING  | [DOWNLOAD FAIL] track_id=1691：Deezer 无结果
2026-04-03 13:42:30 | WARNING  | [DOWNLOAD FAIL] track_id=1693：Deezer 无结果
2026-04-03 13:42:30 | WARNING  | [DOWNLOAD FAIL] track_id=1694：Deezer 无结果
2026-04-03 13:42:30 | WARNING  | [DOWNLOAD FAIL] track_id=1695：Deezer 无结果
2026-04-03 13:42:31 | WARNING  | [DOWNLOAD FAIL] track_id=1700：Deezer 无结果
2026-04-03 13:42:31 | WARNING  | [DOWNLOAD FAIL] track_id=1703：Deezer 无结果
2026-04-03 13:42:31 | WARNING  | [DOWNLOAD FAIL] track_id=1701：Deezer 无结果
2026-04-03 13:42:31 | WARNING  | [DOWNLOAD FAIL] track_id=1702：Deezer 无结果
2026-04-03 13:42:31 | WARNING  | [DOWNLOAD FAIL] track_id=1704：Deezer 无结果
2026-04-03 13:42:31 | WARNING  | [DOWNLOAD FAIL] track_id=1705：Deezer 无结果
2026-04-03 13:42:31 | WARNING  | [DOWNLOAD FAIL] track_id=1709：Deezer 无结果
2026-04-03 13:42:31 | WARNING  | [DOWNLOAD FAIL] track_id=1707：Deezer 无结果
2026-04-03 13:42:31 | WARNING  | [DOWNLOAD FAIL] track_id=1706：Deezer 无结果
2026-04-03 13:42:31 | WARNING  | [DOWNLOAD FAIL] track_id=1710：Deezer 无结果
2026-04-03 13:42:31 | WARNING  | [DOWNLOAD FAIL] track_id=1708：Deezer 无结果
2026-04-03 13:42:32 | WARNING  | [DOWNLOAD FAIL] track_id=1713：Deezer 无结果
2026-04-03 13:42:32 | WARNING  | [DOWNLOAD FAIL] track_id=1715：Deezer 无结果
2026-04-03 13:42:32 | WARNING  | [DOWNLOAD FAIL] track_id=1714：Deezer 无结果
2026-04-03 13:42:32 | WARNING  | [DOWNLOAD FAIL] track_id=1716：Deezer 无结果
2026-04-03 13:42:32 | WARNING  | [DOWNLOAD FAIL] track_id=1717：Deezer 无结果
2026-04-03 13:42:33 | WARNING  | [DOWNLOAD FAIL] track_id=1721：Deezer 无结果
2026-04-03 13:42:33 | WARNING  | [DOWNLOAD FAIL] track_id=1725：Deezer 无结果
2026-04-03 13:42:33 | WARNING  | [DOWNLOAD FAIL] track_id=1723：Deezer 无结果
2026-04-03 13:42:33 | WARNING  | [DOWNLOAD FAIL] track_id=1724：Deezer 无结果
2026-04-03 13:42:33 | WARNING  | [DOWNLOAD FAIL] track_id=1726：Deezer 无结果
2026-04-03 13:42:33 | WARNING  | [DOWNLOAD FAIL] track_id=1730：Deezer 无结果
2026-04-03 13:42:34 | WARNING  | [DOWNLOAD FAIL] track_id=1732：Deezer 无结果
2026-04-03 13:42:34 | WARNING  | [DOWNLOAD FAIL] track_id=1733：Deezer 无结果
2026-04-03 13:42:34 | WARNING  | [DOWNLOAD FAIL] track_id=1734：Deezer 无结果
2026-04-03 13:42:35 | WARNING  | [DOWNLOAD FAIL] track_id=1736：Deezer 无结果
2026-04-03 13:42:35 | WARNING  | [DOWNLOAD FAIL] track_id=1735：Deezer 无结果
2026-04-03 13:42:35 | WARNING  | [DOWNLOAD FAIL] track_id=1738：Deezer 无结果
2026-04-03 13:42:35 | WARNING  | [DOWNLOAD FAIL] track_id=1737：Deezer 无结果
2026-04-03 13:42:35 | WARNING  | [DOWNLOAD FAIL] track_id=1739：Deezer 无结果
2026-04-03 13:42:35 | WARNING  | [DOWNLOAD FAIL] track_id=1741：Deezer 无结果
2026-04-03 13:42:35 | WARNING  | [DOWNLOAD FAIL] track_id=1740：Deezer 无结果
2026-04-03 13:42:35 | WARNING  | [DOWNLOAD FAIL] track_id=1742：Deezer 无结果
2026-04-03 13:42:36 | WARNING  | [DOWNLOAD FAIL] track_id=1748：Deezer 无结果
2026-04-03 13:42:37 | WARNING  | [DOWNLOAD FAIL] track_id=1753：Deezer 无结果
2026-04-03 13:42:37 | WARNING  | [DOWNLOAD FAIL] track_id=1754：Deezer 无结果
2026-04-03 13:42:38 | WARNING  | [DOWNLOAD FAIL] track_id=1757：Deezer 无结果
2026-04-03 13:42:40 | WARNING  | [DOWNLOAD FAIL] track_id=1769：Deezer 无结果
2026-04-03 13:42:41 | WARNING  | [DOWNLOAD FAIL] track_id=1771：Deezer 无结果
2026-04-03 13:42:41 | WARNING  | [DOWNLOAD FAIL] track_id=1773：Deezer 无结果
2026-04-03 13:42:41 | WARNING  | [DOWNLOAD FAIL] track_id=1774：Deezer 无结果
2026-04-03 13:42:42 | WARNING  | [DOWNLOAD FAIL] track_id=1775：Deezer 无结果
2026-04-03 13:42:42 | WARNING  | [DOWNLOAD FAIL] track_id=1777：Deezer 无结果
2026-04-03 13:42:42 | WARNING  | [DOWNLOAD FAIL] track_id=1779：Deezer 无结果
2026-04-03 13:42:42 | WARNING  | [DOWNLOAD FAIL] track_id=1780：Deezer 无结果
2026-04-03 13:42:42 | WARNING  | [DOWNLOAD FAIL] track_id=1778：Deezer 无结果
2026-04-03 13:42:42 | WARNING  | [DOWNLOAD FAIL] track_id=1783：Deezer 无结果
2026-04-03 13:42:42 | WARNING  | [DOWNLOAD FAIL] track_id=1782：Deezer 无结果
2026-04-03 13:42:42 | WARNING  | [DOWNLOAD FAIL] track_id=1784：Deezer 无结果
2026-04-03 13:42:42 | WARNING  | [DOWNLOAD FAIL] track_id=1785：Deezer 无结果
2026-04-03 13:42:42 | WARNING  | [DOWNLOAD FAIL] track_id=1786：Deezer 无结果
2026-04-03 13:42:42 | WARNING  | [DOWNLOAD FAIL] track_id=1787：Deezer 无结果
2026-04-03 13:42:43 | WARNING  | [DOWNLOAD FAIL] track_id=1788：Deezer 无结果
2026-04-03 13:42:43 | WARNING  | [DOWNLOAD FAIL] track_id=1789：Deezer 无结果
2026-04-03 13:42:43 | WARNING  | [DOWNLOAD FAIL] track_id=1790：Deezer 无结果
2026-04-03 13:42:44 | WARNING  | [DOWNLOAD FAIL] track_id=1799：Deezer 无结果
2026-04-03 13:42:46 | WARNING  | [DOWNLOAD FAIL] track_id=1808：Deezer 无结果
2026-04-03 13:42:47 | WARNING  | [DOWNLOAD FAIL] track_id=1811：Deezer 无结果
2026-04-03 13:42:47 | WARNING  | [DOWNLOAD FAIL] track_id=1812：Deezer 无结果
2026-04-03 13:42:52 | WARNING  | [DOWNLOAD FAIL] track_id=1833：Deezer 无结果
2026-04-03 13:42:52 | WARNING  | [DOWNLOAD FAIL] track_id=1832：Deezer 无结果
2026-04-03 13:42:52 | WARNING  | [DOWNLOAD FAIL] track_id=1834：Deezer 无结果
2026-04-03 13:42:52 | WARNING  | [DOWNLOAD FAIL] track_id=1836：Deezer 无结果
2026-04-03 13:42:53 | WARNING  | [DOWNLOAD FAIL] track_id=1837：Deezer 无结果
2026-04-03 13:42:53 | WARNING  | [DOWNLOAD FAIL] track_id=1838：Deezer 无结果
2026-04-03 13:42:53 | WARNING  | [DOWNLOAD FAIL] track_id=1842：Deezer 无结果
2026-04-03 13:42:53 | WARNING  | [DOWNLOAD FAIL] track_id=1839：Deezer 无结果
2026-04-03 13:42:53 | WARNING  | [DOWNLOAD FAIL] track_id=1843：Deezer 无结果
2026-04-03 13:42:53 | WARNING  | [DOWNLOAD FAIL] track_id=1846：Deezer 无结果
2026-04-03 13:42:54 | WARNING  | [DOWNLOAD FAIL] track_id=1847：Deezer 无结果
2026-04-03 13:42:54 | WARNING  | [DOWNLOAD FAIL] track_id=1849：Deezer 无结果
2026-04-03 13:42:54 | WARNING  | [DOWNLOAD FAIL] track_id=1851：Deezer 无结果
2026-04-03 13:42:54 | WARNING  | [DOWNLOAD FAIL] track_id=1852：Deezer 无结果
2026-04-03 13:42:55 | WARNING  | [DOWNLOAD FAIL] track_id=1853：Deezer 无结果
2026-04-03 13:42:55 | WARNING  | [DOWNLOAD FAIL] track_id=1855：Deezer 无结果
2026-04-03 13:42:55 | WARNING  | [DOWNLOAD FAIL] track_id=1856：Deezer 无结果
2026-04-03 13:42:55 | WARNING  | [DOWNLOAD FAIL] track_id=1858：Deezer 无结果
2026-04-03 13:42:55 | WARNING  | [DOWNLOAD FAIL] track_id=1859：Deezer 无结果
2026-04-03 13:42:55 | WARNING  | [DOWNLOAD FAIL] track_id=1857：Deezer 无结果
2026-04-03 13:42:55 | WARNING  | [DOWNLOAD FAIL] track_id=1860：Deezer 无结果
2026-04-03 13:42:55 | WARNING  | [DOWNLOAD FAIL] track_id=1861：Deezer 无结果
2026-04-03 13:42:55 | WARNING  | [DOWNLOAD FAIL] track_id=1864：Deezer 无结果
2026-04-03 13:42:55 | WARNING  | [DOWNLOAD FAIL] track_id=1862：Deezer 无结果
2026-04-03 13:42:55 | WARNING  | [DOWNLOAD FAIL] track_id=1863：Deezer 无结果
2026-04-03 13:42:56 | WARNING  | [DOWNLOAD FAIL] track_id=1865：Deezer 无结果
2026-04-03 13:42:56 | WARNING  | [DOWNLOAD FAIL] track_id=1867：Deezer 无结果
2026-04-03 13:42:56 | WARNING  | [DOWNLOAD FAIL] track_id=1868：Deezer 无结果
2026-04-03 13:42:56 | WARNING  | [DOWNLOAD FAIL] track_id=1866：Deezer 无结果
2026-04-03 13:42:56 | WARNING  | [DOWNLOAD FAIL] track_id=1869：Deezer 无结果
2026-04-03 13:42:56 | WARNING  | [DOWNLOAD FAIL] track_id=1873：Deezer 无结果
2026-04-03 13:42:56 | WARNING  | [DOWNLOAD FAIL] track_id=1872：Deezer 无结果
2026-04-03 13:42:56 | WARNING  | [DOWNLOAD FAIL] track_id=1871：Deezer 无结果
2026-04-03 13:42:56 | WARNING  | [DOWNLOAD FAIL] track_id=1870：Deezer 无结果
2026-04-03 13:42:56 | WARNING  | [DOWNLOAD FAIL] track_id=1875：Deezer 无结果
2026-04-03 13:42:56 | WARNING  | [DOWNLOAD FAIL] track_id=1876：Deezer 无结果
2026-04-03 13:42:56 | WARNING  | [DOWNLOAD FAIL] track_id=1877：Deezer 无结果
2026-04-03 13:42:56 | WARNING  | [DOWNLOAD FAIL] track_id=1878：Deezer 无结果
2026-04-03 13:42:56 | WARNING  | [DOWNLOAD FAIL] track_id=1879：Deezer 无结果
2026-04-03 13:42:56 | WARNING  | [DOWNLOAD FAIL] track_id=1880：Deezer 无结果
2026-04-03 13:42:57 | WARNING  | [DOWNLOAD FAIL] track_id=1882：Deezer 无结果
2026-04-03 13:42:57 | WARNING  | [DOWNLOAD FAIL] track_id=1883：Deezer 无结果
2026-04-03 13:42:57 | WARNING  | [DOWNLOAD FAIL] track_id=1884：Deezer 无结果
2026-04-03 13:42:57 | WARNING  | [DOWNLOAD FAIL] track_id=1885：Deezer 无结果
2026-04-03 13:42:57 | WARNING  | [DOWNLOAD FAIL] track_id=1886：Deezer 无结果
2026-04-03 13:42:57 | WARNING  | [DOWNLOAD FAIL] track_id=1888：Deezer 无结果
2026-04-03 13:42:57 | WARNING  | [DOWNLOAD FAIL] track_id=1891：Deezer 无结果
2026-04-03 13:42:57 | WARNING  | [DOWNLOAD FAIL] track_id=1890：Deezer 无结果
2026-04-03 13:42:57 | WARNING  | [DOWNLOAD FAIL] track_id=1893：Deezer 无结果
2026-04-03 13:42:57 | WARNING  | [DOWNLOAD FAIL] track_id=1892：Deezer 无结果
2026-04-03 13:42:58 | WARNING  | [DOWNLOAD FAIL] track_id=1895：Deezer 无结果
2026-04-03 13:42:58 | WARNING  | [DOWNLOAD FAIL] track_id=1897：Deezer 无结果
2026-04-03 13:43:00 | WARNING  | [DOWNLOAD FAIL] track_id=1907：Deezer 无结果
2026-04-03 13:43:02 | WARNING  | [DOWNLOAD FAIL] track_id=1913：Deezer 无结果
2026-04-03 13:43:02 | WARNING  | [DOWNLOAD FAIL] track_id=1914：Deezer 无结果
2026-04-03 13:43:02 | WARNING  | [DOWNLOAD FAIL] track_id=1915：Deezer 无结果
2026-04-03 13:43:03 | WARNING  | [DOWNLOAD FAIL] track_id=1922：Deezer 无结果
2026-04-03 13:43:04 | WARNING  | [DOWNLOAD FAIL] track_id=1930：Deezer 无结果
2026-04-03 13:43:05 | WARNING  | [DOWNLOAD FAIL] track_id=1931：Deezer 无结果
2026-04-03 13:43:06 | WARNING  | [DOWNLOAD FAIL] track_id=1936：Deezer 无结果
2026-04-03 13:43:06 | WARNING  | [DOWNLOAD FAIL] track_id=1939：Deezer 无结果
2026-04-03 13:43:06 | WARNING  | [DOWNLOAD FAIL] track_id=1940：Deezer 无结果
2026-04-03 13:43:06 | WARNING  | [DOWNLOAD FAIL] track_id=1942：Deezer 无结果
2026-04-03 13:43:06 | WARNING  | [DOWNLOAD FAIL] track_id=1941：Deezer 无结果
2026-04-03 13:43:06 | WARNING  | [DOWNLOAD FAIL] track_id=1943：Deezer 无结果
2026-04-03 13:43:06 | WARNING  | [DOWNLOAD FAIL] track_id=1944：Deezer 无结果
2026-04-03 13:43:07 | WARNING  | [DOWNLOAD FAIL] track_id=1947：Deezer 无结果
2026-04-03 13:43:07 | WARNING  | [DOWNLOAD FAIL] track_id=1946：Deezer 无结果
2026-04-03 13:43:07 | WARNING  | [DOWNLOAD FAIL] track_id=1948：Deezer 无结果
2026-04-03 13:43:07 | WARNING  | [DOWNLOAD FAIL] track_id=1950：Deezer 无结果
2026-04-03 13:43:07 | WARNING  | [DOWNLOAD FAIL] track_id=1949：Deezer 无结果
2026-04-03 13:43:07 | WARNING  | [DOWNLOAD FAIL] track_id=1952：Deezer 无结果
2026-04-03 13:43:07 | WARNING  | [DOWNLOAD FAIL] track_id=1951：Deezer 无结果
2026-04-03 13:43:07 | WARNING  | [DOWNLOAD FAIL] track_id=1953：Deezer 无结果
2026-04-03 13:43:07 | WARNING  | [DOWNLOAD FAIL] track_id=1956：Deezer 无结果
2026-04-03 13:43:09 | WARNING  | [DOWNLOAD FAIL] track_id=1963：Deezer 无结果
2026-04-03 13:43:09 | WARNING  | [DOWNLOAD FAIL] track_id=1966：Deezer 无结果
2026-04-03 13:43:10 | WARNING  | [DOWNLOAD FAIL] track_id=1968：Deezer 无结果
2026-04-03 13:43:10 | WARNING  | [DOWNLOAD FAIL] track_id=1969：Deezer 无结果
2026-04-03 13:43:13 | WARNING  | [DOWNLOAD FAIL] track_id=1983：Deezer 无结果
2026-04-03 13:43:13 | WARNING  | [DOWNLOAD FAIL] track_id=1984：Deezer 无结果
2026-04-03 13:43:13 | WARNING  | [DOWNLOAD FAIL] track_id=1985：Deezer 无结果
2026-04-03 13:43:13 | WARNING  | [DOWNLOAD FAIL] track_id=1986：Deezer 无结果
2026-04-03 13:43:13 | WARNING  | [DOWNLOAD FAIL] track_id=1987：Deezer 无结果
2026-04-03 13:43:13 | WARNING  | [DOWNLOAD FAIL] track_id=1988：Deezer 无结果
2026-04-03 13:43:13 | WARNING  | [DOWNLOAD FAIL] track_id=1989：Deezer 无结果
2026-04-03 13:43:13 | WARNING  | [DOWNLOAD FAIL] track_id=1990：Deezer 无结果
2026-04-03 13:43:14 | WARNING  | [DOWNLOAD FAIL] track_id=1992：Deezer 无结果
2026-04-03 13:43:14 | WARNING  | [DOWNLOAD FAIL] track_id=1993：Deezer 无结果
2026-04-03 13:43:14 | WARNING  | [DOWNLOAD FAIL] track_id=1991：Deezer 无结果
2026-04-03 13:43:14 | WARNING  | [DOWNLOAD FAIL] track_id=1994：Deezer 无结果
2026-04-03 13:43:14 | WARNING  | [DOWNLOAD FAIL] track_id=1995：Deezer 无结果
2026-04-03 13:43:14 | WARNING  | [DOWNLOAD FAIL] track_id=1998：Deezer 无结果
2026-04-03 13:43:14 | WARNING  | [DOWNLOAD FAIL] track_id=1996：Deezer 无结果
2026-04-03 13:43:14 | WARNING  | [DOWNLOAD FAIL] track_id=1997：Deezer 无结果
2026-04-03 13:43:14 | WARNING  | [DOWNLOAD FAIL] track_id=1999：Deezer 无结果
2026-04-03 13:43:14 | WARNING  | [DOWNLOAD FAIL] track_id=2001：Deezer 无结果
2026-04-03 13:43:15 | WARNING  | [DOWNLOAD FAIL] track_id=2002：Deezer 无结果
2026-04-03 13:43:15 | WARNING  | [DOWNLOAD FAIL] track_id=2007：Deezer 无结果
2026-04-03 13:43:16 | WARNING  | [DOWNLOAD FAIL] track_id=2009：Deezer 无结果
2026-04-03 13:43:17 | INFO     | [DOWNLOAD] 成功 277/500，失败 223 条：[1514, 1515, 1516, 1517, 1520, 1523, 1524, 1525, 1526, 1527]...
2026-04-03 13:44:24 | INFO     | [EMBED] 成功 277/277，失败 0 条
2026-04-03 13:44:24 | INFO     | [EMBED SAVE] 追加 277 条，矩阵总行数 574，文件大小 0.00 GB
2026-04-03 13:44:26 | INFO     | === 批次 0003 完成，耗时 149.9s，预计剩余时间 376.2h ===
