2026-04-03 13:40:09 | INFO     | === 批次 0002 开始，共 500 首 ===
2026-04-03 13:40:10 | WARNING  | [DOWNLOAD FAIL] track_id=1014：Deezer 无结果
2026-04-03 13:40:10 | WARNING  | [DOWNLOAD FAIL] track_id=1015：Deezer 无结果
2026-04-03 13:40:10 | WARNING  | [DOWNLOAD FAIL] track_id=1016：Deezer 无结果
2026-04-03 13:40:10 | WARNING  | [DOWNLOAD FAIL] track_id=1017：Deezer 无结果
2026-04-03 13:40:11 | WARNING  | [DOWNLOAD FAIL] track_id=1018：Deezer 无结果
2026-04-03 13:40:11 | WARNING  | [DOWNLOAD FAIL] track_id=1020：Deezer 无结果
2026-04-03 13:40:11 | WARNING  | [DOWNLOAD FAIL] track_id=1021：Deezer 无结果
2026-04-03 13:40:11 | WARNING  | [DOWNLOAD FAIL] track_id=1019：Deezer 无结果
2026-04-03 13:40:11 | WARNING  | [DOWNLOAD FAIL] track_id=1022：Deezer 无结果
2026-04-03 13:40:11 | WARNING  | [DOWNLOAD FAIL] track_id=1023：Deezer 无结果
2026-04-03 13:40:11 | WARNING  | [DOWNLOAD FAIL] track_id=1024：Deezer 无结果
2026-04-03 13:40:11 | WARNING  | [DOWNLOAD FAIL] track_id=1025：Deezer 无结果
2026-04-03 13:40:11 | WARNING  | [DOWNLOAD FAIL] track_id=1026：Deezer 无结果
2026-04-03 13:40:11 | WARNING  | [DOWNLOAD FAIL] track_id=1027：Deezer 无结果
2026-04-03 13:40:11 | WARNING  | [DOWNLOAD FAIL] track_id=1029：Deezer 无结果
2026-04-03 13:40:11 | WARNING  | [DOWNLOAD FAIL] track_id=1028：Deezer 无结果
2026-04-03 13:40:11 | WARNING  | [DOWNLOAD FAIL] track_id=1031：Deezer 无结果
2026-04-03 13:40:11 | WARNING  | [DOWNLOAD FAIL] track_id=1030：Deezer 无结果
2026-04-03 13:40:11 | WARNING  | [DOWNLOAD FAIL] track_id=1032：Deezer 无结果
2026-04-03 13:40:11 | WARNING  | [DOWNLOAD FAIL] track_id=1034：Deezer 无结果
2026-04-03 13:40:11 | WARNING  | [DOWNLOAD FAIL] track_id=1033：Deezer 无结果
2026-04-03 13:40:12 | WARNING  | [DOWNLOAD FAIL] track_id=1037：Deezer 无结果
2026-04-03 13:40:12 | WARNING  | [DOWNLOAD FAIL] track_id=1036：Deezer 无结果
2026-04-03 13:40:12 | WARNING  | [DOWNLOAD FAIL] track_id=1035：Deezer 无结果
2026-04-03 13:40:12 | WARNING  | [DOWNLOAD FAIL] track_id=1038：Deezer 无结果
2026-04-03 13:40:12 | WARNING  | [DOWNLOAD FAIL] track_id=1039：Deezer 无结果
2026-04-03 13:40:12 | WARNING  | [DOWNLOAD FAIL] track_id=1042：Deezer 无结果
2026-04-03 13:40:12 | WARNING  | [DOWNLOAD FAIL] track_id=1040：Deezer 无结果
2026-04-03 13:40:12 | WARNING  | [DOWNLOAD FAIL] track_id=1041：Deezer 无结果
2026-04-03 13:40:12 | WARNING  | [DOWNLOAD FAIL] track_id=1043：Deezer 无结果
2026-04-03 13:40:12 | WARNING  | [DOWNLOAD FAIL] track_id=1046：Deezer 无结果
2026-04-03 13:40:12 | WARNING  | [DOWNLOAD FAIL] track_id=1044：Deezer 无结果
2026-04-03 13:40:12 | WARNING  | [DOWNLOAD FAIL] track_id=1047：Deezer 无结果
2026-04-03 13:40:12 | WARNING  | [DOWNLOAD FAIL] track_id=1045：Deezer 无结果
2026-04-03 13:40:12 | WARNING  | [DOWNLOAD FAIL] track_id=1048：Deezer 无结果
2026-04-03 13:40:12 | WARNING  | [DOWNLOAD FAIL] track_id=1050：Deezer 无结果
2026-04-03 13:40:14 | WARNING  | [DOWNLOAD FAIL] track_id=1060：Deezer 无结果
2026-04-03 13:40:14 | WARNING  | [DOWNLOAD FAIL] track_id=1061：Deezer 无结果
2026-04-03 13:40:14 | WARNING  | [DOWNLOAD FAIL] track_id=1063：Deezer 无结果
2026-04-03 13:40:14 | WARNING  | [DOWNLOAD FAIL] track_id=1062：Deezer 无结果
2026-04-03 13:40:14 | WARNING  | [DOWNLOAD FAIL] track_id=1064：Deezer 无结果
2026-04-03 13:40:14 | WARNING  | [DOWNLOAD FAIL] track_id=1065：Deezer 无结果
2026-04-03 13:40:15 | WARNING  | [DOWNLOAD FAIL] track_id=1066：Deezer 无结果
2026-04-03 13:40:15 | WARNING  | [DOWNLOAD FAIL] track_id=1067：Deezer 无结果
2026-04-03 13:40:15 | WARNING  | [DOWNLOAD FAIL] track_id=1068：Deezer 无结果
2026-04-03 13:40:15 | WARNING  | [DOWNLOAD FAIL] track_id=1071：Deezer 无结果
2026-04-03 13:40:15 | WARNING  | [DOWNLOAD FAIL] track_id=1069：Deezer 无结果
2026-04-03 13:40:15 | WARNING  | [DOWNLOAD FAIL] track_id=1070：Deezer 无结果
2026-04-03 13:40:15 | WARNING  | [DOWNLOAD FAIL] track_id=1072：Deezer 无结果
2026-04-03 13:40:15 | WARNING  | [DOWNLOAD FAIL] track_id=1073：Deezer 无结果
2026-04-03 13:40:15 | WARNING  | [DOWNLOAD FAIL] track_id=1077：Deezer 无结果
2026-04-03 13:40:15 | WARNING  | [DOWNLOAD FAIL] track_id=1075：Deezer 无结果
2026-04-03 13:40:15 | WARNING  | [DOWNLOAD FAIL] track_id=1076：Deezer 无结果
2026-04-03 13:40:15 | WARNING  | [DOWNLOAD FAIL] track_id=1078：Deezer 无结果
2026-04-03 13:40:16 | WARNING  | [DOWNLOAD FAIL] track_id=1081：Deezer 无结果
2026-04-03 13:40:16 | WARNING  | [DOWNLOAD FAIL] track_id=1079：Deezer 无结果
2026-04-03 13:40:16 | WARNING  | [DOWNLOAD FAIL] track_id=1082：Deezer 无结果
2026-04-03 13:40:16 | WARNING  | [DOWNLOAD FAIL] track_id=1080：Deezer 无结果
2026-04-03 13:40:16 | WARNING  | [DOWNLOAD FAIL] track_id=1084：Deezer 无结果
2026-04-03 13:40:16 | WARNING  | [DOWNLOAD FAIL] track_id=1083：Deezer 无结果
2026-04-03 13:40:16 | WARNING  | [DOWNLOAD FAIL] track_id=1085：Deezer 无结果
2026-04-03 13:40:16 | WARNING  | [DOWNLOAD FAIL] track_id=1086：Deezer 无结果
2026-04-03 13:40:16 | WARNING  | [DOWNLOAD FAIL] track_id=1089：Deezer 无结果
2026-04-03 13:40:16 | WARNING  | [DOWNLOAD FAIL] track_id=1088：Deezer 无结果
2026-04-03 13:40:16 | WARNING  | [DOWNLOAD FAIL] track_id=1087：Deezer 无结果
2026-04-03 13:40:16 | WARNING  | [DOWNLOAD FAIL] track_id=1090：Deezer 无结果
2026-04-03 13:40:16 | WARNING  | [DOWNLOAD FAIL] track_id=1091：Deezer 无结果
2026-04-03 13:40:16 | WARNING  | [DOWNLOAD FAIL] track_id=1094：Deezer 无结果
2026-04-03 13:40:16 | WARNING  | [DOWNLOAD FAIL] track_id=1093：Deezer 无结果
2026-04-03 13:40:16 | WARNING  | [DOWNLOAD FAIL] track_id=1092：Deezer 无结果
2026-04-03 13:40:16 | WARNING  | [DOWNLOAD FAIL] track_id=1095：Deezer 无结果
2026-04-03 13:40:16 | WARNING  | [DOWNLOAD FAIL] track_id=1096：Deezer 无结果
2026-04-03 13:40:16 | WARNING  | [DOWNLOAD FAIL] track_id=1098：Deezer 无结果
2026-04-03 13:40:17 | WARNING  | [DOWNLOAD FAIL] track_id=1099：Deezer 无结果
2026-04-03 13:40:17 | WARNING  | [DOWNLOAD FAIL] track_id=1097：Deezer 无结果
2026-04-03 13:40:17 | WARNING  | [DOWNLOAD FAIL] track_id=1100：Deezer 无结果
2026-04-03 13:40:17 | WARNING  | [DOWNLOAD FAIL] track_id=1101：Deezer 无结果
2026-04-03 13:40:17 | WARNING  | [DOWNLOAD FAIL] track_id=1102：Deezer 无结果
2026-04-03 13:40:17 | WARNING  | [DOWNLOAD FAIL] track_id=1105：Deezer 无结果
2026-04-03 13:40:17 | WARNING  | [DOWNLOAD FAIL] track_id=1106：Deezer 无结果
2026-04-03 13:40:17 | WARNING  | [DOWNLOAD FAIL] track_id=1107：Deezer 无结果
2026-04-03 13:40:19 | WARNING  | [DOWNLOAD FAIL] track_id=1116：Deezer 无结果
2026-04-03 13:40:19 | WARNING  | [DOWNLOAD FAIL] track_id=1117：Deezer 无结果
2026-04-03 13:40:19 | WARNING  | [DOWNLOAD FAIL] track_id=1118：Deezer 无结果
2026-04-03 13:40:19 | WARNING  | [DOWNLOAD FAIL] track_id=1120：Deezer 无结果
2026-04-03 13:40:19 | WARNING  | [DOWNLOAD FAIL] track_id=1119：Deezer 无结果
2026-04-03 13:40:19 | WARNING  | [DOWNLOAD FAIL] track_id=1122：Deezer 无结果
2026-04-03 13:40:20 | WARNING  | [DOWNLOAD FAIL] track_id=1123：Deezer 无结果
2026-04-03 13:40:20 | WARNING  | [DOWNLOAD FAIL] track_id=1121：Deezer 无结果
2026-04-03 13:40:21 | WARNING  | [DOWNLOAD FAIL] track_id=1133：Deezer 无结果
2026-04-03 13:40:21 | WARNING  | [DOWNLOAD FAIL] track_id=1134：Deezer 无结果
2026-04-03 13:40:22 | WARNING  | [DOWNLOAD FAIL] track_id=1135：Deezer 无结果
2026-04-03 13:40:22 | WARNING  | [DOWNLOAD FAIL] track_id=1136：Deezer 无结果
2026-04-03 13:40:22 | WARNING  | [DOWNLOAD FAIL] track_id=1137：Deezer 无结果
2026-04-03 13:40:22 | WARNING  | [DOWNLOAD FAIL] track_id=1138：Deezer 无结果
2026-04-03 13:40:22 | WARNING  | [DOWNLOAD FAIL] track_id=1139：Deezer 无结果
2026-04-03 13:40:22 | WARNING  | [DOWNLOAD FAIL] track_id=1142：Deezer 无结果
2026-04-03 13:40:22 | WARNING  | [DOWNLOAD FAIL] track_id=1141：Deezer 无结果
2026-04-03 13:40:22 | WARNING  | [DOWNLOAD FAIL] track_id=1140：Deezer 无结果
2026-04-03 13:40:22 | WARNING  | [DOWNLOAD FAIL] track_id=1144：Deezer 无结果
2026-04-03 13:40:22 | WARNING  | [DOWNLOAD FAIL] track_id=1143：Deezer 无结果
2026-04-03 13:40:22 | WARNING  | [DOWNLOAD FAIL] track_id=1146：Deezer 无结果
2026-04-03 13:40:22 | WARNING  | [DOWNLOAD FAIL] track_id=1145：Deezer 无结果
2026-04-03 13:40:22 | WARNING  | [DOWNLOAD FAIL] track_id=1147：Deezer 无结果
2026-04-03 13:40:22 | WARNING  | [DOWNLOAD FAIL] track_id=1149：Deezer 无结果
2026-04-03 13:40:22 | WARNING  | [DOWNLOAD FAIL] track_id=1148：Deezer 无结果
2026-04-03 13:40:23 | WARNING  | [DOWNLOAD FAIL] track_id=1150：Deezer 无结果
2026-04-03 13:40:23 | WARNING  | [DOWNLOAD FAIL] track_id=1152：Deezer 无结果
2026-04-03 13:40:23 | WARNING  | [DOWNLOAD FAIL] track_id=1151：Deezer 无结果
2026-04-03 13:40:23 | WARNING  | [DOWNLOAD FAIL] track_id=1153：Deezer 无结果
2026-04-03 13:40:23 | WARNING  | [DOWNLOAD FAIL] track_id=1154：Deezer 无结果
2026-04-03 13:40:23 | WARNING  | [DOWNLOAD FAIL] track_id=1157：Deezer 无结果
2026-04-03 13:40:23 | WARNING  | [DOWNLOAD FAIL] track_id=1159：Deezer 无结果
2026-04-03 13:40:23 | WARNING  | [DOWNLOAD FAIL] track_id=1156：Deezer 无结果
2026-04-03 13:40:23 | WARNING  | [DOWNLOAD FAIL] track_id=1155：Deezer 无结果
2026-04-03 13:40:23 | WARNING  | [DOWNLOAD FAIL] track_id=1161：Deezer 无结果
2026-04-03 13:40:23 | WARNING  | [DOWNLOAD FAIL] track_id=1160：Deezer 无结果
2026-04-03 13:40:23 | WARNING  | [DOWNLOAD FAIL] track_id=1162：Deezer 无结果
2026-04-03 13:40:23 | WARNING  | [DOWNLOAD FAIL] track_id=1163：Deezer 无结果
2026-04-03 13:40:23 | WARNING  | [DOWNLOAD FAIL] track_id=1164：Deezer 无结果
2026-04-03 13:40:23 | WARNING  | [DOWNLOAD FAIL] track_id=1166：Deezer 无结果
2026-04-03 13:40:23 | WARNING  | [DOWNLOAD FAIL] track_id=1165：Deezer 无结果
2026-04-03 13:40:23 | WARNING  | [DOWNLOAD FAIL] track_id=1167：Deezer 无结果
2026-04-03 13:40:24 | WARNING  | [DOWNLOAD FAIL] track_id=1169：Deezer 无结果
2026-04-03 13:40:24 | WARNING  | [DOWNLOAD FAIL] track_id=1168：Deezer 无结果
2026-04-03 13:40:24 | WARNING  | [DOWNLOAD FAIL] track_id=1171：Deezer 无结果
2026-04-03 13:40:24 | WARNING  | [DOWNLOAD FAIL] track_id=1170：Deezer 无结果
2026-04-03 13:40:24 | WARNING  | [DOWNLOAD FAIL] track_id=1172：Deezer 无结果
2026-04-03 13:40:24 | WARNING  | [DOWNLOAD FAIL] track_id=1174：Deezer 无结果
2026-04-03 13:40:24 | WARNING  | [DOWNLOAD FAIL] track_id=1176：Deezer 无结果
2026-04-03 13:40:24 | WARNING  | [DOWNLOAD FAIL] track_id=1173：Deezer 无结果
2026-04-03 13:40:24 | WARNING  | [DOWNLOAD FAIL] track_id=1179：Deezer 无结果
2026-04-03 13:40:24 | WARNING  | [DOWNLOAD FAIL] track_id=1180：Deezer 无结果
2026-04-03 13:40:24 | WARNING  | [DOWNLOAD FAIL] track_id=1178：Deezer 无结果
2026-04-03 13:40:24 | WARNING  | [DOWNLOAD FAIL] track_id=1177：Deezer 无结果
2026-04-03 13:40:24 | WARNING  | [DOWNLOAD FAIL] track_id=1181：Deezer 无结果
2026-04-03 13:40:24 | WARNING  | [DOWNLOAD FAIL] track_id=1182：Deezer 无结果
2026-04-03 13:40:24 | WARNING  | [DOWNLOAD FAIL] track_id=1184：Deezer 无结果
2026-04-03 13:40:24 | WARNING  | [DOWNLOAD FAIL] track_id=1185：Deezer 无结果
2026-04-03 13:40:24 | WARNING  | [DOWNLOAD FAIL] track_id=1183：Deezer 无结果
2026-04-03 13:40:24 | WARNING  | [DOWNLOAD FAIL] track_id=1186：Deezer 无结果
2026-04-03 13:40:24 | WARNING  | [DOWNLOAD FAIL] track_id=1187：Deezer 无结果
2026-04-03 13:40:24 | WARNING  | [DOWNLOAD FAIL] track_id=1188：Deezer 无结果
2026-04-03 13:40:24 | WARNING  | [DOWNLOAD FAIL] track_id=1189：Deezer 无结果
2026-04-03 13:40:25 | WARNING  | [DOWNLOAD FAIL] track_id=1190：Deezer 无结果
2026-04-03 13:40:25 | WARNING  | [DOWNLOAD FAIL] track_id=1193：Deezer 无结果
2026-04-03 13:40:25 | WARNING  | [DOWNLOAD FAIL] track_id=1192：Deezer 无结果
2026-04-03 13:40:25 | WARNING  | [DOWNLOAD FAIL] track_id=1191：Deezer 无结果
2026-04-03 13:40:25 | WARNING  | [DOWNLOAD FAIL] track_id=1194：Deezer 无结果
2026-04-03 13:40:25 | WARNING  | [DOWNLOAD FAIL] track_id=1195：Deezer 无结果
2026-04-03 13:40:25 | WARNING  | [DOWNLOAD FAIL] track_id=1197：Deezer 无结果
2026-04-03 13:40:25 | WARNING  | [DOWNLOAD FAIL] track_id=1196：Deezer 无结果
2026-04-03 13:40:25 | WARNING  | [DOWNLOAD FAIL] track_id=1198：Deezer 无结果
2026-04-03 13:40:25 | WARNING  | [DOWNLOAD FAIL] track_id=1199：Deezer 无结果
2026-04-03 13:40:25 | WARNING  | [DOWNLOAD FAIL] track_id=1203：Deezer 无结果
2026-04-03 13:40:25 | WARNING  | [DOWNLOAD FAIL] track_id=1202：Deezer 无结果
2026-04-03 13:40:25 | WARNING  | [DOWNLOAD FAIL] track_id=1201：Deezer 无结果
2026-04-03 13:40:25 | WARNING  | [DOWNLOAD FAIL] track_id=1200：Deezer 无结果
2026-04-03 13:40:25 | WARNING  | [DOWNLOAD FAIL] track_id=1204：Deezer 无结果
2026-04-03 13:40:25 | WARNING  | [DOWNLOAD FAIL] track_id=1208：Deezer 无结果
2026-04-03 13:40:26 | WARNING  | [DOWNLOAD FAIL] track_id=1205：Deezer 无结果
2026-04-03 13:40:26 | WARNING  | [DOWNLOAD FAIL] track_id=1206：Deezer 无结果
2026-04-03 13:40:26 | WARNING  | [DOWNLOAD FAIL] track_id=1207：Deezer 无结果
2026-04-03 13:40:26 | WARNING  | [DOWNLOAD FAIL] track_id=1210：Deezer 无结果
2026-04-03 13:40:26 | WARNING  | [DOWNLOAD FAIL] track_id=1209：Deezer 无结果
2026-04-03 13:40:26 | WARNING  | [DOWNLOAD FAIL] track_id=1211：Deezer 无结果
2026-04-03 13:40:26 | WARNING  | [DOWNLOAD FAIL] track_id=1213：Deezer 无结果
2026-04-03 13:40:26 | WARNING  | [DOWNLOAD FAIL] track_id=1214：Deezer 无结果
2026-04-03 13:40:26 | WARNING  | [DOWNLOAD FAIL] track_id=1215：Deezer 无结果
2026-04-03 13:40:26 | WARNING  | [DOWNLOAD FAIL] track_id=1217：Deezer 无结果
2026-04-03 13:40:26 | WARNING  | [DOWNLOAD FAIL] track_id=1218：Deezer 无结果
2026-04-03 13:40:26 | WARNING  | [DOWNLOAD FAIL] track_id=1220：Deezer 无结果
2026-04-03 13:40:26 | WARNING  | [DOWNLOAD FAIL] track_id=1219：Deezer 无结果
2026-04-03 13:40:26 | WARNING  | [DOWNLOAD FAIL] track_id=1221：Deezer 无结果
2026-04-03 13:40:26 | WARNING  | [DOWNLOAD FAIL] track_id=1222：Deezer 无结果
2026-04-03 13:40:27 | WARNING  | [DOWNLOAD FAIL] track_id=1224：Deezer 无结果
2026-04-03 13:40:27 | WARNING  | [DOWNLOAD FAIL] track_id=1223：Deezer 无结果
2026-04-03 13:40:27 | WARNING  | [DOWNLOAD FAIL] track_id=1225：Deezer 无结果
2026-04-03 13:40:27 | WARNING  | [DOWNLOAD FAIL] track_id=1228：Deezer 无结果
2026-04-03 13:40:27 | WARNING  | [DOWNLOAD FAIL] track_id=1227：Deezer 无结果
2026-04-03 13:40:27 | WARNING  | [DOWNLOAD FAIL] track_id=1226：Deezer 无结果
2026-04-03 13:40:27 | WARNING  | [DOWNLOAD FAIL] track_id=1229：Deezer 无结果
2026-04-03 13:40:27 | WARNING  | [DOWNLOAD FAIL] track_id=1231：Deezer 无结果
2026-04-03 13:40:27 | WARNING  | [DOWNLOAD FAIL] track_id=1232：Deezer 无结果
2026-04-03 13:40:27 | WARNING  | [DOWNLOAD FAIL] track_id=1230：Deezer 无结果
2026-04-03 13:40:27 | WARNING  | [DOWNLOAD FAIL] track_id=1233：Deezer 无结果
2026-04-03 13:40:27 | WARNING  | [DOWNLOAD FAIL] track_id=1234：Deezer 无结果
2026-04-03 13:40:28 | WARNING  | [DOWNLOAD FAIL] track_id=1238：Deezer 无结果
2026-04-03 13:40:28 | WARNING  | [DOWNLOAD FAIL] track_id=1235：Deezer 无结果
2026-04-03 13:40:28 | WARNING  | [DOWNLOAD FAIL] track_id=1237：Deezer 无结果
2026-04-03 13:40:28 | WARNING  | [DOWNLOAD FAIL] track_id=1239：Deezer 无结果
2026-04-03 13:40:28 | WARNING  | [DOWNLOAD FAIL] track_id=1240：Deezer 无结果
2026-04-03 13:40:28 | WARNING  | [DOWNLOAD FAIL] track_id=1241：Deezer 无结果
2026-04-03 13:40:28 | WARNING  | [DOWNLOAD FAIL] track_id=1242：Deezer 无结果
2026-04-03 13:40:28 | WARNING  | [DOWNLOAD FAIL] track_id=1243：Deezer 无结果
2026-04-03 13:40:28 | WARNING  | [DOWNLOAD FAIL] track_id=1244：Deezer 无结果
2026-04-03 13:40:28 | WARNING  | [DOWNLOAD FAIL] track_id=1247：Deezer 无结果
2026-04-03 13:40:28 | WARNING  | [DOWNLOAD FAIL] track_id=1245：Deezer 无结果
2026-04-03 13:40:28 | WARNING  | [DOWNLOAD FAIL] track_id=1246：Deezer 无结果
2026-04-03 13:40:28 | WARNING  | [DOWNLOAD FAIL] track_id=1248：Deezer 无结果
2026-04-03 13:40:28 | WARNING  | [DOWNLOAD FAIL] track_id=1249：Deezer 无结果
2026-04-03 13:40:28 | WARNING  | [DOWNLOAD FAIL] track_id=1251：Deezer 无结果
2026-04-03 13:40:28 | WARNING  | [DOWNLOAD FAIL] track_id=1252：Deezer 无结果
2026-04-03 13:40:28 | WARNING  | [DOWNLOAD FAIL] track_id=1250：Deezer 无结果
2026-04-03 13:40:28 | WARNING  | [DOWNLOAD FAIL] track_id=1254：Deezer 无结果
2026-04-03 13:40:28 | WARNING  | [DOWNLOAD FAIL] track_id=1253：Deezer 无结果
2026-04-03 13:40:28 | WARNING  | [DOWNLOAD FAIL] track_id=1255：Deezer 无结果
2026-04-03 13:40:28 | WARNING  | [DOWNLOAD FAIL] track_id=1256：Deezer 无结果
2026-04-03 13:40:29 | WARNING  | [DOWNLOAD FAIL] track_id=1257：Deezer 无结果
2026-04-03 13:40:29 | WARNING  | [DOWNLOAD FAIL] track_id=1258：Deezer 无结果
2026-04-03 13:40:29 | WARNING  | [DOWNLOAD FAIL] track_id=1260：Deezer 无结果
2026-04-03 13:40:29 | WARNING  | [DOWNLOAD FAIL] track_id=1261：Deezer 无结果
2026-04-03 13:40:29 | WARNING  | [DOWNLOAD FAIL] track_id=1259：Deezer 无结果
2026-04-03 13:40:29 | WARNING  | [DOWNLOAD FAIL] track_id=1262：Deezer 无结果
2026-04-03 13:40:29 | WARNING  | [DOWNLOAD FAIL] track_id=1264：Deezer 无结果
2026-04-03 13:40:29 | WARNING  | [DOWNLOAD FAIL] track_id=1263：Deezer 无结果
2026-04-03 13:40:29 | WARNING  | [DOWNLOAD FAIL] track_id=1265：Deezer 无结果
2026-04-03 13:40:29 | WARNING  | [DOWNLOAD FAIL] track_id=1266：Deezer 无结果
2026-04-03 13:40:29 | WARNING  | [DOWNLOAD FAIL] track_id=1267：Deezer 无结果
2026-04-03 13:40:29 | WARNING  | [DOWNLOAD FAIL] track_id=1269：Deezer 无结果
2026-04-03 13:40:29 | WARNING  | [DOWNLOAD FAIL] track_id=1268：Deezer 无结果
2026-04-03 13:40:29 | WARNING  | [DOWNLOAD FAIL] track_id=1270：Deezer 无结果
2026-04-03 13:40:29 | WARNING  | [DOWNLOAD FAIL] track_id=1272：Deezer 无结果
2026-04-03 13:40:29 | WARNING  | [DOWNLOAD FAIL] track_id=1271：Deezer 无结果
2026-04-03 13:40:29 | WARNING  | [DOWNLOAD FAIL] track_id=1273：Deezer 无结果
2026-04-03 13:40:29 | WARNING  | [DOWNLOAD FAIL] track_id=1275：Deezer 无结果
2026-04-03 13:40:29 | WARNING  | [DOWNLOAD FAIL] track_id=1274：Deezer 无结果
2026-04-03 13:40:29 | WARNING  | [DOWNLOAD FAIL] track_id=1276：Deezer 无结果
2026-04-03 13:40:29 | WARNING  | [DOWNLOAD FAIL] track_id=1277：Deezer 无结果
2026-04-03 13:40:29 | WARNING  | [DOWNLOAD FAIL] track_id=1278：Deezer 无结果
2026-04-03 13:40:29 | WARNING  | [DOWNLOAD FAIL] track_id=1280：Deezer 无结果
2026-04-03 13:40:29 | WARNING  | [DOWNLOAD FAIL] track_id=1279：Deezer 无结果
2026-04-03 13:40:29 | WARNING  | [DOWNLOAD FAIL] track_id=1281：Deezer 无结果
2026-04-03 13:40:29 | WARNING  | [DOWNLOAD FAIL] track_id=1282：Deezer 无结果
2026-04-03 13:40:35 | WARNING  | [DOWNLOAD FAIL] track_id=1312：Deezer 无结果
2026-04-03 13:40:36 | WARNING  | [DOWNLOAD FAIL] track_id=1313：Deezer 无结果
2026-04-03 13:40:36 | WARNING  | [DOWNLOAD FAIL] track_id=1314：Deezer 无结果
2026-04-03 13:40:36 | WARNING  | [DOWNLOAD FAIL] track_id=1315：Deezer 无结果
2026-04-03 13:40:36 | WARNING  | [DOWNLOAD FAIL] track_id=1316：Deezer 无结果
2026-04-03 13:40:36 | WARNING  | [DOWNLOAD FAIL] track_id=1318：Deezer 无结果
2026-04-03 13:40:36 | WARNING  | [DOWNLOAD FAIL] track_id=1319：Deezer 无结果
2026-04-03 13:40:39 | WARNING  | [DOWNLOAD FAIL] track_id=1331：Deezer 无结果
2026-04-03 13:40:39 | WARNING  | [DOWNLOAD FAIL] track_id=1332：Deezer 无结果
2026-04-03 13:40:39 | WARNING  | [DOWNLOAD FAIL] track_id=1333：Deezer 无结果
2026-04-03 13:40:39 | WARNING  | [DOWNLOAD FAIL] track_id=1334：Deezer 无结果
2026-04-03 13:40:39 | WARNING  | [DOWNLOAD FAIL] track_id=1335：Deezer 无结果
2026-04-03 13:40:39 | WARNING  | [DOWNLOAD FAIL] track_id=1336：Deezer 无结果
2026-04-03 13:40:39 | WARNING  | [DOWNLOAD FAIL] track_id=1337：Deezer 无结果
2026-04-03 13:40:39 | WARNING  | [DOWNLOAD FAIL] track_id=1338：Deezer 无结果
2026-04-03 13:40:39 | WARNING  | [DOWNLOAD FAIL] track_id=1339：Deezer 无结果
2026-04-03 13:40:39 | WARNING  | [DOWNLOAD FAIL] track_id=1340：Deezer 无结果
2026-04-03 13:40:39 | WARNING  | [DOWNLOAD FAIL] track_id=1341：Deezer 无结果
2026-04-03 13:40:39 | WARNING  | [DOWNLOAD FAIL] track_id=1342：Deezer 无结果
2026-04-03 13:40:40 | WARNING  | [DOWNLOAD FAIL] track_id=1345：Deezer 无结果
2026-04-03 13:40:40 | WARNING  | [DOWNLOAD FAIL] track_id=1343：Deezer 无结果
2026-04-03 13:40:40 | WARNING  | [DOWNLOAD FAIL] track_id=1344：Deezer 无结果
2026-04-03 13:40:40 | WARNING  | [DOWNLOAD FAIL] track_id=1348：Deezer 无结果
2026-04-03 13:40:40 | WARNING  | [DOWNLOAD FAIL] track_id=1346：Deezer 无结果
2026-04-03 13:40:40 | WARNING  | [DOWNLOAD FAIL] track_id=1347：Deezer 无结果
2026-04-03 13:40:40 | WARNING  | [DOWNLOAD FAIL] track_id=1352：Deezer 无结果
2026-04-03 13:40:40 | WARNING  | [DOWNLOAD FAIL] track_id=1351：Deezer 无结果
2026-04-03 13:40:40 | WARNING  | [DOWNLOAD FAIL] track_id=1353：Deezer 无结果
2026-04-03 13:40:40 | WARNING  | [DOWNLOAD FAIL] track_id=1354：Deezer 无结果
2026-04-03 13:40:40 | WARNING  | [DOWNLOAD FAIL] track_id=1355：Deezer 无结果
2026-04-03 13:40:40 | WARNING  | [DOWNLOAD FAIL] track_id=1357：Deezer 无结果
2026-04-03 13:40:43 | WARNING  | [DOWNLOAD FAIL] track_id=1366：Deezer 无结果
2026-04-03 13:40:43 | WARNING  | [DOWNLOAD FAIL] track_id=1369：Deezer 无结果
2026-04-03 13:40:43 | WARNING  | [DOWNLOAD FAIL] track_id=1373：Deezer 无结果
2026-04-03 13:40:43 | WARNING  | [DOWNLOAD FAIL] track_id=1374：Deezer 无结果
2026-04-03 13:40:43 | WARNING  | [DOWNLOAD FAIL] track_id=1375：Deezer 无结果
2026-04-03 13:40:45 | WARNING  | [DOWNLOAD FAIL] track_id=1384：Deezer 无结果
2026-04-03 13:40:46 | WARNING  | [DOWNLOAD FAIL] track_id=1386：Deezer 无结果
2026-04-03 13:40:46 | WARNING  | [DOWNLOAD FAIL] track_id=1389：Deezer 无结果
2026-04-03 13:40:48 | WARNING  | [DOWNLOAD FAIL] track_id=1397：Deezer 无结果
2026-04-03 13:40:49 | WARNING  | [DOWNLOAD FAIL] track_id=1402：Deezer 无结果
2026-04-03 13:40:49 | WARNING  | [DOWNLOAD FAIL] track_id=1404：Deezer 无结果
2026-04-03 13:40:50 | WARNING  | [DOWNLOAD FAIL] track_id=1408：Deezer 无结果
2026-04-03 13:40:50 | WARNING  | [DOWNLOAD FAIL] track_id=1411：Deezer 无结果
2026-04-03 13:40:52 | WARNING  | [DOWNLOAD FAIL] track_id=1417：Deezer 无结果
2026-04-03 13:40:53 | WARNING  | [DOWNLOAD FAIL] track_id=1426：Deezer 无结果
2026-04-03 13:40:54 | WARNING  | [DOWNLOAD FAIL] track_id=1429：Deezer 无结果
2026-04-03 13:40:55 | WARNING  | [DOWNLOAD FAIL] track_id=1436：Deezer 无结果
2026-04-03 13:40:56 | WARNING  | [DOWNLOAD FAIL] track_id=1439：Deezer 无结果
2026-04-03 13:40:57 | WARNING  | [DOWNLOAD FAIL] track_id=1442：Deezer 无结果
2026-04-03 13:40:58 | WARNING  | [DOWNLOAD FAIL] track_id=1447：Deezer 无结果
2026-04-03 13:40:58 | WARNING  | [DOWNLOAD FAIL] track_id=1448：Deezer 无结果
2026-04-03 13:40:58 | WARNING  | [DOWNLOAD FAIL] track_id=1451：Deezer 无结果
2026-04-03 13:41:01 | WARNING  | [DOWNLOAD FAIL] track_id=1459：Deezer 无结果
2026-04-03 13:41:01 | WARNING  | [DOWNLOAD FAIL] track_id=1460：Deezer 无结果
2026-04-03 13:41:01 | WARNING  | [DOWNLOAD FAIL] track_id=1461：Deezer 无结果
2026-04-03 13:41:01 | WARNING  | [DOWNLOAD FAIL] track_id=1463：Deezer 无结果
2026-04-03 13:41:01 | WARNING  | [DOWNLOAD FAIL] track_id=1466：Deezer 无结果
2026-04-03 13:41:02 | WARNING  | [DOWNLOAD FAIL] track_id=1470：Deezer 无结果
2026-04-03 13:41:02 | WARNING  | [DOWNLOAD FAIL] track_id=1472：Deezer 无结果
2026-04-03 13:41:02 | WARNING  | [DOWNLOAD FAIL] track_id=1471：Deezer 无结果
2026-04-03 13:41:03 | WARNING  | [DOWNLOAD FAIL] track_id=1473：Deezer 无结果
2026-04-03 13:41:03 | WARNING  | [DOWNLOAD FAIL] track_id=1474：Deezer 无结果
2026-04-03 13:41:03 | WARNING  | [DOWNLOAD FAIL] track_id=1475：Deezer 无结果
2026-04-03 13:41:03 | WARNING  | [DOWNLOAD FAIL] track_id=1476：Deezer 无结果
2026-04-03 13:41:03 | WARNING  | [DOWNLOAD FAIL] track_id=1478：Deezer 无结果
2026-04-03 13:41:03 | WARNING  | [DOWNLOAD FAIL] track_id=1477：Deezer 无结果
2026-04-03 13:41:03 | WARNING  | [DOWNLOAD FAIL] track_id=1482：Deezer 无结果
2026-04-03 13:41:03 | WARNING  | [DOWNLOAD FAIL] track_id=1483：Deezer 无结果
2026-04-03 13:41:06 | WARNING  | [DOWNLOAD FAIL] track_id=1494：Deezer 无结果
2026-04-03 13:41:06 | WARNING  | [DOWNLOAD FAIL] track_id=1495：Deezer 无结果
2026-04-03 13:41:06 | WARNING  | [DOWNLOAD FAIL] track_id=1496：Deezer 无结果
2026-04-03 13:41:06 | WARNING  | [DOWNLOAD FAIL] track_id=1497：Deezer 无结果
2026-04-03 13:41:07 | WARNING  | [DOWNLOAD FAIL] track_id=1499：Deezer 无结果
2026-04-03 13:41:07 | WARNING  | [DOWNLOAD FAIL] track_id=1500：Deezer 无结果
2026-04-03 13:41:07 | WARNING  | [DOWNLOAD FAIL] track_id=1498：Deezer 无结果
2026-04-03 13:41:07 | WARNING  | [DOWNLOAD FAIL] track_id=1501：Deezer 无结果
2026-04-03 13:41:07 | WARNING  | [DOWNLOAD FAIL] track_id=1502：Deezer 无结果
2026-04-03 13:41:07 | WARNING  | [DOWNLOAD FAIL] track_id=1503：Deezer 无结果
2026-04-03 13:41:07 | WARNING  | [DOWNLOAD FAIL] track_id=1504：Deezer 无结果
2026-04-03 13:41:07 | WARNING  | [DOWNLOAD FAIL] track_id=1505：Deezer 无结果
2026-04-03 13:41:07 | WARNING  | [DOWNLOAD FAIL] track_id=1509：Deezer 无结果
2026-04-03 13:41:08 | INFO     | [DOWNLOAD] 成功 184/500，失败 316 条：[1014, 1015, 1016, 1017, 1018, 1020, 1021, 1019, 1022, 1023]...
2026-04-03 13:41:54 | INFO     | [EMBED] 成功 184/184，失败 0 条
2026-04-03 13:41:54 | INFO     | [EMBED SAVE] 追加 184 条，矩阵总行数 297，文件大小 0.00 GB
2026-04-03 13:41:56 | INFO     | === 批次 0002 完成，耗时 106.6s，预计剩余时间 267.6h ===
