2026-04-03 13:54:56 | INFO     | === 批次 0008 开始，共 500 首 ===
2026-04-03 13:54:56 | WARNING  | [DOWNLOAD FAIL] track_id=4010：Deezer 无结果
2026-04-03 13:54:56 | WARNING  | [DOWNLOAD FAIL] track_id=4013：Deezer 无结果
2026-04-03 13:54:56 | WARNING  | [DOWNLOAD FAIL] track_id=4011：Deezer 无结果
2026-04-03 13:54:56 | WARNING  | [DOWNLOAD FAIL] track_id=4014：Deezer 无结果
2026-04-03 13:54:56 | WARNING  | [DOWNLOAD FAIL] track_id=4012：Deezer 无结果
2026-04-03 13:54:56 | WARNING  | [DOWNLOAD FAIL] track_id=4016：Deezer 无结果
2026-04-03 13:54:56 | WARNING  | [DOWNLOAD FAIL] track_id=4017：Deezer 无结果
2026-04-03 13:54:57 | WARNING  | [DOWNLOAD FAIL] track_id=4019：Deezer 无结果
2026-04-03 13:54:57 | WARNING  | [DOWNLOAD FAIL] track_id=4020：Deezer 无结果
2026-04-03 13:54:57 | WARNING  | [DOWNLOAD FAIL] track_id=4022：Deezer 无结果
2026-04-03 13:54:57 | WARNING  | [DOWNLOAD FAIL] track_id=4023：Deezer 无结果
2026-04-03 13:54:57 | WARNING  | [DOWNLOAD FAIL] track_id=4024：Deezer 无结果
2026-04-03 13:54:57 | WARNING  | [DOWNLOAD FAIL] track_id=4025：Deezer 无结果
2026-04-03 13:54:57 | WARNING  | [DOWNLOAD FAIL] track_id=4026：Deezer 无结果
2026-04-03 13:54:57 | WARNING  | [DOWNLOAD FAIL] track_id=4027：Deezer 无结果
2026-04-03 13:54:57 | WARNING  | [DOWNLOAD FAIL] track_id=4028：Deezer 无结果
2026-04-03 13:54:58 | WARNING  | [DOWNLOAD FAIL] track_id=4029：Deezer 无结果
2026-04-03 13:54:58 | WARNING  | [DOWNLOAD FAIL] track_id=4030：Deezer 无结果
2026-04-03 13:54:58 | WARNING  | [DOWNLOAD FAIL] track_id=4032：Deezer 无结果
2026-04-03 13:54:58 | WARNING  | [DOWNLOAD FAIL] track_id=4033：Deezer 无结果
2026-04-03 13:54:58 | WARNING  | [DOWNLOAD FAIL] track_id=4034：Deezer 无结果
2026-04-03 13:54:58 | WARNING  | [DOWNLOAD FAIL] track_id=4037：Deezer 无结果
2026-04-03 13:54:58 | WARNING  | [DOWNLOAD FAIL] track_id=4036：Deezer 无结果
2026-04-03 13:54:58 | WARNING  | [DOWNLOAD FAIL] track_id=4035：Deezer 无结果
2026-04-03 13:54:58 | WARNING  | [DOWNLOAD FAIL] track_id=4038：Deezer 无结果
2026-04-03 13:54:58 | WARNING  | [DOWNLOAD FAIL] track_id=4039：Deezer 无结果
2026-04-03 13:54:58 | WARNING  | [DOWNLOAD FAIL] track_id=4041：Deezer 无结果
2026-04-03 13:54:58 | WARNING  | [DOWNLOAD FAIL] track_id=4042：Deezer 无结果
2026-04-03 13:54:58 | WARNING  | [DOWNLOAD FAIL] track_id=4040：Deezer 无结果
2026-04-03 13:54:59 | WARNING  | [DOWNLOAD FAIL] track_id=4044：Deezer 无结果
2026-04-03 13:54:59 | WARNING  | [DOWNLOAD FAIL] track_id=4045：Deezer 无结果
2026-04-03 13:54:59 | WARNING  | [DOWNLOAD FAIL] track_id=4046：Deezer 无结果
2026-04-03 13:54:59 | WARNING  | [DOWNLOAD FAIL] track_id=4047：Deezer 无结果
2026-04-03 13:54:59 | WARNING  | [DOWNLOAD FAIL] track_id=4049：Deezer 无结果
2026-04-03 13:54:59 | WARNING  | [DOWNLOAD FAIL] track_id=4048：Deezer 无结果
2026-04-03 13:54:59 | WARNING  | [DOWNLOAD FAIL] track_id=4051：Deezer 无结果
2026-04-03 13:54:59 | WARNING  | [DOWNLOAD FAIL] track_id=4052：Deezer 无结果
2026-04-03 13:54:59 | WARNING  | [DOWNLOAD FAIL] track_id=4054：Deezer 无结果
2026-04-03 13:54:59 | WARNING  | [DOWNLOAD FAIL] track_id=4055：Deezer 无结果
2026-04-03 13:55:00 | WARNING  | [DOWNLOAD FAIL] track_id=4057：Deezer 无结果
2026-04-03 13:55:00 | WARNING  | [DOWNLOAD FAIL] track_id=4058：Deezer 无结果
2026-04-03 13:55:00 | WARNING  | [DOWNLOAD FAIL] track_id=4060：Deezer 无结果
2026-04-03 13:55:00 | WARNING  | [DOWNLOAD FAIL] track_id=4059：Deezer 无结果
2026-04-03 13:55:00 | WARNING  | [DOWNLOAD FAIL] track_id=4061：Deezer 无结果
2026-04-03 13:55:00 | WARNING  | [DOWNLOAD FAIL] track_id=4062：Deezer 无结果
2026-04-03 13:55:00 | WARNING  | [DOWNLOAD FAIL] track_id=4063：Deezer 无结果
2026-04-03 13:55:00 | WARNING  | [DOWNLOAD FAIL] track_id=4065：Deezer 无结果
2026-04-03 13:55:00 | WARNING  | [DOWNLOAD FAIL] track_id=4064：Deezer 无结果
2026-04-03 13:55:00 | WARNING  | [DOWNLOAD FAIL] track_id=4067：Deezer 无结果
2026-04-03 13:55:00 | WARNING  | [DOWNLOAD FAIL] track_id=4069：Deezer 无结果
2026-04-03 13:55:00 | WARNING  | [DOWNLOAD FAIL] track_id=4068：Deezer 无结果
2026-04-03 13:55:00 | WARNING  | [DOWNLOAD FAIL] track_id=4066：Deezer 无结果
2026-04-03 13:55:01 | WARNING  | [DOWNLOAD FAIL] track_id=4071：Deezer 无结果
2026-04-03 13:55:01 | WARNING  | [DOWNLOAD FAIL] track_id=4073：Deezer 无结果
2026-04-03 13:55:01 | WARNING  | [DOWNLOAD FAIL] track_id=4072：Deezer 无结果
2026-04-03 13:55:01 | WARNING  | [DOWNLOAD FAIL] track_id=4074：Deezer 无结果
2026-04-03 13:55:01 | WARNING  | [DOWNLOAD FAIL] track_id=4070：Deezer 无结果
2026-04-03 13:55:03 | WARNING  | [DOWNLOAD FAIL] track_id=4086：Deezer 无结果
2026-04-03 13:55:04 | WARNING  | [DOWNLOAD FAIL] track_id=4088：Deezer 无结果
2026-04-03 13:55:04 | WARNING  | [DOWNLOAD FAIL] track_id=4091：Deezer 无结果
2026-04-03 13:55:04 | WARNING  | [DOWNLOAD FAIL] track_id=4092：Deezer 无结果
2026-04-03 13:55:04 | WARNING  | [DOWNLOAD FAIL] track_id=4093：Deezer 无结果
2026-04-03 13:55:04 | WARNING  | [DOWNLOAD FAIL] track_id=4094：Deezer 无结果
2026-04-03 13:55:05 | WARNING  | [DOWNLOAD FAIL] track_id=4102：Deezer 无结果
2026-04-03 13:55:06 | WARNING  | [DOWNLOAD FAIL] track_id=4103：Deezer 无结果
2026-04-03 13:55:07 | WARNING  | [DOWNLOAD FAIL] track_id=4109：Deezer 无结果
2026-04-03 13:55:13 | WARNING  | [DOWNLOAD FAIL] track_id=4139：Deezer 无结果
2026-04-03 13:55:14 | WARNING  | [DOWNLOAD FAIL] track_id=4144：Deezer 无结果
2026-04-03 13:55:17 | WARNING  | [DOWNLOAD FAIL] track_id=4162：Deezer 无结果
2026-04-03 13:55:20 | WARNING  | [DOWNLOAD FAIL] track_id=4174：Deezer 无结果
2026-04-03 13:55:21 | WARNING  | [DOWNLOAD FAIL] track_id=4178：Deezer 无结果
2026-04-03 13:55:21 | WARNING  | [DOWNLOAD FAIL] track_id=4180：Deezer 无结果
2026-04-03 13:55:22 | WARNING  | [DOWNLOAD FAIL] track_id=4187：Deezer 无结果
2026-04-03 13:55:23 | WARNING  | [DOWNLOAD FAIL] track_id=4188：Deezer 无结果
2026-04-03 13:55:23 | WARNING  | [DOWNLOAD FAIL] track_id=4189：Deezer 无结果
2026-04-03 13:55:23 | WARNING  | [DOWNLOAD FAIL] track_id=4190：Deezer 无结果
2026-04-03 13:55:23 | WARNING  | [DOWNLOAD FAIL] track_id=4193：Deezer 无结果
2026-04-03 13:55:23 | WARNING  | [DOWNLOAD FAIL] track_id=4194：Deezer 无结果
2026-04-03 13:55:23 | WARNING  | [DOWNLOAD FAIL] track_id=4195：Deezer 无结果
2026-04-03 13:55:23 | WARNING  | [DOWNLOAD FAIL] track_id=4196：Deezer 无结果
2026-04-03 13:55:24 | WARNING  | [DOWNLOAD FAIL] track_id=4199：Deezer 无结果
2026-04-03 13:55:25 | WARNING  | [DOWNLOAD FAIL] track_id=4207：Deezer 无结果
2026-04-03 13:55:25 | WARNING  | [DOWNLOAD FAIL] track_id=4208：Deezer 无结果
2026-04-03 13:55:26 | WARNING  | [DOWNLOAD FAIL] track_id=4209：Deezer 无结果
2026-04-03 13:55:26 | WARNING  | [DOWNLOAD FAIL] track_id=4211：Deezer 无结果
2026-04-03 13:55:26 | WARNING  | [DOWNLOAD FAIL] track_id=4212：Deezer 无结果
2026-04-03 13:55:26 | WARNING  | [DOWNLOAD FAIL] track_id=4213：Deezer 无结果
2026-04-03 13:55:26 | WARNING  | [DOWNLOAD FAIL] track_id=4214：Deezer 无结果
2026-04-03 13:55:26 | WARNING  | [DOWNLOAD FAIL] track_id=4215：Deezer 无结果
2026-04-03 13:55:27 | WARNING  | [DOWNLOAD FAIL] track_id=4222：Deezer 无结果
2026-04-03 13:55:28 | WARNING  | [DOWNLOAD FAIL] track_id=4227：Deezer 无结果
2026-04-03 13:55:31 | WARNING  | [DOWNLOAD FAIL] track_id=4241：Deezer 无结果
2026-04-03 13:55:31 | WARNING  | [DOWNLOAD FAIL] track_id=4242：Deezer 无结果
2026-04-03 13:55:32 | WARNING  | [DOWNLOAD FAIL] track_id=4250：Deezer 无结果
2026-04-03 13:55:32 | WARNING  | [DOWNLOAD FAIL] track_id=4252：Deezer 无结果
2026-04-03 13:55:32 | WARNING  | [DOWNLOAD FAIL] track_id=4253：Deezer 无结果
2026-04-03 13:55:32 | WARNING  | [DOWNLOAD FAIL] track_id=4254：Deezer 无结果
2026-04-03 13:55:32 | WARNING  | [DOWNLOAD FAIL] track_id=4257：Deezer 无结果
2026-04-03 13:55:33 | WARNING  | [DOWNLOAD FAIL] track_id=4258：Deezer 无结果
2026-04-03 13:55:33 | WARNING  | [DOWNLOAD FAIL] track_id=4261：Deezer 无结果
2026-04-03 13:55:36 | WARNING  | [DOWNLOAD FAIL] track_id=4273：Deezer 无结果
2026-04-03 13:55:36 | WARNING  | [DOWNLOAD FAIL] track_id=4275：Deezer 无结果
2026-04-03 13:55:36 | WARNING  | [DOWNLOAD FAIL] track_id=4276：Deezer 无结果
2026-04-03 13:55:37 | WARNING  | [DOWNLOAD FAIL] track_id=4277：Deezer 无结果
2026-04-03 13:55:37 | WARNING  | [DOWNLOAD FAIL] track_id=4279：Deezer 无结果
2026-04-03 13:55:38 | WARNING  | [DOWNLOAD FAIL] track_id=4286：Deezer 无结果
2026-04-03 13:55:39 | WARNING  | [DOWNLOAD FAIL] track_id=4290：Deezer 无结果
2026-04-03 13:55:39 | WARNING  | [DOWNLOAD FAIL] track_id=4291：Deezer 无结果
2026-04-03 13:55:39 | WARNING  | [DOWNLOAD FAIL] track_id=4292：Deezer 无结果
2026-04-03 13:55:39 | WARNING  | [DOWNLOAD FAIL] track_id=4293：Deezer 无结果
2026-04-03 13:55:39 | WARNING  | [DOWNLOAD FAIL] track_id=4294：Deezer 无结果
2026-04-03 13:55:39 | WARNING  | [DOWNLOAD FAIL] track_id=4295：Deezer 无结果
2026-04-03 13:55:40 | WARNING  | [DOWNLOAD FAIL] track_id=4296：Deezer 无结果
2026-04-03 13:55:40 | WARNING  | [DOWNLOAD FAIL] track_id=4297：Deezer 无结果
2026-04-03 13:55:40 | WARNING  | [DOWNLOAD FAIL] track_id=4298：Deezer 无结果
2026-04-03 13:55:40 | WARNING  | [DOWNLOAD FAIL] track_id=4299：Deezer 无结果
2026-04-03 13:55:40 | WARNING  | [DOWNLOAD FAIL] track_id=4301：Deezer 无结果
2026-04-03 13:55:40 | WARNING  | [DOWNLOAD FAIL] track_id=4303：Deezer 无结果
2026-04-03 13:55:40 | WARNING  | [DOWNLOAD FAIL] track_id=4302：Deezer 无结果
2026-04-03 13:55:40 | WARNING  | [DOWNLOAD FAIL] track_id=4304：Deezer 无结果
2026-04-03 13:55:40 | WARNING  | [DOWNLOAD FAIL] track_id=4305：Deezer 无结果
2026-04-03 13:55:40 | WARNING  | [DOWNLOAD FAIL] track_id=4306：Deezer 无结果
2026-04-03 13:55:40 | WARNING  | [DOWNLOAD FAIL] track_id=4307：Deezer 无结果
2026-04-03 13:55:40 | WARNING  | [DOWNLOAD FAIL] track_id=4308：Deezer 无结果
2026-04-03 13:55:41 | WARNING  | [DOWNLOAD FAIL] track_id=4313：Deezer 无结果
2026-04-03 13:55:42 | WARNING  | [DOWNLOAD FAIL] track_id=4318：Deezer 无结果
2026-04-03 13:55:42 | WARNING  | [DOWNLOAD FAIL] track_id=4319：Deezer 无结果
2026-04-03 13:55:43 | WARNING  | [DOWNLOAD FAIL] track_id=4325：Deezer 无结果
2026-04-03 13:55:43 | WARNING  | [DOWNLOAD FAIL] track_id=4326：Deezer 无结果
2026-04-03 13:55:44 | WARNING  | [DOWNLOAD FAIL] track_id=4331：Deezer 无结果
2026-04-03 13:55:50 | WARNING  | [DOWNLOAD FAIL] track_id=4356：Deezer 无结果
2026-04-03 13:55:50 | WARNING  | [DOWNLOAD FAIL] track_id=4357：Deezer 无结果
2026-04-03 13:55:51 | WARNING  | [DOWNLOAD FAIL] track_id=4363：Deezer 无结果
2026-04-03 13:55:53 | WARNING  | [DOWNLOAD FAIL] track_id=4373：Deezer 无结果
2026-04-03 13:55:54 | WARNING  | [DOWNLOAD FAIL] track_id=4377：Deezer 无结果
2026-04-03 13:55:54 | WARNING  | [DOWNLOAD FAIL] track_id=4378：Deezer 无结果
2026-04-03 13:55:54 | WARNING  | [DOWNLOAD FAIL] track_id=4379：Deezer 无结果
2026-04-03 13:55:55 | WARNING  | [DOWNLOAD FAIL] track_id=4382：Deezer 无结果
2026-04-03 13:55:58 | WARNING  | [DOWNLOAD FAIL] track_id=4407：Deezer 无结果
2026-04-03 13:55:58 | WARNING  | [DOWNLOAD FAIL] track_id=4408：Deezer 无结果
2026-04-03 13:55:58 | WARNING  | [DOWNLOAD FAIL] track_id=4409：Deezer 无结果
2026-04-03 13:55:58 | WARNING  | [DOWNLOAD FAIL] track_id=4410：Deezer 无结果
2026-04-03 13:55:59 | WARNING  | [DOWNLOAD FAIL] track_id=4414：Deezer 无结果
2026-04-03 13:56:00 | WARNING  | [DOWNLOAD FAIL] track_id=4415：Deezer 无结果
2026-04-03 13:56:01 | WARNING  | [DOWNLOAD FAIL] track_id=4422：Deezer 无结果
2026-04-03 13:56:01 | WARNING  | [DOWNLOAD FAIL] track_id=4423：Deezer 无结果
2026-04-03 13:56:01 | WARNING  | [DOWNLOAD FAIL] track_id=4426：Deezer 无结果
2026-04-03 13:56:01 | WARNING  | [DOWNLOAD FAIL] track_id=4425：Deezer 无结果
2026-04-03 13:56:03 | WARNING  | [DOWNLOAD FAIL] track_id=4436：Deezer 无结果
2026-04-03 13:56:06 | WARNING  | [DOWNLOAD FAIL] track_id=4447：Deezer 无结果
2026-04-03 13:56:06 | WARNING  | [DOWNLOAD FAIL] track_id=4448：Deezer 无结果
2026-04-03 13:56:07 | WARNING  | [DOWNLOAD FAIL] track_id=4450：Deezer 无结果
2026-04-03 13:56:07 | WARNING  | [DOWNLOAD FAIL] track_id=4449：Deezer 无结果
2026-04-03 13:56:07 | WARNING  | [DOWNLOAD FAIL] track_id=4452：Deezer 无结果
2026-04-03 13:56:07 | WARNING  | [DOWNLOAD FAIL] track_id=4451：Deezer 无结果
2026-04-03 13:56:07 | WARNING  | [DOWNLOAD FAIL] track_id=4453：Deezer 无结果
2026-04-03 13:56:07 | WARNING  | [DOWNLOAD FAIL] track_id=4454：Deezer 无结果
2026-04-03 13:56:07 | WARNING  | [DOWNLOAD FAIL] track_id=4455：Deezer 无结果
2026-04-03 13:56:07 | WARNING  | [DOWNLOAD FAIL] track_id=4458：Deezer 无结果
2026-04-03 13:56:07 | WARNING  | [DOWNLOAD FAIL] track_id=4457：Deezer 无结果
2026-04-03 13:56:07 | WARNING  | [DOWNLOAD FAIL] track_id=4459：Deezer 无结果
2026-04-03 13:56:07 | WARNING  | [DOWNLOAD FAIL] track_id=4460：Deezer 无结果
2026-04-03 13:56:07 | WARNING  | [DOWNLOAD FAIL] track_id=4456：Deezer 无结果
2026-04-03 13:56:07 | WARNING  | [DOWNLOAD FAIL] track_id=4463：Deezer 无结果
2026-04-03 13:56:07 | WARNING  | [DOWNLOAD FAIL] track_id=4465：Deezer 无结果
2026-04-03 13:56:07 | WARNING  | [DOWNLOAD FAIL] track_id=4461：Deezer 无结果
2026-04-03 13:56:08 | WARNING  | [DOWNLOAD FAIL] track_id=4466：Deezer 无结果
2026-04-03 13:56:08 | WARNING  | [DOWNLOAD FAIL] track_id=4468：Deezer 无结果
2026-04-03 13:56:08 | WARNING  | [DOWNLOAD FAIL] track_id=4467：Deezer 无结果
2026-04-03 13:56:08 | WARNING  | [DOWNLOAD FAIL] track_id=4469：Deezer 无结果
2026-04-03 13:56:08 | WARNING  | [DOWNLOAD FAIL] track_id=4470：Deezer 无结果
2026-04-03 13:56:08 | WARNING  | [DOWNLOAD FAIL] track_id=4471：Deezer 无结果
2026-04-03 13:56:08 | WARNING  | [DOWNLOAD FAIL] track_id=4473：Deezer 无结果
2026-04-03 13:56:08 | WARNING  | [DOWNLOAD FAIL] track_id=4474：Deezer 无结果
2026-04-03 13:56:08 | WARNING  | [DOWNLOAD FAIL] track_id=4472：Deezer 无结果
2026-04-03 13:56:08 | WARNING  | [DOWNLOAD FAIL] track_id=4475：Deezer 无结果
2026-04-03 13:56:08 | WARNING  | [DOWNLOAD FAIL] track_id=4477：Deezer 无结果
2026-04-03 13:56:08 | WARNING  | [DOWNLOAD FAIL] track_id=4476：Deezer 无结果
2026-04-03 13:56:08 | WARNING  | [DOWNLOAD FAIL] track_id=4478：Deezer 无结果
2026-04-03 13:56:09 | WARNING  | [DOWNLOAD FAIL] track_id=4480：Deezer 无结果
2026-04-03 13:56:09 | WARNING  | [DOWNLOAD FAIL] track_id=4482：Deezer 无结果
2026-04-03 13:56:09 | WARNING  | [DOWNLOAD FAIL] track_id=4481：Deezer 无结果
2026-04-03 13:56:09 | WARNING  | [DOWNLOAD FAIL] track_id=4484：Deezer 无结果
2026-04-03 13:56:14 | WARNING  | [DOWNLOAD FAIL] track_id=4506：Deezer 无结果
2026-04-03 13:56:14 | WARNING  | [DOWNLOAD FAIL] track_id=4507：Deezer 无结果
2026-04-03 13:56:15 | INFO     | [DOWNLOAD] 成功 315/500，失败 185 条：[4010, 4013, 4011, 4014, 4012, 4016, 4017, 4019, 4020, 4022]...
2026-04-03 13:57:34 | INFO     | [EMBED] 成功 315/315，失败 0 条
2026-04-03 13:57:34 | INFO     | [EMBED SAVE] 追加 315 条，矩阵总行数 2,089，文件大小 0.02 GB
2026-04-03 13:57:36 | INFO     | === 批次 0008 完成，耗时 160.3s，预计剩余时间 402.0h ===
