2026-04-03 13:57:36 | INFO     | === 批次 0009 开始，共 500 首 ===
2026-04-03 13:57:36 | WARNING  | [DOWNLOAD FAIL] track_id=4514：Deezer 无结果
2026-04-03 13:57:36 | WARNING  | [DOWNLOAD FAIL] track_id=4512：Deezer 无结果
2026-04-03 13:57:36 | WARNING  | [DOWNLOAD FAIL] track_id=4513：Deezer 无结果
2026-04-03 13:57:36 | WARNING  | [DOWNLOAD FAIL] track_id=4510：Deezer 无结果
2026-04-03 13:57:37 | WARNING  | [DOWNLOAD FAIL] track_id=4511：Deezer 无结果
2026-04-03 13:57:37 | WARNING  | [DOWNLOAD FAIL] track_id=4515：Deezer 无结果
2026-04-03 13:57:37 | WARNING  | [DOWNLOAD FAIL] track_id=4517：Deezer 无结果
2026-04-03 13:57:37 | WARNING  | [DOWNLOAD FAIL] track_id=4519：Deezer 无结果
2026-04-03 13:57:37 | WARNING  | [DOWNLOAD FAIL] track_id=4518：Deezer 无结果
2026-04-03 13:57:37 | WARNING  | [DOWNLOAD FAIL] track_id=4520：Deezer 无结果
2026-04-03 13:57:37 | WARNING  | [DOWNLOAD FAIL] track_id=4521：Deezer 无结果
2026-04-03 13:57:37 | WARNING  | [DOWNLOAD FAIL] track_id=4522：Deezer 无结果
2026-04-03 13:57:37 | WARNING  | [DOWNLOAD FAIL] track_id=4524：Deezer 无结果
2026-04-03 13:57:37 | WARNING  | [DOWNLOAD FAIL] track_id=4523：Deezer 无结果
2026-04-03 13:57:37 | WARNING  | [DOWNLOAD FAIL] track_id=4525：Deezer 无结果
2026-04-03 13:57:38 | WARNING  | [DOWNLOAD FAIL] track_id=4529：Deezer 无结果
2026-04-03 13:57:38 | WARNING  | [DOWNLOAD FAIL] track_id=4530：Deezer 无结果
2026-04-03 13:57:38 | WARNING  | [DOWNLOAD FAIL] track_id=4531：Deezer 无结果
2026-04-03 13:57:38 | WARNING  | [DOWNLOAD FAIL] track_id=4532：Deezer 无结果
2026-04-03 13:57:38 | WARNING  | [DOWNLOAD FAIL] track_id=4533：Deezer 无结果
2026-04-03 13:57:38 | WARNING  | [DOWNLOAD FAIL] track_id=4534：Deezer 无结果
2026-04-03 13:57:40 | WARNING  | [DOWNLOAD FAIL] track_id=4543：Deezer 无结果
2026-04-03 13:57:40 | WARNING  | [DOWNLOAD FAIL] track_id=4544：Deezer 无结果
2026-04-03 13:57:40 | WARNING  | [DOWNLOAD FAIL] track_id=4545：Deezer 无结果
2026-04-03 13:57:40 | WARNING  | [DOWNLOAD FAIL] track_id=4547：Deezer 无结果
2026-04-03 13:57:41 | WARNING  | [DOWNLOAD FAIL] track_id=4549：Deezer 无结果
2026-04-03 13:57:41 | WARNING  | [DOWNLOAD FAIL] track_id=4548：Deezer 无结果
2026-04-03 13:57:41 | WARNING  | [DOWNLOAD FAIL] track_id=4551：Deezer 无结果
2026-04-03 13:57:41 | WARNING  | [DOWNLOAD FAIL] track_id=4552：Deezer 无结果
2026-04-03 13:57:41 | WARNING  | [DOWNLOAD FAIL] track_id=4553：Deezer 无结果
2026-04-03 13:57:41 | WARNING  | [DOWNLOAD FAIL] track_id=4554：Deezer 无结果
2026-04-03 13:57:41 | WARNING  | [DOWNLOAD FAIL] track_id=4556：Deezer 无结果
2026-04-03 13:57:42 | WARNING  | [DOWNLOAD FAIL] track_id=4558：Deezer 无结果
2026-04-03 13:57:42 | WARNING  | [DOWNLOAD FAIL] track_id=4559：Deezer 无结果
2026-04-03 13:57:42 | WARNING  | [DOWNLOAD FAIL] track_id=4560：Deezer 无结果
2026-04-03 13:57:42 | WARNING  | [DOWNLOAD FAIL] track_id=4561：Deezer 无结果
2026-04-03 13:57:42 | WARNING  | [DOWNLOAD FAIL] track_id=4563：Deezer 无结果
2026-04-03 13:57:42 | WARNING  | [DOWNLOAD FAIL] track_id=4562：Deezer 无结果
2026-04-03 13:57:42 | WARNING  | [DOWNLOAD FAIL] track_id=4567：Deezer 无结果
2026-04-03 13:57:43 | WARNING  | [DOWNLOAD FAIL] track_id=4569：Deezer 无结果
2026-04-03 13:57:43 | WARNING  | [DOWNLOAD FAIL] track_id=4568：Deezer 无结果
2026-04-03 13:57:43 | WARNING  | [DOWNLOAD FAIL] track_id=4571：Deezer 无结果
2026-04-03 13:57:43 | WARNING  | [DOWNLOAD FAIL] track_id=4572：Deezer 无结果
2026-04-03 13:57:43 | WARNING  | [DOWNLOAD FAIL] track_id=4573：Deezer 无结果
2026-04-03 13:57:43 | WARNING  | [DOWNLOAD FAIL] track_id=4575：Deezer 无结果
2026-04-03 13:57:44 | WARNING  | [DOWNLOAD FAIL] track_id=4577：Deezer 无结果
2026-04-03 13:57:45 | WARNING  | [DOWNLOAD FAIL] track_id=4581：Deezer 无结果
2026-04-03 13:57:45 | WARNING  | [DOWNLOAD FAIL] track_id=4582：Deezer 无结果
2026-04-03 13:57:45 | WARNING  | [DOWNLOAD FAIL] track_id=4583：Deezer 无结果
2026-04-03 13:57:45 | WARNING  | [DOWNLOAD FAIL] track_id=4584：Deezer 无结果
2026-04-03 13:57:45 | WARNING  | [DOWNLOAD FAIL] track_id=4585：Deezer 无结果
2026-04-03 13:57:45 | WARNING  | [DOWNLOAD FAIL] track_id=4586：Deezer 无结果
2026-04-03 13:57:46 | WARNING  | [DOWNLOAD FAIL] track_id=4593：Deezer 无结果
2026-04-03 13:57:47 | WARNING  | [DOWNLOAD FAIL] track_id=4595：Deezer 无结果
2026-04-03 13:57:47 | WARNING  | [DOWNLOAD FAIL] track_id=4598：Deezer 无结果
2026-04-03 13:57:48 | WARNING  | [DOWNLOAD FAIL] track_id=4604：Deezer 无结果
2026-04-03 13:57:49 | WARNING  | [DOWNLOAD FAIL] track_id=4608：Deezer 无结果
2026-04-03 13:57:50 | WARNING  | [DOWNLOAD FAIL] track_id=4614：Deezer 无结果
2026-04-03 13:57:50 | WARNING  | [DOWNLOAD FAIL] track_id=4616：Deezer 无结果
2026-04-03 13:57:51 | WARNING  | [DOWNLOAD FAIL] track_id=4619：Deezer 无结果
2026-04-03 13:57:51 | WARNING  | [DOWNLOAD FAIL] track_id=4621：Deezer 无结果
2026-04-03 13:57:52 | WARNING  | [DOWNLOAD FAIL] track_id=4624：Deezer 无结果
2026-04-03 13:57:52 | WARNING  | [DOWNLOAD FAIL] track_id=4626：Deezer 无结果
2026-04-03 13:57:53 | WARNING  | [DOWNLOAD FAIL] track_id=4630：Deezer 无结果
2026-04-03 13:57:53 | WARNING  | [DOWNLOAD FAIL] track_id=4631：Deezer 无结果
2026-04-03 13:57:53 | WARNING  | [DOWNLOAD FAIL] track_id=4632：Deezer 无结果
2026-04-03 13:57:53 | WARNING  | [DOWNLOAD FAIL] track_id=4634：Deezer 无结果
2026-04-03 13:57:54 | WARNING  | [DOWNLOAD FAIL] track_id=4636：Deezer 无结果
2026-04-03 13:57:55 | WARNING  | [DOWNLOAD FAIL] track_id=4643：Deezer 无结果
2026-04-03 13:57:56 | WARNING  | [DOWNLOAD FAIL] track_id=4649：Deezer 无结果
2026-04-03 13:57:56 | WARNING  | [DOWNLOAD FAIL] track_id=4650：Deezer 无结果
2026-04-03 13:57:56 | WARNING  | [DOWNLOAD FAIL] track_id=4653：Deezer 无结果
2026-04-03 13:57:56 | WARNING  | [DOWNLOAD FAIL] track_id=4655：Deezer 无结果
2026-04-03 13:57:57 | WARNING  | [DOWNLOAD FAIL] track_id=4656：Deezer 无结果
2026-04-03 13:57:57 | WARNING  | [DOWNLOAD FAIL] track_id=4659：Deezer 无结果
2026-04-03 13:57:58 | WARNING  | [DOWNLOAD FAIL] track_id=4661：Deezer 无结果
2026-04-03 13:57:58 | WARNING  | [DOWNLOAD FAIL] track_id=4663：Deezer 无结果
2026-04-03 13:57:58 | WARNING  | [DOWNLOAD FAIL] track_id=4665：Deezer 无结果
2026-04-03 13:57:58 | WARNING  | [DOWNLOAD FAIL] track_id=4667：Deezer 无结果
2026-04-03 13:57:59 | WARNING  | [DOWNLOAD FAIL] track_id=4671：Deezer 无结果
2026-04-03 13:57:59 | WARNING  | [DOWNLOAD FAIL] track_id=4673：Deezer 无结果
2026-04-03 13:58:00 | WARNING  | [DOWNLOAD FAIL] track_id=4676：Deezer 无结果
2026-04-03 13:58:00 | WARNING  | [DOWNLOAD FAIL] track_id=4677：Deezer 无结果
2026-04-03 13:58:00 | WARNING  | [DOWNLOAD FAIL] track_id=4678：Deezer 无结果
2026-04-03 13:58:00 | WARNING  | [DOWNLOAD FAIL] track_id=4680：Deezer 无结果
2026-04-03 13:58:00 | WARNING  | [DOWNLOAD FAIL] track_id=4681：Deezer 无结果
2026-04-03 13:58:01 | WARNING  | [DOWNLOAD FAIL] track_id=4682：Deezer 无结果
2026-04-03 13:58:01 | WARNING  | [DOWNLOAD FAIL] track_id=4683：Deezer 无结果
2026-04-03 13:58:01 | WARNING  | [DOWNLOAD FAIL] track_id=4684：Deezer 无结果
2026-04-03 13:58:01 | WARNING  | [DOWNLOAD FAIL] track_id=4687：Deezer 无结果
2026-04-03 13:58:01 | WARNING  | [DOWNLOAD FAIL] track_id=4688：Deezer 无结果
2026-04-03 13:58:02 | WARNING  | [DOWNLOAD FAIL] track_id=4694：Deezer 无结果
2026-04-03 13:58:02 | WARNING  | [DOWNLOAD FAIL] track_id=4696：Deezer 无结果
2026-04-03 13:58:04 | WARNING  | [DOWNLOAD FAIL] track_id=4702：Deezer 无结果
2026-04-03 13:58:05 | WARNING  | [DOWNLOAD FAIL] track_id=4708：Deezer 无结果
2026-04-03 13:58:05 | WARNING  | [DOWNLOAD FAIL] track_id=4709：Deezer 无结果
2026-04-03 13:58:05 | WARNING  | [DOWNLOAD FAIL] track_id=4713：Deezer 无结果
2026-04-03 13:58:06 | WARNING  | [DOWNLOAD FAIL] track_id=4710：Deezer 无结果
2026-04-03 13:58:06 | WARNING  | [DOWNLOAD FAIL] track_id=4716：Deezer 无结果
2026-04-03 13:58:06 | WARNING  | [DOWNLOAD FAIL] track_id=4718：Deezer 无结果
2026-04-03 13:58:07 | WARNING  | [DOWNLOAD FAIL] track_id=4725：Deezer 无结果
2026-04-03 13:58:09 | WARNING  | [DOWNLOAD FAIL] track_id=4732：Deezer 无结果
2026-04-03 13:58:09 | WARNING  | [DOWNLOAD FAIL] track_id=4733：Deezer 无结果
2026-04-03 13:58:12 | WARNING  | [DOWNLOAD FAIL] track_id=4746：Deezer 无结果
2026-04-03 13:58:12 | WARNING  | [DOWNLOAD FAIL] track_id=4747：Deezer 无结果
2026-04-03 13:58:13 | WARNING  | [DOWNLOAD FAIL] track_id=4748：Deezer 无结果
2026-04-03 13:58:13 | WARNING  | [DOWNLOAD FAIL] track_id=4751：Deezer 无结果
2026-04-03 13:58:14 | WARNING  | [DOWNLOAD FAIL] track_id=4757：Deezer 无结果
2026-04-03 13:58:14 | WARNING  | [DOWNLOAD FAIL] track_id=4760：Deezer 无结果
2026-04-03 13:58:14 | WARNING  | [DOWNLOAD FAIL] track_id=4761：Deezer 无结果
2026-04-03 13:58:18 | WARNING  | [DOWNLOAD FAIL] track_id=4779：Deezer 无结果
2026-04-03 13:58:18 | WARNING  | [DOWNLOAD FAIL] track_id=4778：Deezer 无结果
2026-04-03 13:58:18 | WARNING  | [DOWNLOAD FAIL] track_id=4781：Deezer 无结果
2026-04-03 13:58:19 | WARNING  | [DOWNLOAD FAIL] track_id=4784：Deezer 无结果
2026-04-03 13:58:19 | WARNING  | [DOWNLOAD FAIL] track_id=4787：Deezer 无结果
2026-04-03 13:58:20 | WARNING  | [DOWNLOAD FAIL] track_id=4789：Deezer 无结果
2026-04-03 13:58:20 | WARNING  | [DOWNLOAD FAIL] track_id=4788：Deezer 无结果
2026-04-03 13:58:20 | WARNING  | [DOWNLOAD FAIL] track_id=4790：Deezer 无结果
2026-04-03 13:58:20 | WARNING  | [DOWNLOAD FAIL] track_id=4795：Deezer 无结果
2026-04-03 13:58:20 | WARNING  | [DOWNLOAD FAIL] track_id=4796：Deezer 无结果
2026-04-03 13:58:21 | WARNING  | [DOWNLOAD FAIL] track_id=4797：Deezer 无结果
2026-04-03 13:58:21 | WARNING  | [DOWNLOAD FAIL] track_id=4798：Deezer 无结果
2026-04-03 13:58:21 | WARNING  | [DOWNLOAD FAIL] track_id=4799：Deezer 无结果
2026-04-03 13:58:23 | WARNING  | [DOWNLOAD FAIL] track_id=4810：Deezer 无结果
2026-04-03 13:58:23 | WARNING  | [DOWNLOAD FAIL] track_id=4811：Deezer 无结果
2026-04-03 13:58:24 | WARNING  | [DOWNLOAD FAIL] track_id=4812：Deezer 无结果
2026-04-03 13:58:24 | WARNING  | [DOWNLOAD FAIL] track_id=4813：Deezer 无结果
2026-04-03 13:58:24 | WARNING  | [DOWNLOAD FAIL] track_id=4814：Deezer 无结果
2026-04-03 13:58:24 | WARNING  | [DOWNLOAD FAIL] track_id=4816：Deezer 无结果
2026-04-03 13:58:24 | WARNING  | [DOWNLOAD FAIL] track_id=4817：Deezer 无结果
2026-04-03 13:58:24 | WARNING  | [DOWNLOAD FAIL] track_id=4818：Deezer 无结果
2026-04-03 13:58:24 | WARNING  | [DOWNLOAD FAIL] track_id=4819：Deezer 无结果
2026-04-03 13:58:25 | WARNING  | [DOWNLOAD FAIL] track_id=4827：Deezer 无结果
2026-04-03 13:58:25 | WARNING  | [DOWNLOAD FAIL] track_id=4828：Deezer 无结果
2026-04-03 13:58:26 | WARNING  | [DOWNLOAD FAIL] track_id=4831：Deezer 无结果
2026-04-03 13:58:27 | WARNING  | [DOWNLOAD FAIL] track_id=4832：Deezer 无结果
2026-04-03 13:58:27 | WARNING  | [DOWNLOAD FAIL] track_id=4833：Deezer 无结果
2026-04-03 13:58:27 | WARNING  | [DOWNLOAD FAIL] track_id=4835：Deezer 无结果
2026-04-03 13:58:27 | WARNING  | [DOWNLOAD FAIL] track_id=4836：Deezer 无结果
2026-04-03 13:58:27 | WARNING  | [DOWNLOAD FAIL] track_id=4837：Deezer 无结果
2026-04-03 13:58:27 | WARNING  | [DOWNLOAD FAIL] track_id=4840：Deezer 无结果
2026-04-03 13:58:27 | WARNING  | [DOWNLOAD FAIL] track_id=4841：Deezer 无结果
2026-04-03 13:58:27 | WARNING  | [DOWNLOAD FAIL] track_id=4838：Deezer 无结果
2026-04-03 13:58:27 | WARNING  | [DOWNLOAD FAIL] track_id=4839：Deezer 无结果
2026-04-03 13:58:27 | WARNING  | [DOWNLOAD FAIL] track_id=4842：Deezer 无结果
2026-04-03 13:58:27 | WARNING  | [DOWNLOAD FAIL] track_id=4843：Deezer 无结果
2026-04-03 13:58:27 | WARNING  | [DOWNLOAD FAIL] track_id=4844：Deezer 无结果
2026-04-03 13:58:27 | WARNING  | [DOWNLOAD FAIL] track_id=4845：Deezer 无结果
2026-04-03 13:58:28 | WARNING  | [DOWNLOAD FAIL] track_id=4847：Deezer 无结果
2026-04-03 13:58:28 | WARNING  | [DOWNLOAD FAIL] track_id=4848：Deezer 无结果
2026-04-03 13:58:28 | WARNING  | [DOWNLOAD FAIL] track_id=4849：Deezer 无结果
2026-04-03 13:58:28 | WARNING  | [DOWNLOAD FAIL] track_id=4846：Deezer 无结果
2026-04-03 13:58:28 | WARNING  | [DOWNLOAD FAIL] track_id=4850：Deezer 无结果
2026-04-03 13:58:30 | WARNING  | [DOWNLOAD FAIL] track_id=4863：Deezer 无结果
2026-04-03 13:58:31 | WARNING  | [DOWNLOAD FAIL] track_id=4865：Deezer 无结果
2026-04-03 13:58:32 | WARNING  | [DOWNLOAD FAIL] track_id=4874：Deezer 无结果
2026-04-03 13:58:34 | WARNING  | [DOWNLOAD FAIL] track_id=4883：Deezer 无结果
2026-04-03 13:58:34 | WARNING  | [DOWNLOAD FAIL] track_id=4882：Deezer 无结果
2026-04-03 13:58:36 | WARNING  | [DOWNLOAD FAIL] track_id=4891：Deezer 无结果
2026-04-03 13:58:36 | WARNING  | [DOWNLOAD FAIL] track_id=4892：Deezer 无结果
2026-04-03 13:58:36 | WARNING  | [DOWNLOAD FAIL] track_id=4893：Deezer 无结果
2026-04-03 13:58:36 | WARNING  | [DOWNLOAD FAIL] track_id=4894：Deezer 无结果
2026-04-03 13:58:36 | WARNING  | [DOWNLOAD FAIL] track_id=4895：Deezer 无结果
2026-04-03 13:58:36 | WARNING  | [DOWNLOAD FAIL] track_id=4897：Deezer 无结果
2026-04-03 13:58:37 | WARNING  | [DOWNLOAD FAIL] track_id=4896：Deezer 无结果
2026-04-03 13:58:37 | WARNING  | [DOWNLOAD FAIL] track_id=4898：Deezer 无结果
2026-04-03 13:58:37 | WARNING  | [DOWNLOAD FAIL] track_id=4899：Deezer 无结果
2026-04-03 13:58:37 | WARNING  | [DOWNLOAD FAIL] track_id=4900：Deezer 无结果
2026-04-03 13:58:37 | WARNING  | [DOWNLOAD FAIL] track_id=4904：Deezer 无结果
2026-04-03 13:58:37 | WARNING  | [DOWNLOAD FAIL] track_id=4901：Deezer 无结果
2026-04-03 13:58:37 | WARNING  | [DOWNLOAD FAIL] track_id=4906：Deezer 无结果
2026-04-03 13:58:37 | WARNING  | [DOWNLOAD FAIL] track_id=4908：Deezer 无结果
2026-04-03 13:58:39 | WARNING  | [DOWNLOAD FAIL] track_id=4911：Deezer 无结果
2026-04-03 13:58:40 | WARNING  | [DOWNLOAD FAIL] track_id=4918：Deezer 无结果
2026-04-03 13:58:41 | WARNING  | [DOWNLOAD FAIL] track_id=4923：Deezer 无结果
2026-04-03 13:58:41 | WARNING  | [DOWNLOAD FAIL] track_id=4926：Deezer 无结果
2026-04-03 13:58:41 | WARNING  | [DOWNLOAD FAIL] track_id=4927：Deezer 无结果
2026-04-03 13:58:41 | WARNING  | [DOWNLOAD FAIL] track_id=4928：Deezer 无结果
2026-04-03 13:58:43 | WARNING  | [DOWNLOAD FAIL] track_id=4934：Deezer 无结果
2026-04-03 13:58:43 | WARNING  | [DOWNLOAD FAIL] track_id=4936：Deezer 无结果
2026-04-03 13:58:46 | WARNING  | [DOWNLOAD FAIL] track_id=4949：Deezer 无结果
2026-04-03 13:58:46 | WARNING  | [DOWNLOAD FAIL] track_id=4948：Deezer 无结果
2026-04-03 13:58:46 | WARNING  | [DOWNLOAD FAIL] track_id=4950：Deezer 无结果
2026-04-03 13:58:46 | WARNING  | [DOWNLOAD FAIL] track_id=4951：Deezer 无结果
2026-04-03 13:58:46 | WARNING  | [DOWNLOAD FAIL] track_id=4952：Deezer 无结果
2026-04-03 13:58:49 | WARNING  | [DOWNLOAD FAIL] track_id=4967：Deezer 无结果
2026-04-03 13:58:50 | WARNING  | [DOWNLOAD FAIL] track_id=4972：Deezer 无结果
2026-04-03 13:58:52 | WARNING  | [DOWNLOAD FAIL] track_id=4975：Deezer 无结果
2026-04-03 13:58:53 | WARNING  | [DOWNLOAD FAIL] track_id=4981：Deezer 无结果
2026-04-03 13:58:53 | WARNING  | [DOWNLOAD FAIL] track_id=4982：Deezer 无结果
2026-04-03 13:58:53 | WARNING  | [DOWNLOAD FAIL] track_id=4983：Deezer 无结果
2026-04-03 13:58:56 | WARNING  | [DOWNLOAD FAIL] track_id=4993：Deezer 无结果
2026-04-03 13:58:56 | WARNING  | [DOWNLOAD FAIL] track_id=4996：Deezer 无结果
2026-04-03 13:59:01 | INFO     | [DOWNLOAD] 成功 307/500，失败 193 条：[4514, 4512, 4513, 4510, 4511, 4515, 4517, 4519, 4518, 4520]...
2026-04-03 14:00:17 | INFO     | [EMBED] 成功 307/307，失败 0 条
2026-04-03 14:00:17 | INFO     | [EMBED SAVE] 追加 307 条，矩阵总行数 2,396，文件大小 0.02 GB
2026-04-03 14:00:18 | INFO     | === 批次 0009 完成，耗时 162.4s，预计剩余时间 407.3h ===
