2026-04-03 13:47:25 | INFO     | === 批次 0005 开始，共 500 首 ===
2026-04-03 13:47:26 | WARNING  | [DOWNLOAD FAIL] track_id=2514：Deezer 无结果
2026-04-03 13:47:26 | WARNING  | [DOWNLOAD FAIL] track_id=2511：Deezer 无结果
2026-04-03 13:47:26 | WARNING  | [DOWNLOAD FAIL] track_id=2512：Deezer 无结果
2026-04-03 13:47:27 | WARNING  | [DOWNLOAD FAIL] track_id=2521：Deezer 无结果
2026-04-03 13:47:27 | WARNING  | [DOWNLOAD FAIL] track_id=2520：Deezer 无结果
2026-04-03 13:47:27 | WARNING  | [DOWNLOAD FAIL] track_id=2522：Deezer 无结果
2026-04-03 13:47:27 | WARNING  | [DOWNLOAD FAIL] track_id=2524：Deezer 无结果
2026-04-03 13:47:27 | WARNING  | [DOWNLOAD FAIL] track_id=2525：Deezer 无结果
2026-04-03 13:47:27 | WARNING  | [DOWNLOAD FAIL] track_id=2527：Deezer 无结果
2026-04-03 13:47:27 | WARNING  | [DOWNLOAD FAIL] track_id=2523：Deezer 无结果
2026-04-03 13:47:28 | WARNING  | [DOWNLOAD FAIL] track_id=2526：Deezer 无结果
2026-04-03 13:47:28 | WARNING  | [DOWNLOAD FAIL] track_id=2528：Deezer 无结果
2026-04-03 13:47:28 | WARNING  | [DOWNLOAD FAIL] track_id=2530：Deezer 无结果
2026-04-03 13:47:28 | WARNING  | [DOWNLOAD FAIL] track_id=2529：Deezer 无结果
2026-04-03 13:47:28 | WARNING  | [DOWNLOAD FAIL] track_id=2533：Deezer 无结果
2026-04-03 13:47:28 | WARNING  | [DOWNLOAD FAIL] track_id=2534：Deezer 无结果
2026-04-03 13:47:28 | WARNING  | [DOWNLOAD FAIL] track_id=2537：Deezer 无结果
2026-04-03 13:47:28 | WARNING  | [DOWNLOAD FAIL] track_id=2536：Deezer 无结果
2026-04-03 13:47:28 | WARNING  | [DOWNLOAD FAIL] track_id=2539：Deezer 无结果
2026-04-03 13:47:29 | WARNING  | [DOWNLOAD FAIL] track_id=2541：Deezer 无结果
2026-04-03 13:47:30 | WARNING  | [DOWNLOAD FAIL] track_id=2545：Deezer 无结果
2026-04-03 13:47:30 | WARNING  | [DOWNLOAD FAIL] track_id=2547：Deezer 无结果
2026-04-03 13:47:30 | WARNING  | [DOWNLOAD FAIL] track_id=2548：Deezer 无结果
2026-04-03 13:47:30 | WARNING  | [DOWNLOAD FAIL] track_id=2551：Deezer 无结果
2026-04-03 13:47:30 | WARNING  | [DOWNLOAD FAIL] track_id=2549：Deezer 无结果
2026-04-03 13:47:30 | WARNING  | [DOWNLOAD FAIL] track_id=2550：Deezer 无结果
2026-04-03 13:47:31 | WARNING  | [DOWNLOAD FAIL] track_id=2556：Deezer 无结果
2026-04-03 13:47:31 | WARNING  | [DOWNLOAD FAIL] track_id=2557：Deezer 无结果
2026-04-03 13:47:31 | WARNING  | [DOWNLOAD FAIL] track_id=2558：Deezer 无结果
2026-04-03 13:47:31 | WARNING  | [DOWNLOAD FAIL] track_id=2559：Deezer 无结果
2026-04-03 13:47:31 | WARNING  | [DOWNLOAD FAIL] track_id=2560：Deezer 无结果
2026-04-03 13:47:31 | WARNING  | [DOWNLOAD FAIL] track_id=2561：Deezer 无结果
2026-04-03 13:47:31 | WARNING  | [DOWNLOAD FAIL] track_id=2562：Deezer 无结果
2026-04-03 13:47:32 | WARNING  | [DOWNLOAD FAIL] track_id=2565：Deezer 无结果
2026-04-03 13:47:32 | WARNING  | [DOWNLOAD FAIL] track_id=2568：Deezer 无结果
2026-04-03 13:47:34 | WARNING  | [DOWNLOAD FAIL] track_id=2575：Deezer 无结果
2026-04-03 13:47:34 | WARNING  | [DOWNLOAD FAIL] track_id=2579：Deezer 无结果
2026-04-03 13:47:35 | WARNING  | [DOWNLOAD FAIL] track_id=2583：Deezer 无结果
2026-04-03 13:47:36 | WARNING  | [DOWNLOAD FAIL] track_id=2585：Deezer 无结果
2026-04-03 13:47:36 | WARNING  | [DOWNLOAD FAIL] track_id=2584：Deezer 无结果
2026-04-03 13:47:37 | WARNING  | [DOWNLOAD FAIL] track_id=2593：Deezer 无结果
2026-04-03 13:47:38 | WARNING  | [DOWNLOAD FAIL] track_id=2595：Deezer 无结果
2026-04-03 13:47:40 | WARNING  | [DOWNLOAD FAIL] track_id=2607：Deezer 无结果
2026-04-03 13:47:40 | WARNING  | [DOWNLOAD FAIL] track_id=2606：Deezer 无结果
2026-04-03 13:47:40 | WARNING  | [DOWNLOAD FAIL] track_id=2608：Deezer 无结果
2026-04-03 13:47:40 | WARNING  | [DOWNLOAD FAIL] track_id=2609：Deezer 无结果
2026-04-03 13:47:40 | WARNING  | [DOWNLOAD FAIL] track_id=2610：Deezer 无结果
2026-04-03 13:47:41 | WARNING  | [DOWNLOAD FAIL] track_id=2614：Deezer 无结果
2026-04-03 13:47:41 | WARNING  | [DOWNLOAD FAIL] track_id=2613：Deezer 无结果
2026-04-03 13:47:46 | WARNING  | [DOWNLOAD FAIL] track_id=2638：Deezer 无结果
2026-04-03 13:47:46 | WARNING  | [DOWNLOAD FAIL] track_id=2639：Deezer 无结果
2026-04-03 13:47:46 | WARNING  | [DOWNLOAD FAIL] track_id=2640：Deezer 无结果
2026-04-03 13:47:48 | WARNING  | [DOWNLOAD FAIL] track_id=2646：Deezer 无结果
2026-04-03 13:47:48 | WARNING  | [DOWNLOAD FAIL] track_id=2648：Deezer 无结果
2026-04-03 13:47:48 | WARNING  | [DOWNLOAD FAIL] track_id=2647：Deezer 无结果
2026-04-03 13:47:53 | WARNING  | [DOWNLOAD FAIL] track_id=2669：Deezer 无结果
2026-04-03 13:47:53 | WARNING  | [DOWNLOAD FAIL] track_id=2670：Deezer 无结果
2026-04-03 13:47:53 | WARNING  | [DOWNLOAD FAIL] track_id=2674：Deezer 无结果
2026-04-03 13:47:53 | WARNING  | [DOWNLOAD FAIL] track_id=2676：Deezer 无结果
2026-04-03 13:47:54 | WARNING  | [DOWNLOAD FAIL] track_id=2680：Deezer 无结果
2026-04-03 13:47:54 | WARNING  | [DOWNLOAD FAIL] track_id=2679：Deezer 无结果
2026-04-03 13:47:55 | WARNING  | [DOWNLOAD FAIL] track_id=2684：Deezer 无结果
2026-04-03 13:47:55 | WARNING  | [DOWNLOAD FAIL] track_id=2685：Deezer 无结果
2026-04-03 13:47:55 | WARNING  | [DOWNLOAD FAIL] track_id=2687：Deezer 无结果
2026-04-03 13:47:55 | WARNING  | [DOWNLOAD FAIL] track_id=2689：Deezer 无结果
2026-04-03 13:47:58 | WARNING  | [DOWNLOAD FAIL] track_id=2702：Deezer 无结果
2026-04-03 13:47:58 | WARNING  | [DOWNLOAD FAIL] track_id=2703：Deezer 无结果
2026-04-03 13:48:04 | WARNING  | [DOWNLOAD FAIL] track_id=2725：Deezer 无结果
2026-04-03 13:48:04 | WARNING  | [DOWNLOAD FAIL] track_id=2728：Deezer 无结果
2026-04-03 13:48:04 | WARNING  | [DOWNLOAD FAIL] track_id=2731：Deezer 无结果
2026-04-03 13:48:04 | WARNING  | [DOWNLOAD FAIL] track_id=2729：Deezer 无结果
2026-04-03 13:48:04 | WARNING  | [DOWNLOAD FAIL] track_id=2730：Deezer 无结果
2026-04-03 13:48:05 | WARNING  | [DOWNLOAD FAIL] track_id=2732：Deezer 无结果
2026-04-03 13:48:05 | WARNING  | [DOWNLOAD FAIL] track_id=2737：Deezer 无结果
2026-04-03 13:48:06 | WARNING  | [DOWNLOAD FAIL] track_id=2738：Deezer 无结果
2026-04-03 13:48:06 | WARNING  | [DOWNLOAD FAIL] track_id=2739：Deezer 无结果
2026-04-03 13:48:06 | WARNING  | [DOWNLOAD FAIL] track_id=2741：Deezer 无结果
2026-04-03 13:48:06 | WARNING  | [DOWNLOAD FAIL] track_id=2745：Deezer 无结果
2026-04-03 13:48:07 | WARNING  | [DOWNLOAD FAIL] track_id=2746：Deezer 无结果
2026-04-03 13:48:07 | WARNING  | [DOWNLOAD FAIL] track_id=2748：Deezer 无结果
2026-04-03 13:48:07 | WARNING  | [DOWNLOAD FAIL] track_id=2750：Deezer 无结果
2026-04-03 13:48:07 | WARNING  | [DOWNLOAD FAIL] track_id=2751：Deezer 无结果
2026-04-03 13:48:07 | WARNING  | [DOWNLOAD FAIL] track_id=2752：Deezer 无结果
2026-04-03 13:48:08 | WARNING  | [DOWNLOAD FAIL] track_id=2755：Deezer 无结果
2026-04-03 13:48:08 | WARNING  | [DOWNLOAD FAIL] track_id=2754：Deezer 无结果
2026-04-03 13:48:08 | WARNING  | [DOWNLOAD FAIL] track_id=2756：Deezer 无结果
2026-04-03 13:48:08 | WARNING  | [DOWNLOAD FAIL] track_id=2757：Deezer 无结果
2026-04-03 13:48:08 | WARNING  | [DOWNLOAD FAIL] track_id=2758：Deezer 无结果
2026-04-03 13:48:08 | WARNING  | [DOWNLOAD FAIL] track_id=2759：Deezer 无结果
2026-04-03 13:48:08 | WARNING  | [DOWNLOAD FAIL] track_id=2760：Deezer 无结果
2026-04-03 13:48:08 | WARNING  | [DOWNLOAD FAIL] track_id=2761：Deezer 无结果
2026-04-03 13:48:08 | WARNING  | [DOWNLOAD FAIL] track_id=2765：Deezer 无结果
2026-04-03 13:48:08 | WARNING  | [DOWNLOAD FAIL] track_id=2764：Deezer 无结果
2026-04-03 13:48:09 | WARNING  | [DOWNLOAD FAIL] track_id=2767：Deezer 无结果
2026-04-03 13:48:09 | WARNING  | [DOWNLOAD FAIL] track_id=2766：Deezer 无结果
2026-04-03 13:48:09 | WARNING  | [DOWNLOAD FAIL] track_id=2769：Deezer 无结果
2026-04-03 13:48:09 | WARNING  | [DOWNLOAD FAIL] track_id=2768：Deezer 无结果
2026-04-03 13:48:09 | WARNING  | [DOWNLOAD FAIL] track_id=2770：Deezer 无结果
2026-04-03 13:48:09 | WARNING  | [DOWNLOAD FAIL] track_id=2773：Deezer 无结果
2026-04-03 13:48:09 | WARNING  | [DOWNLOAD FAIL] track_id=2772：Deezer 无结果
2026-04-03 13:48:09 | WARNING  | [DOWNLOAD FAIL] track_id=2774：Deezer 无结果
2026-04-03 13:48:09 | WARNING  | [DOWNLOAD FAIL] track_id=2775：Deezer 无结果
2026-04-03 13:48:10 | WARNING  | [DOWNLOAD FAIL] track_id=2776：Deezer 无结果
2026-04-03 13:48:10 | WARNING  | [DOWNLOAD FAIL] track_id=2778：Deezer 无结果
2026-04-03 13:48:10 | WARNING  | [DOWNLOAD FAIL] track_id=2777：Deezer 无结果
2026-04-03 13:48:10 | WARNING  | [DOWNLOAD FAIL] track_id=2779：Deezer 无结果
2026-04-03 13:48:10 | WARNING  | [DOWNLOAD FAIL] track_id=2780：Deezer 无结果
2026-04-03 13:48:10 | WARNING  | [DOWNLOAD FAIL] track_id=2781：Deezer 无结果
2026-04-03 13:48:10 | WARNING  | [DOWNLOAD FAIL] track_id=2782：Deezer 无结果
2026-04-03 13:48:10 | WARNING  | [DOWNLOAD FAIL] track_id=2787：Deezer 无结果
2026-04-03 13:48:10 | WARNING  | [DOWNLOAD FAIL] track_id=2786：Deezer 无结果
2026-04-03 13:48:10 | WARNING  | [DOWNLOAD FAIL] track_id=2788：Deezer 无结果
2026-04-03 13:48:11 | WARNING  | [DOWNLOAD FAIL] track_id=2789：Deezer 无结果
2026-04-03 13:48:11 | WARNING  | [DOWNLOAD FAIL] track_id=2791：Deezer 无结果
2026-04-03 13:48:11 | WARNING  | [DOWNLOAD FAIL] track_id=2792：Deezer 无结果
2026-04-03 13:48:12 | WARNING  | [DOWNLOAD FAIL] track_id=2794：Deezer 无结果
2026-04-03 13:48:12 | WARNING  | [DOWNLOAD FAIL] track_id=2795：Deezer 无结果
2026-04-03 13:48:12 | WARNING  | [DOWNLOAD FAIL] track_id=2798：Deezer 无结果
2026-04-03 13:48:13 | WARNING  | [DOWNLOAD FAIL] track_id=2804：Deezer 无结果
2026-04-03 13:48:14 | WARNING  | [DOWNLOAD FAIL] track_id=2807：Deezer 无结果
2026-04-03 13:48:14 | WARNING  | [DOWNLOAD FAIL] track_id=2808：Deezer 无结果
2026-04-03 13:48:14 | WARNING  | [DOWNLOAD FAIL] track_id=2811：Deezer 无结果
2026-04-03 13:48:14 | WARNING  | [DOWNLOAD FAIL] track_id=2810：Deezer 无结果
2026-04-03 13:48:14 | WARNING  | [DOWNLOAD FAIL] track_id=2815：Deezer 无结果
2026-04-03 13:48:14 | WARNING  | [DOWNLOAD FAIL] track_id=2813：Deezer 无结果
2026-04-03 13:48:15 | WARNING  | [DOWNLOAD FAIL] track_id=2817：Deezer 无结果
2026-04-03 13:48:15 | WARNING  | [DOWNLOAD FAIL] track_id=2818：Deezer 无结果
2026-04-03 13:48:15 | WARNING  | [DOWNLOAD FAIL] track_id=2820：Deezer 无结果
2026-04-03 13:48:15 | WARNING  | [DOWNLOAD FAIL] track_id=2821：Deezer 无结果
2026-04-03 13:48:16 | WARNING  | [DOWNLOAD FAIL] track_id=2822：Deezer 无结果
2026-04-03 13:48:16 | WARNING  | [DOWNLOAD FAIL] track_id=2824：Deezer 无结果
2026-04-03 13:48:16 | WARNING  | [DOWNLOAD FAIL] track_id=2823：Deezer 无结果
2026-04-03 13:48:16 | WARNING  | [DOWNLOAD FAIL] track_id=2828：Deezer 无结果
2026-04-03 13:48:16 | WARNING  | [DOWNLOAD FAIL] track_id=2830：Deezer 无结果
2026-04-03 13:48:17 | WARNING  | [DOWNLOAD FAIL] track_id=2831：Deezer 无结果
2026-04-03 13:48:17 | WARNING  | [DOWNLOAD FAIL] track_id=2833：Deezer 无结果
2026-04-03 13:48:17 | WARNING  | [DOWNLOAD FAIL] track_id=2835：Deezer 无结果
2026-04-03 13:48:17 | WARNING  | [DOWNLOAD FAIL] track_id=2838：Deezer 无结果
2026-04-03 13:48:17 | WARNING  | [DOWNLOAD FAIL] track_id=2839：Deezer 无结果
2026-04-03 13:48:17 | WARNING  | [DOWNLOAD FAIL] track_id=2840：Deezer 无结果
2026-04-03 13:48:18 | WARNING  | [DOWNLOAD FAIL] track_id=2843：Deezer 无结果
2026-04-03 13:48:18 | WARNING  | [DOWNLOAD FAIL] track_id=2845：Deezer 无结果
2026-04-03 13:48:19 | WARNING  | [DOWNLOAD FAIL] track_id=2848：Deezer 无结果
2026-04-03 13:48:24 | WARNING  | [DOWNLOAD FAIL] track_id=2872：Deezer 无结果
2026-04-03 13:48:25 | WARNING  | [DOWNLOAD FAIL] track_id=2875：Deezer 无结果
2026-04-03 13:48:25 | WARNING  | [DOWNLOAD FAIL] track_id=2877：Deezer 无结果
2026-04-03 13:48:25 | WARNING  | [DOWNLOAD FAIL] track_id=2879：Deezer 无结果
2026-04-03 13:48:27 | WARNING  | [DOWNLOAD FAIL] track_id=2890：Deezer 无结果
2026-04-03 13:48:28 | WARNING  | [DOWNLOAD FAIL] track_id=2892：Deezer 无结果
2026-04-03 13:48:29 | WARNING  | [DOWNLOAD FAIL] track_id=2900：Deezer 无结果
2026-04-03 13:48:30 | WARNING  | [DOWNLOAD FAIL] track_id=2902：Deezer 无结果
2026-04-03 13:48:30 | WARNING  | [DOWNLOAD FAIL] track_id=2905：Deezer 无结果
2026-04-03 13:48:31 | WARNING  | [DOWNLOAD FAIL] track_id=2909：Deezer 无结果
2026-04-03 13:48:31 | WARNING  | [DOWNLOAD FAIL] track_id=2910：Deezer 无结果
2026-04-03 13:48:32 | WARNING  | [DOWNLOAD FAIL] track_id=2914：Deezer 无结果
2026-04-03 13:48:32 | WARNING  | [DOWNLOAD FAIL] track_id=2918：Deezer 无结果
2026-04-03 13:48:33 | WARNING  | [DOWNLOAD FAIL] track_id=2920：Deezer 无结果
2026-04-03 13:48:33 | WARNING  | [DOWNLOAD FAIL] track_id=2922：Deezer 无结果
2026-04-03 13:48:34 | WARNING  | [DOWNLOAD FAIL] track_id=2926：Deezer 无结果
2026-04-03 13:48:35 | WARNING  | [DOWNLOAD FAIL] track_id=2935：Deezer 无结果
2026-04-03 13:48:37 | WARNING  | [DOWNLOAD FAIL] track_id=2941：Deezer 无结果
2026-04-03 13:48:37 | WARNING  | [DOWNLOAD FAIL] track_id=2942：Deezer 无结果
2026-04-03 13:48:37 | WARNING  | [DOWNLOAD FAIL] track_id=2946：Deezer 无结果
2026-04-03 13:48:37 | WARNING  | [DOWNLOAD FAIL] track_id=2947：Deezer 无结果
2026-04-03 13:48:37 | WARNING  | [DOWNLOAD FAIL] track_id=2948：Deezer 无结果
2026-04-03 13:48:38 | WARNING  | [DOWNLOAD FAIL] track_id=2952：Deezer 无结果
2026-04-03 13:48:38 | WARNING  | [DOWNLOAD FAIL] track_id=2954：Deezer 无结果
2026-04-03 13:48:39 | WARNING  | [DOWNLOAD FAIL] track_id=2956：Deezer 无结果
2026-04-03 13:48:39 | WARNING  | [DOWNLOAD FAIL] track_id=2958：Deezer 无结果
2026-04-03 13:48:39 | WARNING  | [DOWNLOAD FAIL] track_id=2960：Deezer 无结果
2026-04-03 13:48:39 | WARNING  | [DOWNLOAD FAIL] track_id=2959：Deezer 无结果
2026-04-03 13:48:39 | WARNING  | [DOWNLOAD FAIL] track_id=2962：Deezer 无结果
2026-04-03 13:48:39 | WARNING  | [DOWNLOAD FAIL] track_id=2963：Deezer 无结果
2026-04-03 13:48:39 | WARNING  | [DOWNLOAD FAIL] track_id=2961：Deezer 无结果
2026-04-03 13:48:40 | WARNING  | [DOWNLOAD FAIL] track_id=2964：Deezer 无结果
2026-04-03 13:48:40 | WARNING  | [DOWNLOAD FAIL] track_id=2966：Deezer 无结果
2026-04-03 13:48:40 | WARNING  | [DOWNLOAD FAIL] track_id=2969：Deezer 无结果
2026-04-03 13:48:41 | WARNING  | [DOWNLOAD FAIL] track_id=2972：Deezer 无结果
2026-04-03 13:48:41 | WARNING  | [DOWNLOAD FAIL] track_id=2974：Deezer 无结果
2026-04-03 13:48:41 | WARNING  | [DOWNLOAD FAIL] track_id=2976：Deezer 无结果
2026-04-03 13:48:41 | WARNING  | [DOWNLOAD FAIL] track_id=2978：Deezer 无结果
2026-04-03 13:48:41 | WARNING  | [DOWNLOAD FAIL] track_id=2977：Deezer 无结果
2026-04-03 13:48:42 | WARNING  | [DOWNLOAD FAIL] track_id=2981：Deezer 无结果
2026-04-03 13:48:42 | WARNING  | [DOWNLOAD FAIL] track_id=2982：Deezer 无结果
2026-04-03 13:48:42 | WARNING  | [DOWNLOAD FAIL] track_id=2984：Deezer 无结果
2026-04-03 13:48:43 | WARNING  | [DOWNLOAD FAIL] track_id=2986：Deezer 无结果
2026-04-03 13:48:43 | WARNING  | [DOWNLOAD FAIL] track_id=2989：Deezer 无结果
2026-04-03 13:48:43 | WARNING  | [DOWNLOAD FAIL] track_id=2987：Deezer 无结果
2026-04-03 13:48:43 | WARNING  | [DOWNLOAD FAIL] track_id=2992：Deezer 无结果
2026-04-03 13:48:43 | WARNING  | [DOWNLOAD FAIL] track_id=2993：Deezer 无结果
2026-04-03 13:48:43 | WARNING  | [DOWNLOAD FAIL] track_id=2994：Deezer 无结果
2026-04-03 13:48:45 | WARNING  | [DOWNLOAD FAIL] track_id=2999：Deezer 无结果
2026-04-03 13:48:45 | WARNING  | [DOWNLOAD FAIL] track_id=3000：Deezer 无结果
2026-04-03 13:48:45 | WARNING  | [DOWNLOAD FAIL] track_id=3001：Deezer 无结果
2026-04-03 13:48:45 | WARNING  | [DOWNLOAD FAIL] track_id=3002：Deezer 无结果
2026-04-03 13:48:45 | WARNING  | [DOWNLOAD FAIL] track_id=3004：Deezer 无结果
2026-04-03 13:48:45 | WARNING  | [DOWNLOAD FAIL] track_id=3008：Deezer 无结果
2026-04-03 13:48:45 | WARNING  | [DOWNLOAD FAIL] track_id=3006：Deezer 无结果
2026-04-03 13:48:45 | WARNING  | [DOWNLOAD FAIL] track_id=3009：Deezer 无结果
2026-04-03 13:48:46 | INFO     | [DOWNLOAD] 成功 301/500，失败 199 条：[2514, 2511, 2512, 2521, 2520, 2522, 2524, 2525, 2527, 2523]...
2026-04-03 13:50:02 | INFO     | [EMBED] 成功 301/301，失败 0 条
2026-04-03 13:50:02 | INFO     | [EMBED SAVE] 追加 301 条，矩阵总行数 1,226，文件大小 0.01 GB
2026-04-03 13:50:03 | INFO     | === 批次 0005 完成，耗时 158.0s，预计剩余时间 396.4h ===
