2026-04-03 13:50:03 | INFO     | === 批次 0006 开始，共 500 首 ===
2026-04-03 13:50:04 | WARNING  | [DOWNLOAD FAIL] track_id=3012：Deezer 无结果
2026-04-03 13:50:04 | WARNING  | [DOWNLOAD FAIL] track_id=3011：Deezer 无结果
2026-04-03 13:50:04 | WARNING  | [DOWNLOAD FAIL] track_id=3010：Deezer 无结果
2026-04-03 13:50:08 | WARNING  | [DOWNLOAD FAIL] track_id=3035：Deezer 无结果
2026-04-03 13:50:09 | WARNING  | [DOWNLOAD FAIL] track_id=3040：Deezer 无结果
2026-04-03 13:50:09 | WARNING  | [DOWNLOAD FAIL] track_id=3041：Deezer 无结果
2026-04-03 13:50:15 | WARNING  | [DOWNLOAD FAIL] track_id=3070：Deezer 无结果
2026-04-03 13:50:15 | WARNING  | [DOWNLOAD FAIL] track_id=3069：Deezer 无结果
2026-04-03 13:50:15 | WARNING  | [DOWNLOAD FAIL] track_id=3074：Deezer 无结果
2026-04-03 13:50:15 | WARNING  | [DOWNLOAD FAIL] track_id=3079：Deezer 无结果
2026-04-03 13:50:17 | WARNING  | [DOWNLOAD FAIL] track_id=3087：Deezer 无结果
2026-04-03 13:50:17 | WARNING  | [DOWNLOAD FAIL] track_id=3090：Deezer 无结果
2026-04-03 13:50:19 | WARNING  | [DOWNLOAD FAIL] track_id=3099：Deezer 无结果
2026-04-03 13:50:19 | WARNING  | [DOWNLOAD FAIL] track_id=3100：Deezer 无结果
2026-04-03 13:50:21 | WARNING  | [DOWNLOAD FAIL] track_id=3110：Deezer 无结果
2026-04-03 13:50:22 | WARNING  | [DOWNLOAD FAIL] track_id=3111：Deezer 无结果
2026-04-03 13:50:22 | WARNING  | [DOWNLOAD FAIL] track_id=3112：Deezer 无结果
2026-04-03 13:50:23 | WARNING  | [DOWNLOAD FAIL] track_id=3121：Deezer 无结果
2026-04-03 13:50:24 | WARNING  | [DOWNLOAD FAIL] track_id=3126：Deezer 无结果
2026-04-03 13:50:25 | WARNING  | [DOWNLOAD FAIL] track_id=3132：Deezer 无结果
2026-04-03 13:50:25 | WARNING  | [DOWNLOAD FAIL] track_id=3133：Deezer 无结果
2026-04-03 13:50:26 | WARNING  | [DOWNLOAD FAIL] track_id=3134：Deezer 无结果
2026-04-03 13:50:26 | WARNING  | [DOWNLOAD FAIL] track_id=3135：Deezer 无结果
2026-04-03 13:50:26 | WARNING  | [DOWNLOAD FAIL] track_id=3137：Deezer 无结果
2026-04-03 13:50:26 | WARNING  | [DOWNLOAD FAIL] track_id=3140：Deezer 无结果
2026-04-03 13:50:26 | WARNING  | [DOWNLOAD FAIL] track_id=3136：Deezer 无结果
2026-04-03 13:50:26 | WARNING  | [DOWNLOAD FAIL] track_id=3138：Deezer 无结果
2026-04-03 13:50:26 | WARNING  | [DOWNLOAD FAIL] track_id=3139：Deezer 无结果
2026-04-03 13:50:26 | WARNING  | [DOWNLOAD FAIL] track_id=3141：Deezer 无结果
2026-04-03 13:50:26 | WARNING  | [DOWNLOAD FAIL] track_id=3144：Deezer 无结果
2026-04-03 13:50:26 | WARNING  | [DOWNLOAD FAIL] track_id=3143：Deezer 无结果
2026-04-03 13:50:30 | WARNING  | [DOWNLOAD FAIL] track_id=3162：Deezer 无结果
2026-04-03 13:50:30 | WARNING  | [DOWNLOAD FAIL] track_id=3163：Deezer 无结果
2026-04-03 13:50:30 | WARNING  | [DOWNLOAD FAIL] track_id=3165：Deezer 无结果
2026-04-03 13:50:30 | WARNING  | [DOWNLOAD FAIL] track_id=3166：Deezer 无结果
2026-04-03 13:50:30 | WARNING  | [DOWNLOAD FAIL] track_id=3168：Deezer 无结果
2026-04-03 13:50:31 | WARNING  | [DOWNLOAD FAIL] track_id=3170：Deezer 无结果
2026-04-03 13:50:31 | WARNING  | [DOWNLOAD FAIL] track_id=3169：Deezer 无结果
2026-04-03 13:50:31 | WARNING  | [DOWNLOAD FAIL] track_id=3172：Deezer 无结果
2026-04-03 13:50:31 | WARNING  | [DOWNLOAD FAIL] track_id=3171：Deezer 无结果
2026-04-03 13:50:31 | WARNING  | [DOWNLOAD FAIL] track_id=3174：Deezer 无结果
2026-04-03 13:50:31 | WARNING  | [DOWNLOAD FAIL] track_id=3175：Deezer 无结果
2026-04-03 13:50:31 | WARNING  | [DOWNLOAD FAIL] track_id=3173：Deezer 无结果
2026-04-03 13:50:31 | WARNING  | [DOWNLOAD FAIL] track_id=3176：Deezer 无结果
2026-04-03 13:50:31 | WARNING  | [DOWNLOAD FAIL] track_id=3177：Deezer 无结果
2026-04-03 13:50:32 | WARNING  | [DOWNLOAD FAIL] track_id=3179：Deezer 无结果
2026-04-03 13:50:32 | WARNING  | [DOWNLOAD FAIL] track_id=3180：Deezer 无结果
2026-04-03 13:50:32 | WARNING  | [DOWNLOAD FAIL] track_id=3181：Deezer 无结果
2026-04-03 13:50:32 | WARNING  | [DOWNLOAD FAIL] track_id=3178：Deezer 无结果
2026-04-03 13:50:32 | WARNING  | [DOWNLOAD FAIL] track_id=3182：Deezer 无结果
2026-04-03 13:50:32 | WARNING  | [DOWNLOAD FAIL] track_id=3185：Deezer 无结果
2026-04-03 13:50:32 | WARNING  | [DOWNLOAD FAIL] track_id=3184：Deezer 无结果
2026-04-03 13:50:32 | WARNING  | [DOWNLOAD FAIL] track_id=3183：Deezer 无结果
2026-04-03 13:50:32 | WARNING  | [DOWNLOAD FAIL] track_id=3187：Deezer 无结果
2026-04-03 13:50:32 | WARNING  | [DOWNLOAD FAIL] track_id=3186：Deezer 无结果
2026-04-03 13:50:32 | WARNING  | [DOWNLOAD FAIL] track_id=3188：Deezer 无结果
2026-04-03 13:50:32 | WARNING  | [DOWNLOAD FAIL] track_id=3192：Deezer 无结果
2026-04-03 13:50:32 | WARNING  | [DOWNLOAD FAIL] track_id=3191：Deezer 无结果
2026-04-03 13:50:32 | WARNING  | [DOWNLOAD FAIL] track_id=3193：Deezer 无结果
2026-04-03 13:50:32 | WARNING  | [DOWNLOAD FAIL] track_id=3194：Deezer 无结果
2026-04-03 13:50:34 | WARNING  | [DOWNLOAD FAIL] track_id=3200：Deezer 无结果
2026-04-03 13:50:35 | WARNING  | [DOWNLOAD FAIL] track_id=3205：Deezer 无结果
2026-04-03 13:50:35 | WARNING  | [DOWNLOAD FAIL] track_id=3206：Deezer 无结果
2026-04-03 13:50:38 | WARNING  | [DOWNLOAD FAIL] track_id=3221：Deezer 无结果
2026-04-03 13:50:40 | WARNING  | [DOWNLOAD FAIL] track_id=3230：Deezer 无结果
2026-04-03 13:50:40 | WARNING  | [DOWNLOAD FAIL] track_id=3231：Deezer 无结果
2026-04-03 13:50:40 | WARNING  | [DOWNLOAD FAIL] track_id=3232：Deezer 无结果
2026-04-03 13:50:40 | WARNING  | [DOWNLOAD FAIL] track_id=3233：Deezer 无结果
2026-04-03 13:50:41 | WARNING  | [DOWNLOAD FAIL] track_id=3235：Deezer 无结果
2026-04-03 13:50:41 | WARNING  | [DOWNLOAD FAIL] track_id=3236：Deezer 无结果
2026-04-03 13:50:41 | WARNING  | [DOWNLOAD FAIL] track_id=3237：Deezer 无结果
2026-04-03 13:50:41 | WARNING  | [DOWNLOAD FAIL] track_id=3238：Deezer 无结果
2026-04-03 13:50:41 | WARNING  | [DOWNLOAD FAIL] track_id=3239：Deezer 无结果
2026-04-03 13:50:41 | WARNING  | [DOWNLOAD FAIL] track_id=3240：Deezer 无结果
2026-04-03 13:50:41 | WARNING  | [DOWNLOAD FAIL] track_id=3241：Deezer 无结果
2026-04-03 13:50:41 | WARNING  | [DOWNLOAD FAIL] track_id=3243：Deezer 无结果
2026-04-03 13:50:41 | WARNING  | [DOWNLOAD FAIL] track_id=3244：Deezer 无结果
2026-04-03 13:50:41 | WARNING  | [DOWNLOAD FAIL] track_id=3242：Deezer 无结果
2026-04-03 13:50:41 | WARNING  | [DOWNLOAD FAIL] track_id=3246：Deezer 无结果
2026-04-03 13:50:41 | WARNING  | [DOWNLOAD FAIL] track_id=3247：Deezer 无结果
2026-04-03 13:50:41 | WARNING  | [DOWNLOAD FAIL] track_id=3249：Deezer 无结果
2026-04-03 13:50:42 | WARNING  | [DOWNLOAD FAIL] track_id=3245：Deezer 无结果
2026-04-03 13:50:42 | WARNING  | [DOWNLOAD FAIL] track_id=3248：Deezer 无结果
2026-04-03 13:50:42 | WARNING  | [DOWNLOAD FAIL] track_id=3250：Deezer 无结果
2026-04-03 13:50:42 | WARNING  | [DOWNLOAD FAIL] track_id=3251：Deezer 无结果
2026-04-03 13:50:42 | WARNING  | [DOWNLOAD FAIL] track_id=3252：Deezer 无结果
2026-04-03 13:50:42 | WARNING  | [DOWNLOAD FAIL] track_id=3253：Deezer 无结果
2026-04-03 13:50:42 | WARNING  | [DOWNLOAD FAIL] track_id=3254：Deezer 无结果
2026-04-03 13:50:42 | WARNING  | [DOWNLOAD FAIL] track_id=3255：Deezer 无结果
2026-04-03 13:50:42 | WARNING  | [DOWNLOAD FAIL] track_id=3256：Deezer 无结果
2026-04-03 13:50:42 | WARNING  | [DOWNLOAD FAIL] track_id=3258：Deezer 无结果
2026-04-03 13:50:42 | WARNING  | [DOWNLOAD FAIL] track_id=3257：Deezer 无结果
2026-04-03 13:50:42 | WARNING  | [DOWNLOAD FAIL] track_id=3259：Deezer 无结果
2026-04-03 13:50:42 | WARNING  | [DOWNLOAD FAIL] track_id=3262：Deezer 无结果
2026-04-03 13:50:42 | WARNING  | [DOWNLOAD FAIL] track_id=3263：Deezer 无结果
2026-04-03 13:50:42 | WARNING  | [DOWNLOAD FAIL] track_id=3264：Deezer 无结果
2026-04-03 13:50:42 | WARNING  | [DOWNLOAD FAIL] track_id=3267：Deezer 无结果
2026-04-03 13:50:42 | WARNING  | [DOWNLOAD FAIL] track_id=3266：Deezer 无结果
2026-04-03 13:50:43 | WARNING  | [DOWNLOAD FAIL] track_id=3268：Deezer 无结果
2026-04-03 13:50:43 | WARNING  | [DOWNLOAD FAIL] track_id=3270：Deezer 无结果
2026-04-03 13:50:43 | WARNING  | [DOWNLOAD FAIL] track_id=3272：Deezer 无结果
2026-04-03 13:50:43 | WARNING  | [DOWNLOAD FAIL] track_id=3271：Deezer 无结果
2026-04-03 13:50:44 | WARNING  | [DOWNLOAD FAIL] track_id=3273：Deezer 无结果
2026-04-03 13:50:44 | WARNING  | [DOWNLOAD FAIL] track_id=3274：Deezer 无结果
2026-04-03 13:50:44 | WARNING  | [DOWNLOAD FAIL] track_id=3277：Deezer 无结果
2026-04-03 13:50:45 | WARNING  | [DOWNLOAD FAIL] track_id=3282：Deezer 无结果
2026-04-03 13:50:45 | WARNING  | [DOWNLOAD FAIL] track_id=3281：Deezer 无结果
2026-04-03 13:50:45 | WARNING  | [DOWNLOAD FAIL] track_id=3285：Deezer 无结果
2026-04-03 13:50:45 | WARNING  | [DOWNLOAD FAIL] track_id=3287：Deezer 无结果
2026-04-03 13:50:45 | WARNING  | [DOWNLOAD FAIL] track_id=3288：Deezer 无结果
2026-04-03 13:50:46 | WARNING  | [DOWNLOAD FAIL] track_id=3290：Deezer 无结果
2026-04-03 13:50:46 | WARNING  | [DOWNLOAD FAIL] track_id=3292：Deezer 无结果
2026-04-03 13:50:46 | WARNING  | [DOWNLOAD FAIL] track_id=3293：Deezer 无结果
2026-04-03 13:50:46 | WARNING  | [DOWNLOAD FAIL] track_id=3294：Deezer 无结果
2026-04-03 13:50:47 | WARNING  | [DOWNLOAD FAIL] track_id=3295：Deezer 无结果
2026-04-03 13:50:47 | WARNING  | [DOWNLOAD FAIL] track_id=3298：Deezer 无结果
2026-04-03 13:50:47 | WARNING  | [DOWNLOAD FAIL] track_id=3299：Deezer 无结果
2026-04-03 13:50:47 | WARNING  | [DOWNLOAD FAIL] track_id=3297：Deezer 无结果
2026-04-03 13:50:47 | WARNING  | [DOWNLOAD FAIL] track_id=3300：Deezer 无结果
2026-04-03 13:50:47 | WARNING  | [DOWNLOAD FAIL] track_id=3303：Deezer 无结果
2026-04-03 13:50:47 | WARNING  | [DOWNLOAD FAIL] track_id=3301：Deezer 无结果
2026-04-03 13:50:47 | WARNING  | [DOWNLOAD FAIL] track_id=3306：Deezer 无结果
2026-04-03 13:50:48 | WARNING  | [DOWNLOAD FAIL] track_id=3305：Deezer 无结果
2026-04-03 13:50:48 | WARNING  | [DOWNLOAD FAIL] track_id=3307：Deezer 无结果
2026-04-03 13:50:48 | WARNING  | [DOWNLOAD FAIL] track_id=3308：Deezer 无结果
2026-04-03 13:50:48 | WARNING  | [DOWNLOAD FAIL] track_id=3309：Deezer 无结果
2026-04-03 13:50:48 | WARNING  | [DOWNLOAD FAIL] track_id=3310：Deezer 无结果
2026-04-03 13:50:48 | WARNING  | [DOWNLOAD FAIL] track_id=3311：Deezer 无结果
2026-04-03 13:50:48 | WARNING  | [DOWNLOAD FAIL] track_id=3312：Deezer 无结果
2026-04-03 13:50:48 | WARNING  | [DOWNLOAD FAIL] track_id=3314：Deezer 无结果
2026-04-03 13:50:48 | WARNING  | [DOWNLOAD FAIL] track_id=3313：Deezer 无结果
2026-04-03 13:50:48 | WARNING  | [DOWNLOAD FAIL] track_id=3315：Deezer 无结果
2026-04-03 13:50:48 | WARNING  | [DOWNLOAD FAIL] track_id=3316：Deezer 无结果
2026-04-03 13:50:48 | WARNING  | [DOWNLOAD FAIL] track_id=3319：Deezer 无结果
2026-04-03 13:50:48 | WARNING  | [DOWNLOAD FAIL] track_id=3318：Deezer 无结果
2026-04-03 13:50:48 | WARNING  | [DOWNLOAD FAIL] track_id=3320：Deezer 无结果
2026-04-03 13:50:48 | WARNING  | [DOWNLOAD FAIL] track_id=3317：Deezer 无结果
2026-04-03 13:50:49 | WARNING  | [DOWNLOAD FAIL] track_id=3322：Deezer 无结果
2026-04-03 13:50:49 | WARNING  | [DOWNLOAD FAIL] track_id=3323：Deezer 无结果
2026-04-03 13:50:49 | WARNING  | [DOWNLOAD FAIL] track_id=3321：Deezer 无结果
2026-04-03 13:50:49 | WARNING  | [DOWNLOAD FAIL] track_id=3325：Deezer 无结果
2026-04-03 13:50:49 | WARNING  | [DOWNLOAD FAIL] track_id=3324：Deezer 无结果
2026-04-03 13:50:49 | WARNING  | [DOWNLOAD FAIL] track_id=3327：Deezer 无结果
2026-04-03 13:50:49 | WARNING  | [DOWNLOAD FAIL] track_id=3328：Deezer 无结果
2026-04-03 13:50:49 | WARNING  | [DOWNLOAD FAIL] track_id=3326：Deezer 无结果
2026-04-03 13:50:49 | WARNING  | [DOWNLOAD FAIL] track_id=3330：Deezer 无结果
2026-04-03 13:50:49 | WARNING  | [DOWNLOAD FAIL] track_id=3329：Deezer 无结果
2026-04-03 13:50:49 | WARNING  | [DOWNLOAD FAIL] track_id=3332：Deezer 无结果
2026-04-03 13:50:49 | WARNING  | [DOWNLOAD FAIL] track_id=3334：Deezer 无结果
2026-04-03 13:50:49 | WARNING  | [DOWNLOAD FAIL] track_id=3335：Deezer 无结果
2026-04-03 13:50:49 | WARNING  | [DOWNLOAD FAIL] track_id=3336：Deezer 无结果
2026-04-03 13:50:49 | WARNING  | [DOWNLOAD FAIL] track_id=3337：Deezer 无结果
2026-04-03 13:50:49 | WARNING  | [DOWNLOAD FAIL] track_id=3338：Deezer 无结果
2026-04-03 13:50:50 | WARNING  | [DOWNLOAD FAIL] track_id=3339：Deezer 无结果
2026-04-03 13:50:50 | WARNING  | [DOWNLOAD FAIL] track_id=3341：Deezer 无结果
2026-04-03 13:50:50 | WARNING  | [DOWNLOAD FAIL] track_id=3340：Deezer 无结果
2026-04-03 13:50:50 | WARNING  | [DOWNLOAD FAIL] track_id=3342：Deezer 无结果
2026-04-03 13:50:50 | WARNING  | [DOWNLOAD FAIL] track_id=3344：Deezer 无结果
2026-04-03 13:50:50 | WARNING  | [DOWNLOAD FAIL] track_id=3343：Deezer 无结果
2026-04-03 13:50:50 | WARNING  | [DOWNLOAD FAIL] track_id=3346：Deezer 无结果
2026-04-03 13:50:50 | WARNING  | [DOWNLOAD FAIL] track_id=3348：Deezer 无结果
2026-04-03 13:50:50 | WARNING  | [DOWNLOAD FAIL] track_id=3345：Deezer 无结果
2026-04-03 13:50:50 | WARNING  | [DOWNLOAD FAIL] track_id=3347：Deezer 无结果
2026-04-03 13:50:50 | WARNING  | [DOWNLOAD FAIL] track_id=3349：Deezer 无结果
2026-04-03 13:50:51 | WARNING  | [DOWNLOAD FAIL] track_id=3350：Deezer 无结果
2026-04-03 13:50:51 | WARNING  | [DOWNLOAD FAIL] track_id=3354：Deezer 无结果
2026-04-03 13:50:51 | WARNING  | [DOWNLOAD FAIL] track_id=3355：Deezer 无结果
2026-04-03 13:50:51 | WARNING  | [DOWNLOAD FAIL] track_id=3356：Deezer 无结果
2026-04-03 13:50:51 | WARNING  | [DOWNLOAD FAIL] track_id=3358：Deezer 无结果
2026-04-03 13:50:53 | WARNING  | [DOWNLOAD FAIL] track_id=3365：Deezer 无结果
2026-04-03 13:50:54 | WARNING  | [DOWNLOAD FAIL] track_id=3369：Deezer 无结果
2026-04-03 13:50:54 | WARNING  | [DOWNLOAD FAIL] track_id=3370：Deezer 无结果
2026-04-03 13:50:54 | WARNING  | [DOWNLOAD FAIL] track_id=3371：Deezer 无结果
2026-04-03 13:50:54 | WARNING  | [DOWNLOAD FAIL] track_id=3372：Deezer 无结果
2026-04-03 13:50:54 | WARNING  | [DOWNLOAD FAIL] track_id=3373：Deezer 无结果
2026-04-03 13:50:54 | WARNING  | [DOWNLOAD FAIL] track_id=3374：Deezer 无结果
2026-04-03 13:50:55 | WARNING  | [DOWNLOAD FAIL] track_id=3376：Deezer 无结果
2026-04-03 13:50:55 | WARNING  | [DOWNLOAD FAIL] track_id=3377：Deezer 无结果
2026-04-03 13:50:55 | WARNING  | [DOWNLOAD FAIL] track_id=3379：Deezer 无结果
2026-04-03 13:50:55 | WARNING  | [DOWNLOAD FAIL] track_id=3381：Deezer 无结果
2026-04-03 13:50:55 | WARNING  | [DOWNLOAD FAIL] track_id=3383：Deezer 无结果
2026-04-03 13:50:55 | WARNING  | [DOWNLOAD FAIL] track_id=3384：Deezer 无结果
2026-04-03 13:50:57 | WARNING  | [DOWNLOAD FAIL] track_id=3390：Deezer 无结果
2026-04-03 13:50:57 | WARNING  | [DOWNLOAD FAIL] track_id=3394：Deezer 无结果
2026-04-03 13:50:58 | WARNING  | [DOWNLOAD FAIL] track_id=3396：Deezer 无结果
2026-04-03 13:50:59 | WARNING  | [DOWNLOAD FAIL] track_id=3401：Deezer 无结果
2026-04-03 13:51:00 | WARNING  | [DOWNLOAD FAIL] track_id=3408：Deezer 无结果
2026-04-03 13:51:01 | WARNING  | [DOWNLOAD FAIL] track_id=3414：Deezer 无结果
2026-04-03 13:51:03 | WARNING  | [DOWNLOAD FAIL] track_id=3421：Deezer 无结果
2026-04-03 13:51:03 | WARNING  | [DOWNLOAD FAIL] track_id=3423：Deezer 无结果
2026-04-03 13:51:04 | WARNING  | [DOWNLOAD FAIL] track_id=3428：Deezer 无结果
2026-04-03 13:51:06 | WARNING  | [DOWNLOAD FAIL] track_id=3435：Deezer 无结果
2026-04-03 13:51:06 | WARNING  | [DOWNLOAD FAIL] track_id=3439：Deezer 无结果
2026-04-03 13:51:06 | WARNING  | [DOWNLOAD FAIL] track_id=3440：Deezer 无结果
2026-04-03 13:51:06 | WARNING  | [DOWNLOAD FAIL] track_id=3443：Deezer 无结果
2026-04-03 13:51:07 | WARNING  | [DOWNLOAD FAIL] track_id=3445：Deezer 无结果
2026-04-03 13:51:08 | WARNING  | [DOWNLOAD FAIL] track_id=3451：Deezer 无结果
2026-04-03 13:51:09 | WARNING  | [DOWNLOAD FAIL] track_id=3455：Deezer 无结果
2026-04-03 13:51:09 | WARNING  | [DOWNLOAD FAIL] track_id=3459：Deezer 无结果
2026-04-03 13:51:10 | WARNING  | [DOWNLOAD FAIL] track_id=3462：Deezer 无结果
2026-04-03 13:51:11 | WARNING  | [DOWNLOAD FAIL] track_id=3470：Deezer 无结果
2026-04-03 13:51:12 | WARNING  | [DOWNLOAD FAIL] track_id=3473：Deezer 无结果
2026-04-03 13:51:13 | WARNING  | [DOWNLOAD FAIL] track_id=3477：Deezer 无结果
2026-04-03 13:51:13 | WARNING  | [DOWNLOAD FAIL] track_id=3478：Deezer 无结果
2026-04-03 13:51:13 | WARNING  | [DOWNLOAD FAIL] track_id=3482：Deezer 无结果
2026-04-03 13:51:14 | WARNING  | [DOWNLOAD FAIL] track_id=3485：Deezer 无结果
2026-04-03 13:51:14 | WARNING  | [DOWNLOAD FAIL] track_id=3487：Deezer 无结果
2026-04-03 13:51:14 | WARNING  | [DOWNLOAD FAIL] track_id=3488：Deezer 无结果
2026-04-03 13:51:15 | WARNING  | [DOWNLOAD FAIL] track_id=3495：Deezer 无结果
2026-04-03 13:51:15 | WARNING  | [DOWNLOAD FAIL] track_id=3494：Deezer 无结果
2026-04-03 13:51:15 | WARNING  | [DOWNLOAD FAIL] track_id=3496：Deezer 无结果
2026-04-03 13:51:16 | WARNING  | [DOWNLOAD FAIL] track_id=3498：Deezer 无结果
2026-04-03 13:51:16 | WARNING  | [DOWNLOAD FAIL] track_id=3501：Deezer 无结果
2026-04-03 13:51:16 | WARNING  | [DOWNLOAD FAIL] track_id=3502：Deezer 无结果
2026-04-03 13:51:17 | WARNING  | [DOWNLOAD FAIL] track_id=3506：Deezer 无结果
2026-04-03 13:51:17 | WARNING  | [DOWNLOAD FAIL] track_id=3505：Deezer 无结果
2026-04-03 13:51:17 | WARNING  | [DOWNLOAD FAIL] track_id=3507：Deezer 无结果
2026-04-03 13:51:17 | WARNING  | [DOWNLOAD FAIL] track_id=3509：Deezer 无结果
2026-04-03 13:51:18 | INFO     | [DOWNLOAD] 成功 282/500，失败 218 条：[3012, 3011, 3010, 3035, 3040, 3041, 3070, 3069, 3074, 3079]...
2026-04-03 13:52:30 | INFO     | [EMBED] 成功 282/282，失败 0 条
2026-04-03 13:52:30 | INFO     | [EMBED SAVE] 追加 282 条，矩阵总行数 1,508，文件大小 0.01 GB
2026-04-03 13:52:32 | INFO     | === 批次 0006 完成，耗时 148.2s，预计剩余时间 371.9h ===
