2026-04-03 13:52:32 | INFO     | === 批次 0007 开始，共 500 首 ===
2026-04-03 13:52:32 | WARNING  | [DOWNLOAD FAIL] track_id=3513：Deezer 无结果
2026-04-03 13:52:32 | WARNING  | [DOWNLOAD FAIL] track_id=3510：Deezer 无结果
2026-04-03 13:52:32 | WARNING  | [DOWNLOAD FAIL] track_id=3514：Deezer 无结果
2026-04-03 13:52:32 | WARNING  | [DOWNLOAD FAIL] track_id=3512：Deezer 无结果
2026-04-03 13:52:32 | WARNING  | [DOWNLOAD FAIL] track_id=3515：Deezer 无结果
2026-04-03 13:52:32 | WARNING  | [DOWNLOAD FAIL] track_id=3517：Deezer 无结果
2026-04-03 13:52:32 | WARNING  | [DOWNLOAD FAIL] track_id=3519：Deezer 无结果
2026-04-03 13:52:33 | WARNING  | [DOWNLOAD FAIL] track_id=3521：Deezer 无结果
2026-04-03 13:52:33 | WARNING  | [DOWNLOAD FAIL] track_id=3522：Deezer 无结果
2026-04-03 13:52:33 | WARNING  | [DOWNLOAD FAIL] track_id=3520：Deezer 无结果
2026-04-03 13:52:33 | WARNING  | [DOWNLOAD FAIL] track_id=3524：Deezer 无结果
2026-04-03 13:52:33 | WARNING  | [DOWNLOAD FAIL] track_id=3527：Deezer 无结果
2026-04-03 13:52:33 | WARNING  | [DOWNLOAD FAIL] track_id=3528：Deezer 无结果
2026-04-03 13:52:34 | WARNING  | [DOWNLOAD FAIL] track_id=3529：Deezer 无结果
2026-04-03 13:52:34 | WARNING  | [DOWNLOAD FAIL] track_id=3531：Deezer 无结果
2026-04-03 13:52:34 | WARNING  | [DOWNLOAD FAIL] track_id=3530：Deezer 无结果
2026-04-03 13:52:34 | WARNING  | [DOWNLOAD FAIL] track_id=3533：Deezer 无结果
2026-04-03 13:52:34 | WARNING  | [DOWNLOAD FAIL] track_id=3534：Deezer 无结果
2026-04-03 13:52:34 | WARNING  | [DOWNLOAD FAIL] track_id=3537：Deezer 无结果
2026-04-03 13:52:34 | WARNING  | [DOWNLOAD FAIL] track_id=3539：Deezer 无结果
2026-04-03 13:52:34 | WARNING  | [DOWNLOAD FAIL] track_id=3540：Deezer 无结果
2026-04-03 13:52:35 | WARNING  | [DOWNLOAD FAIL] track_id=3542：Deezer 无结果
2026-04-03 13:52:35 | WARNING  | [DOWNLOAD FAIL] track_id=3544：Deezer 无结果
2026-04-03 13:52:36 | WARNING  | [DOWNLOAD FAIL] track_id=3549：Deezer 无结果
2026-04-03 13:52:36 | WARNING  | [DOWNLOAD FAIL] track_id=3550：Deezer 无结果
2026-04-03 13:52:36 | WARNING  | [DOWNLOAD FAIL] track_id=3551：Deezer 无结果
2026-04-03 13:52:36 | WARNING  | [DOWNLOAD FAIL] track_id=3552：Deezer 无结果
2026-04-03 13:52:37 | WARNING  | [DOWNLOAD FAIL] track_id=3553：Deezer 无结果
2026-04-03 13:52:37 | WARNING  | [DOWNLOAD FAIL] track_id=3554：Deezer 无结果
2026-04-03 13:52:37 | WARNING  | [DOWNLOAD FAIL] track_id=3555：Deezer 无结果
2026-04-03 13:52:37 | WARNING  | [DOWNLOAD FAIL] track_id=3560：Deezer 无结果
2026-04-03 13:52:38 | WARNING  | [DOWNLOAD FAIL] track_id=3562：Deezer 无结果
2026-04-03 13:52:38 | WARNING  | [DOWNLOAD FAIL] track_id=3564：Deezer 无结果
2026-04-03 13:52:38 | WARNING  | [DOWNLOAD FAIL] track_id=3566：Deezer 无结果
2026-04-03 13:52:38 | WARNING  | [DOWNLOAD FAIL] track_id=3567：Deezer 无结果
2026-04-03 13:52:38 | WARNING  | [DOWNLOAD FAIL] track_id=3568：Deezer 无结果
2026-04-03 13:52:39 | WARNING  | [DOWNLOAD FAIL] track_id=3571：Deezer 无结果
2026-04-03 13:52:40 | WARNING  | [DOWNLOAD FAIL] track_id=3576：Deezer 无结果
2026-04-03 13:52:40 | WARNING  | [DOWNLOAD FAIL] track_id=3577：Deezer 无结果
2026-04-03 13:52:40 | WARNING  | [DOWNLOAD FAIL] track_id=3580：Deezer 无结果
2026-04-03 13:52:40 | WARNING  | [DOWNLOAD FAIL] track_id=3581：Deezer 无结果
2026-04-03 13:52:41 | WARNING  | [DOWNLOAD FAIL] track_id=3582：Deezer 无结果
2026-04-03 13:52:41 | WARNING  | [DOWNLOAD FAIL] track_id=3583：Deezer 无结果
2026-04-03 13:52:41 | WARNING  | [DOWNLOAD FAIL] track_id=3584：Deezer 无结果
2026-04-03 13:52:43 | WARNING  | [DOWNLOAD FAIL] track_id=3595：Deezer 无结果
2026-04-03 13:52:43 | WARNING  | [DOWNLOAD FAIL] track_id=3596：Deezer 无结果
2026-04-03 13:52:43 | WARNING  | [DOWNLOAD FAIL] track_id=3598：Deezer 无结果
2026-04-03 13:52:44 | WARNING  | [DOWNLOAD FAIL] track_id=3599：Deezer 无结果
2026-04-03 13:52:44 | WARNING  | [DOWNLOAD FAIL] track_id=3597：Deezer 无结果
2026-04-03 13:52:44 | WARNING  | [DOWNLOAD FAIL] track_id=3604：Deezer 无结果
2026-04-03 13:52:45 | WARNING  | [DOWNLOAD FAIL] track_id=3607：Deezer 无结果
2026-04-03 13:52:45 | WARNING  | [DOWNLOAD FAIL] track_id=3606：Deezer 无结果
2026-04-03 13:52:45 | WARNING  | [DOWNLOAD FAIL] track_id=3608：Deezer 无结果
2026-04-03 13:52:45 | WARNING  | [DOWNLOAD FAIL] track_id=3609：Deezer 无结果
2026-04-03 13:52:47 | WARNING  | [DOWNLOAD FAIL] track_id=3617：Deezer 无结果
2026-04-03 13:52:48 | WARNING  | [DOWNLOAD FAIL] track_id=3626：Deezer 无结果
2026-04-03 13:52:49 | WARNING  | [DOWNLOAD FAIL] track_id=3627：Deezer 无结果
2026-04-03 13:52:49 | WARNING  | [DOWNLOAD FAIL] track_id=3628：Deezer 无结果
2026-04-03 13:52:49 | WARNING  | [DOWNLOAD FAIL] track_id=3629：Deezer 无结果
2026-04-03 13:52:49 | WARNING  | [DOWNLOAD FAIL] track_id=3630：Deezer 无结果
2026-04-03 13:52:49 | WARNING  | [DOWNLOAD FAIL] track_id=3632：Deezer 无结果
2026-04-03 13:52:49 | WARNING  | [DOWNLOAD FAIL] track_id=3636：Deezer 无结果
2026-04-03 13:52:49 | WARNING  | [DOWNLOAD FAIL] track_id=3635：Deezer 无结果
2026-04-03 13:52:50 | WARNING  | [DOWNLOAD FAIL] track_id=3637：Deezer 无结果
2026-04-03 13:52:50 | WARNING  | [DOWNLOAD FAIL] track_id=3638：Deezer 无结果
2026-04-03 13:52:50 | WARNING  | [DOWNLOAD FAIL] track_id=3639：Deezer 无结果
2026-04-03 13:52:50 | WARNING  | [DOWNLOAD FAIL] track_id=3640：Deezer 无结果
2026-04-03 13:52:50 | WARNING  | [DOWNLOAD FAIL] track_id=3641：Deezer 无结果
2026-04-03 13:52:50 | WARNING  | [DOWNLOAD FAIL] track_id=3642：Deezer 无结果
2026-04-03 13:52:50 | WARNING  | [DOWNLOAD FAIL] track_id=3643：Deezer 无结果
2026-04-03 13:52:50 | WARNING  | [DOWNLOAD FAIL] track_id=3644：Deezer 无结果
2026-04-03 13:52:50 | WARNING  | [DOWNLOAD FAIL] track_id=3645：Deezer 无结果
2026-04-03 13:52:50 | WARNING  | [DOWNLOAD FAIL] track_id=3646：Deezer 无结果
2026-04-03 13:52:50 | WARNING  | [DOWNLOAD FAIL] track_id=3647：Deezer 无结果
2026-04-03 13:52:50 | WARNING  | [DOWNLOAD FAIL] track_id=3649：Deezer 无结果
2026-04-03 13:52:50 | WARNING  | [DOWNLOAD FAIL] track_id=3648：Deezer 无结果
2026-04-03 13:52:50 | WARNING  | [DOWNLOAD FAIL] track_id=3651：Deezer 无结果
2026-04-03 13:52:51 | WARNING  | [DOWNLOAD FAIL] track_id=3654：Deezer 无结果
2026-04-03 13:52:51 | WARNING  | [DOWNLOAD FAIL] track_id=3655：Deezer 无结果
2026-04-03 13:52:51 | WARNING  | [DOWNLOAD FAIL] track_id=3656：Deezer 无结果
2026-04-03 13:52:51 | WARNING  | [DOWNLOAD FAIL] track_id=3657：Deezer 无结果
2026-04-03 13:52:51 | WARNING  | [DOWNLOAD FAIL] track_id=3658：Deezer 无结果
2026-04-03 13:52:51 | WARNING  | [DOWNLOAD FAIL] track_id=3659：Deezer 无结果
2026-04-03 13:52:51 | WARNING  | [DOWNLOAD FAIL] track_id=3663：Deezer 无结果
2026-04-03 13:52:51 | WARNING  | [DOWNLOAD FAIL] track_id=3660：Deezer 无结果
2026-04-03 13:52:51 | WARNING  | [DOWNLOAD FAIL] track_id=3661：Deezer 无结果
2026-04-03 13:52:51 | WARNING  | [DOWNLOAD FAIL] track_id=3662：Deezer 无结果
2026-04-03 13:52:51 | WARNING  | [DOWNLOAD FAIL] track_id=3664：Deezer 无结果
2026-04-03 13:52:51 | WARNING  | [DOWNLOAD FAIL] track_id=3665：Deezer 无结果
2026-04-03 13:52:52 | WARNING  | [DOWNLOAD FAIL] track_id=3666：Deezer 无结果
2026-04-03 13:52:53 | WARNING  | [DOWNLOAD FAIL] track_id=3672：Deezer 无结果
2026-04-03 13:52:53 | WARNING  | [DOWNLOAD FAIL] track_id=3677：Deezer 无结果
2026-04-03 13:52:55 | WARNING  | [DOWNLOAD FAIL] track_id=3679：Deezer 无结果
2026-04-03 13:52:55 | WARNING  | [DOWNLOAD FAIL] track_id=3681：Deezer 无结果
2026-04-03 13:52:55 | WARNING  | [DOWNLOAD FAIL] track_id=3682：Deezer 无结果
2026-04-03 13:52:56 | WARNING  | [DOWNLOAD FAIL] track_id=3689：Deezer 无结果
2026-04-03 13:52:57 | WARNING  | [DOWNLOAD FAIL] track_id=3693：Deezer 无结果
2026-04-03 13:52:57 | WARNING  | [DOWNLOAD FAIL] track_id=3695：Deezer 无结果
2026-04-03 13:52:57 | WARNING  | [DOWNLOAD FAIL] track_id=3696：Deezer 无结果
2026-04-03 13:53:02 | WARNING  | [DOWNLOAD FAIL] track_id=3718：Deezer 无结果
2026-04-03 13:53:03 | WARNING  | [DOWNLOAD FAIL] track_id=3723：Deezer 无结果
2026-04-03 13:53:05 | WARNING  | [DOWNLOAD FAIL] track_id=3729：Deezer 无结果
2026-04-03 13:53:05 | WARNING  | [DOWNLOAD FAIL] track_id=3731：Deezer 无结果
2026-04-03 13:53:05 | WARNING  | [DOWNLOAD FAIL] track_id=3734：Deezer 无结果
2026-04-03 13:53:06 | WARNING  | [DOWNLOAD FAIL] track_id=3736：Deezer 无结果
2026-04-03 13:53:06 | WARNING  | [DOWNLOAD FAIL] track_id=3737：Deezer 无结果
2026-04-03 13:53:06 | WARNING  | [DOWNLOAD FAIL] track_id=3738：Deezer 无结果
2026-04-03 13:53:06 | WARNING  | [DOWNLOAD FAIL] track_id=3740：Deezer 无结果
2026-04-03 13:53:07 | WARNING  | [DOWNLOAD FAIL] track_id=3742：Deezer 无结果
2026-04-03 13:53:07 | WARNING  | [DOWNLOAD FAIL] track_id=3744：Deezer 无结果
2026-04-03 13:53:07 | WARNING  | [DOWNLOAD FAIL] track_id=3746：Deezer 无结果
2026-04-03 13:53:07 | WARNING  | [DOWNLOAD FAIL] track_id=3747：Deezer 无结果
2026-04-03 13:53:08 | WARNING  | [DOWNLOAD FAIL] track_id=3749：Deezer 无结果
2026-04-03 13:53:08 | WARNING  | [DOWNLOAD FAIL] track_id=3752：Deezer 无结果
2026-04-03 13:53:08 | WARNING  | [DOWNLOAD FAIL] track_id=3753：Deezer 无结果
2026-04-03 13:53:09 | WARNING  | [DOWNLOAD FAIL] track_id=3755：Deezer 无结果
2026-04-03 13:53:09 | WARNING  | [DOWNLOAD FAIL] track_id=3758：Deezer 无结果
2026-04-03 13:53:10 | WARNING  | [DOWNLOAD FAIL] track_id=3763：Deezer 无结果
2026-04-03 13:53:10 | WARNING  | [DOWNLOAD FAIL] track_id=3766：Deezer 无结果
2026-04-03 13:53:11 | WARNING  | [DOWNLOAD FAIL] track_id=3769：Deezer 无结果
2026-04-03 13:53:11 | WARNING  | [DOWNLOAD FAIL] track_id=3771：Deezer 无结果
2026-04-03 13:53:12 | WARNING  | [DOWNLOAD FAIL] track_id=3770：Deezer 无结果
2026-04-03 13:53:12 | WARNING  | [DOWNLOAD FAIL] track_id=3776：Deezer 无结果
2026-04-03 13:53:13 | WARNING  | [DOWNLOAD FAIL] track_id=3779：Deezer 无结果
2026-04-03 13:53:13 | WARNING  | [DOWNLOAD FAIL] track_id=3781：Deezer 无结果
2026-04-03 13:53:13 | WARNING  | [DOWNLOAD FAIL] track_id=3782：Deezer 无结果
2026-04-03 13:53:13 | WARNING  | [DOWNLOAD FAIL] track_id=3780：Deezer 无结果
2026-04-03 13:53:13 | WARNING  | [DOWNLOAD FAIL] track_id=3783：Deezer 无结果
2026-04-03 13:53:13 | WARNING  | [DOWNLOAD FAIL] track_id=3788：Deezer 无结果
2026-04-03 13:53:14 | WARNING  | [DOWNLOAD FAIL] track_id=3790：Deezer 无结果
2026-04-03 13:53:16 | WARNING  | [DOWNLOAD FAIL] track_id=3799：Deezer 无结果
2026-04-03 13:53:16 | WARNING  | [DOWNLOAD FAIL] track_id=3800：Deezer 无结果
2026-04-03 13:53:17 | WARNING  | [DOWNLOAD FAIL] track_id=3804：Deezer 无结果
2026-04-03 13:53:23 | WARNING  | [DOWNLOAD FAIL] track_id=3830：Deezer 无结果
2026-04-03 13:53:23 | WARNING  | [DOWNLOAD FAIL] track_id=3832：Deezer 无结果
2026-04-03 13:53:24 | WARNING  | [DOWNLOAD FAIL] track_id=3833：Deezer 无结果
2026-04-03 13:53:24 | WARNING  | [DOWNLOAD FAIL] track_id=3835：Deezer 无结果
2026-04-03 13:53:24 | WARNING  | [DOWNLOAD FAIL] track_id=3834：Deezer 无结果
2026-04-03 13:53:24 | WARNING  | [DOWNLOAD FAIL] track_id=3836：Deezer 无结果
2026-04-03 13:53:25 | WARNING  | [DOWNLOAD FAIL] track_id=3843：Deezer 无结果
2026-04-03 13:53:26 | WARNING  | [DOWNLOAD FAIL] track_id=3845：Deezer 无结果
2026-04-03 13:53:26 | WARNING  | [DOWNLOAD FAIL] track_id=3847：Deezer 无结果
2026-04-03 13:53:26 | WARNING  | [DOWNLOAD FAIL] track_id=3846：Deezer 无结果
2026-04-03 13:53:26 | WARNING  | [DOWNLOAD FAIL] track_id=3848：Deezer 无结果
2026-04-03 13:53:26 | WARNING  | [DOWNLOAD FAIL] track_id=3849：Deezer 无结果
2026-04-03 13:53:26 | WARNING  | [DOWNLOAD FAIL] track_id=3851：Deezer 无结果
2026-04-03 13:53:26 | WARNING  | [DOWNLOAD FAIL] track_id=3850：Deezer 无结果
2026-04-03 13:53:26 | WARNING  | [DOWNLOAD FAIL] track_id=3852：Deezer 无结果
2026-04-03 13:53:26 | WARNING  | [DOWNLOAD FAIL] track_id=3855：Deezer 无结果
2026-04-03 13:53:26 | WARNING  | [DOWNLOAD FAIL] track_id=3854：Deezer 无结果
2026-04-03 13:53:26 | WARNING  | [DOWNLOAD FAIL] track_id=3853：Deezer 无结果
2026-04-03 13:53:30 | WARNING  | [DOWNLOAD FAIL] track_id=3871：Deezer 无结果
2026-04-03 13:53:36 | WARNING  | [DOWNLOAD FAIL] track_id=3897：Deezer 无结果
2026-04-03 13:53:36 | WARNING  | [DOWNLOAD FAIL] track_id=3901：Deezer 无结果
2026-04-03 13:53:37 | WARNING  | [DOWNLOAD FAIL] track_id=3903：Deezer 无结果
2026-04-03 13:53:37 | WARNING  | [DOWNLOAD FAIL] track_id=3904：Deezer 无结果
2026-04-03 13:53:37 | WARNING  | [DOWNLOAD FAIL] track_id=3906：Deezer 无结果
2026-04-03 13:53:37 | WARNING  | [DOWNLOAD FAIL] track_id=3905：Deezer 无结果
2026-04-03 13:53:37 | WARNING  | [DOWNLOAD FAIL] track_id=3907：Deezer 无结果
2026-04-03 13:53:37 | WARNING  | [DOWNLOAD FAIL] track_id=3908：Deezer 无结果
2026-04-03 13:53:37 | WARNING  | [DOWNLOAD FAIL] track_id=3909：Deezer 无结果
2026-04-03 13:53:37 | WARNING  | [DOWNLOAD FAIL] track_id=3911：Deezer 无结果
2026-04-03 13:53:38 | WARNING  | [DOWNLOAD FAIL] track_id=3912：Deezer 无结果
2026-04-03 13:53:38 | WARNING  | [DOWNLOAD FAIL] track_id=3914：Deezer 无结果
2026-04-03 13:53:38 | WARNING  | [DOWNLOAD FAIL] track_id=3915：Deezer 无结果
2026-04-03 13:53:38 | WARNING  | [DOWNLOAD FAIL] track_id=3916：Deezer 无结果
2026-04-03 13:53:38 | WARNING  | [DOWNLOAD FAIL] track_id=3917：Deezer 无结果
2026-04-03 13:53:38 | WARNING  | [DOWNLOAD FAIL] track_id=3918：Deezer 无结果
2026-04-03 13:53:38 | WARNING  | [DOWNLOAD FAIL] track_id=3919：Deezer 无结果
2026-04-03 13:53:38 | WARNING  | [DOWNLOAD FAIL] track_id=3920：Deezer 无结果
2026-04-03 13:53:38 | WARNING  | [DOWNLOAD FAIL] track_id=3921：Deezer 无结果
2026-04-03 13:53:38 | WARNING  | [DOWNLOAD FAIL] track_id=3922：Deezer 无结果
2026-04-03 13:53:38 | WARNING  | [DOWNLOAD FAIL] track_id=3924：Deezer 无结果
2026-04-03 13:53:38 | WARNING  | [DOWNLOAD FAIL] track_id=3925：Deezer 无结果
2026-04-03 13:53:39 | WARNING  | [DOWNLOAD FAIL] track_id=3926：Deezer 无结果
2026-04-03 13:53:39 | WARNING  | [DOWNLOAD FAIL] track_id=3923：Deezer 无结果
2026-04-03 13:53:39 | WARNING  | [DOWNLOAD FAIL] track_id=3927：Deezer 无结果
2026-04-03 13:53:39 | WARNING  | [DOWNLOAD FAIL] track_id=3929：Deezer 无结果
2026-04-03 13:53:39 | WARNING  | [DOWNLOAD FAIL] track_id=3932：Deezer 无结果
2026-04-03 13:53:39 | WARNING  | [DOWNLOAD FAIL] track_id=3931：Deezer 无结果
2026-04-03 13:53:39 | WARNING  | [DOWNLOAD FAIL] track_id=3933：Deezer 无结果
2026-04-03 13:53:40 | WARNING  | [DOWNLOAD FAIL] track_id=3937：Deezer 无结果
2026-04-03 13:53:40 | WARNING  | [DOWNLOAD FAIL] track_id=3939：Deezer 无结果
2026-04-03 13:53:40 | WARNING  | [DOWNLOAD FAIL] track_id=3938：Deezer 无结果
2026-04-03 13:53:41 | WARNING  | [DOWNLOAD FAIL] track_id=3941：Deezer 无结果
2026-04-03 13:53:41 | WARNING  | [DOWNLOAD FAIL] track_id=3942：Deezer 无结果
2026-04-03 13:53:41 | WARNING  | [DOWNLOAD FAIL] track_id=3940：Deezer 无结果
2026-04-03 13:53:41 | WARNING  | [DOWNLOAD FAIL] track_id=3943：Deezer 无结果
2026-04-03 13:53:41 | WARNING  | [DOWNLOAD FAIL] track_id=3944：Deezer 无结果
2026-04-03 13:53:41 | WARNING  | [DOWNLOAD FAIL] track_id=3948：Deezer 无结果
2026-04-03 13:53:41 | WARNING  | [DOWNLOAD FAIL] track_id=3947：Deezer 无结果
2026-04-03 13:53:41 | WARNING  | [DOWNLOAD FAIL] track_id=3946：Deezer 无结果
2026-04-03 13:53:41 | WARNING  | [DOWNLOAD FAIL] track_id=3945：Deezer 无结果
2026-04-03 13:53:41 | WARNING  | [DOWNLOAD FAIL] track_id=3949：Deezer 无结果
2026-04-03 13:53:41 | WARNING  | [DOWNLOAD FAIL] track_id=3951：Deezer 无结果
2026-04-03 13:53:41 | WARNING  | [DOWNLOAD FAIL] track_id=3950：Deezer 无结果
2026-04-03 13:53:41 | WARNING  | [DOWNLOAD FAIL] track_id=3955：Deezer 无结果
2026-04-03 13:53:41 | WARNING  | [DOWNLOAD FAIL] track_id=3956：Deezer 无结果
2026-04-03 13:53:41 | WARNING  | [DOWNLOAD FAIL] track_id=3958：Deezer 无结果
2026-04-03 13:53:41 | WARNING  | [DOWNLOAD FAIL] track_id=3957：Deezer 无结果
2026-04-03 13:53:43 | WARNING  | [DOWNLOAD FAIL] track_id=3964：Deezer 无结果
2026-04-03 13:53:43 | WARNING  | [DOWNLOAD FAIL] track_id=3966：Deezer 无结果
2026-04-03 13:53:44 | WARNING  | [DOWNLOAD FAIL] track_id=3969：Deezer 无结果
2026-04-03 13:53:45 | WARNING  | [DOWNLOAD FAIL] track_id=3972：Deezer 无结果
2026-04-03 13:53:45 | WARNING  | [DOWNLOAD FAIL] track_id=3974：Deezer 无结果
2026-04-03 13:53:45 | WARNING  | [DOWNLOAD FAIL] track_id=3975：Deezer 无结果
2026-04-03 13:53:45 | WARNING  | [DOWNLOAD FAIL] track_id=3977：Deezer 无结果
2026-04-03 13:53:45 | WARNING  | [DOWNLOAD FAIL] track_id=3978：Deezer 无结果
2026-04-03 13:53:46 | WARNING  | [DOWNLOAD FAIL] track_id=3979：Deezer 无结果
2026-04-03 13:53:46 | WARNING  | [DOWNLOAD FAIL] track_id=3982：Deezer 无结果
2026-04-03 13:53:46 | WARNING  | [DOWNLOAD FAIL] track_id=3983：Deezer 无结果
2026-04-03 13:53:46 | WARNING  | [DOWNLOAD FAIL] track_id=3984：Deezer 无结果
2026-04-03 13:53:46 | WARNING  | [DOWNLOAD FAIL] track_id=3985：Deezer 无结果
2026-04-03 13:53:46 | WARNING  | [DOWNLOAD FAIL] track_id=3988：Deezer 无结果
2026-04-03 13:53:46 | WARNING  | [DOWNLOAD FAIL] track_id=3987：Deezer 无结果
2026-04-03 13:53:47 | WARNING  | [DOWNLOAD FAIL] track_id=3986：Deezer 无结果
2026-04-03 13:53:47 | WARNING  | [DOWNLOAD FAIL] track_id=3989：Deezer 无结果
2026-04-03 13:53:47 | WARNING  | [DOWNLOAD FAIL] track_id=3990：Deezer 无结果
2026-04-03 13:53:47 | WARNING  | [DOWNLOAD FAIL] track_id=3993：Deezer 无结果
2026-04-03 13:53:47 | WARNING  | [DOWNLOAD FAIL] track_id=3991：Deezer 无结果
2026-04-03 13:53:47 | WARNING  | [DOWNLOAD FAIL] track_id=3995：Deezer 无结果
2026-04-03 13:53:47 | WARNING  | [DOWNLOAD FAIL] track_id=3997：Deezer 无结果
2026-04-03 13:53:47 | WARNING  | [DOWNLOAD FAIL] track_id=3996：Deezer 无结果
2026-04-03 13:53:47 | WARNING  | [DOWNLOAD FAIL] track_id=3998：Deezer 无结果
2026-04-03 13:53:47 | WARNING  | [DOWNLOAD FAIL] track_id=3999：Deezer 无结果
2026-04-03 13:53:47 | WARNING  | [DOWNLOAD FAIL] track_id=4000：Deezer 无结果
2026-04-03 13:53:48 | WARNING  | [DOWNLOAD FAIL] track_id=4001：Deezer 无结果
2026-04-03 13:53:48 | WARNING  | [DOWNLOAD FAIL] track_id=4003：Deezer 无结果
2026-04-03 13:53:48 | WARNING  | [DOWNLOAD FAIL] track_id=4002：Deezer 无结果
2026-04-03 13:53:48 | WARNING  | [DOWNLOAD FAIL] track_id=4005：Deezer 无结果
2026-04-03 13:53:48 | WARNING  | [DOWNLOAD FAIL] track_id=4007：Deezer 无结果
2026-04-03 13:53:48 | WARNING  | [DOWNLOAD FAIL] track_id=4006：Deezer 无结果
2026-04-03 13:53:48 | WARNING  | [DOWNLOAD FAIL] track_id=4008：Deezer 无结果
2026-04-03 13:53:48 | WARNING  | [DOWNLOAD FAIL] track_id=4009：Deezer 无结果
2026-04-03 13:53:49 | INFO     | [DOWNLOAD] 成功 266/500，失败 234 条：[3513, 3510, 3514, 3512, 3515, 3517, 3519, 3521, 3522, 3520]...
2026-04-03 13:54:54 | INFO     | [EMBED] 成功 266/266，失败 0 条
2026-04-03 13:54:54 | INFO     | [EMBED SAVE] 追加 266 条，矩阵总行数 1,774，文件大小 0.01 GB
2026-04-03 13:54:56 | INFO     | === 批次 0007 完成，耗时 144.3s，预计剩余时间 362.0h ===
