2026-04-03 13:44:26 | INFO     | === 批次 0004 开始，共 500 首 ===
2026-04-03 13:44:26 | WARNING  | [DOWNLOAD FAIL] track_id=2012：Deezer 无结果
2026-04-03 13:44:28 | WARNING  | [DOWNLOAD FAIL] track_id=2017：Deezer 无结果
2026-04-03 13:44:28 | WARNING  | [DOWNLOAD FAIL] track_id=2016：Deezer 无结果
2026-04-03 13:44:28 | WARNING  | [DOWNLOAD FAIL] track_id=2019：Deezer 无结果
2026-04-03 13:44:28 | WARNING  | [DOWNLOAD FAIL] track_id=2021：Deezer 无结果
2026-04-03 13:44:28 | WARNING  | [DOWNLOAD FAIL] track_id=2022：Deezer 无结果
2026-04-03 13:44:28 | WARNING  | [DOWNLOAD FAIL] track_id=2025：Deezer 无结果
2026-04-03 13:44:28 | WARNING  | [DOWNLOAD FAIL] track_id=2026：Deezer 无结果
2026-04-03 13:44:30 | WARNING  | [DOWNLOAD FAIL] track_id=2033：Deezer 无结果
2026-04-03 13:44:31 | WARNING  | [DOWNLOAD FAIL] track_id=2035：Deezer 无结果
2026-04-03 13:44:31 | WARNING  | [DOWNLOAD FAIL] track_id=2036：Deezer 无结果
2026-04-03 13:44:31 | WARNING  | [DOWNLOAD FAIL] track_id=2037：Deezer 无结果
2026-04-03 13:44:31 | WARNING  | [DOWNLOAD FAIL] track_id=2038：Deezer 无结果
2026-04-03 13:44:31 | WARNING  | [DOWNLOAD FAIL] track_id=2039：Deezer 无结果
2026-04-03 13:44:32 | WARNING  | [DOWNLOAD FAIL] track_id=2045：Deezer 无结果
2026-04-03 13:44:32 | WARNING  | [DOWNLOAD FAIL] track_id=2046：Deezer 无结果
2026-04-03 13:44:32 | WARNING  | [DOWNLOAD FAIL] track_id=2049：Deezer 无结果
2026-04-03 13:44:32 | WARNING  | [DOWNLOAD FAIL] track_id=2051：Deezer 无结果
2026-04-03 13:44:32 | WARNING  | [DOWNLOAD FAIL] track_id=2050：Deezer 无结果
2026-04-03 13:44:33 | WARNING  | [DOWNLOAD FAIL] track_id=2052：Deezer 无结果
2026-04-03 13:44:33 | WARNING  | [DOWNLOAD FAIL] track_id=2053：Deezer 无结果
2026-04-03 13:44:33 | WARNING  | [DOWNLOAD FAIL] track_id=2055：Deezer 无结果
2026-04-03 13:44:33 | WARNING  | [DOWNLOAD FAIL] track_id=2054：Deezer 无结果
2026-04-03 13:44:33 | WARNING  | [DOWNLOAD FAIL] track_id=2059：Deezer 无结果
2026-04-03 13:44:34 | WARNING  | [DOWNLOAD FAIL] track_id=2063：Deezer 无结果
2026-04-03 13:44:35 | WARNING  | [DOWNLOAD FAIL] track_id=2068：Deezer 无结果
2026-04-03 13:44:36 | WARNING  | [DOWNLOAD FAIL] track_id=2072：Deezer 无结果
2026-04-03 13:44:36 | WARNING  | [DOWNLOAD FAIL] track_id=2071：Deezer 无结果
2026-04-03 13:44:36 | WARNING  | [DOWNLOAD FAIL] track_id=2070：Deezer 无结果
2026-04-03 13:44:36 | WARNING  | [DOWNLOAD FAIL] track_id=2073：Deezer 无结果
2026-04-03 13:44:36 | WARNING  | [DOWNLOAD FAIL] track_id=2076：Deezer 无结果
2026-04-03 13:44:36 | WARNING  | [DOWNLOAD FAIL] track_id=2077：Deezer 无结果
2026-04-03 13:44:38 | WARNING  | [DOWNLOAD FAIL] track_id=2083：Deezer 无结果
2026-04-03 13:44:38 | WARNING  | [DOWNLOAD FAIL] track_id=2084：Deezer 无结果
2026-04-03 13:44:42 | WARNING  | [DOWNLOAD FAIL] track_id=2102：Deezer 无结果
2026-04-03 13:44:43 | WARNING  | [DOWNLOAD FAIL] track_id=2106：Deezer 无结果
2026-04-03 13:44:45 | WARNING  | [DOWNLOAD FAIL] track_id=2117：Deezer 无结果
2026-04-03 13:44:48 | WARNING  | [DOWNLOAD FAIL] track_id=2129：Deezer 无结果
2026-04-03 13:44:48 | WARNING  | [DOWNLOAD FAIL] track_id=2132：Deezer 无结果
2026-04-03 13:44:49 | WARNING  | [DOWNLOAD FAIL] track_id=2134：Deezer 无结果
2026-04-03 13:44:52 | WARNING  | [DOWNLOAD FAIL] track_id=2148：Deezer 无结果
2026-04-03 13:44:54 | WARNING  | [DOWNLOAD FAIL] track_id=2153：Deezer 无结果
2026-04-03 13:44:54 | WARNING  | [DOWNLOAD FAIL] track_id=2155：Deezer 无结果
2026-04-03 13:44:55 | WARNING  | [DOWNLOAD FAIL] track_id=2161：Deezer 无结果
2026-04-03 13:44:55 | WARNING  | [DOWNLOAD FAIL] track_id=2162：Deezer 无结果
2026-04-03 13:44:57 | WARNING  | [DOWNLOAD FAIL] track_id=2169：Deezer 无结果
2026-04-03 13:45:00 | WARNING  | [DOWNLOAD FAIL] track_id=2185：Deezer 无结果
2026-04-03 13:45:02 | WARNING  | [DOWNLOAD FAIL] track_id=2191：Deezer 无结果
2026-04-03 13:45:04 | WARNING  | [DOWNLOAD FAIL] track_id=2200：Deezer 无结果
2026-04-03 13:45:04 | WARNING  | [DOWNLOAD FAIL] track_id=2201：Deezer 无结果
2026-04-03 13:45:04 | WARNING  | [DOWNLOAD FAIL] track_id=2202：Deezer 无结果
2026-04-03 13:45:05 | WARNING  | [DOWNLOAD FAIL] track_id=2203：Deezer 无结果
2026-04-03 13:45:05 | WARNING  | [DOWNLOAD FAIL] track_id=2205：Deezer 无结果
2026-04-03 13:45:06 | WARNING  | [DOWNLOAD FAIL] track_id=2210：Deezer 无结果
2026-04-03 13:45:06 | WARNING  | [DOWNLOAD FAIL] track_id=2212：Deezer 无结果
2026-04-03 13:45:06 | WARNING  | [DOWNLOAD FAIL] track_id=2211：Deezer 无结果
2026-04-03 13:45:06 | WARNING  | [DOWNLOAD FAIL] track_id=2213：Deezer 无结果
2026-04-03 13:45:06 | WARNING  | [DOWNLOAD FAIL] track_id=2215：Deezer 无结果
2026-04-03 13:45:06 | WARNING  | [DOWNLOAD FAIL] track_id=2214：Deezer 无结果
2026-04-03 13:45:06 | WARNING  | [DOWNLOAD FAIL] track_id=2216：Deezer 无结果
2026-04-03 13:45:06 | WARNING  | [DOWNLOAD FAIL] track_id=2217：Deezer 无结果
2026-04-03 13:45:07 | WARNING  | [DOWNLOAD FAIL] track_id=2219：Deezer 无结果
2026-04-03 13:45:07 | WARNING  | [DOWNLOAD FAIL] track_id=2220：Deezer 无结果
2026-04-03 13:45:07 | WARNING  | [DOWNLOAD FAIL] track_id=2222：Deezer 无结果
2026-04-03 13:45:11 | WARNING  | [DOWNLOAD FAIL] track_id=2238：Deezer 无结果
2026-04-03 13:45:12 | WARNING  | [DOWNLOAD FAIL] track_id=2245：Deezer 无结果
2026-04-03 13:45:12 | WARNING  | [DOWNLOAD FAIL] track_id=2247：Deezer 无结果
2026-04-03 13:45:13 | WARNING  | [DOWNLOAD FAIL] track_id=2249：Deezer 无结果
2026-04-03 13:45:14 | WARNING  | [DOWNLOAD FAIL] track_id=2256：Deezer 无结果
2026-04-03 13:45:14 | WARNING  | [DOWNLOAD FAIL] track_id=2257：Deezer 无结果
2026-04-03 13:45:15 | WARNING  | [DOWNLOAD FAIL] track_id=2259：Deezer 无结果
2026-04-03 13:45:21 | WARNING  | [DOWNLOAD FAIL] track_id=2285：Deezer 无结果
2026-04-03 13:45:21 | WARNING  | [DOWNLOAD FAIL] track_id=2286：Deezer 无结果
2026-04-03 13:45:21 | WARNING  | [DOWNLOAD FAIL] track_id=2287：Deezer 无结果
2026-04-03 13:45:22 | WARNING  | [DOWNLOAD FAIL] track_id=2290：Deezer 无结果
2026-04-03 13:45:22 | WARNING  | [DOWNLOAD FAIL] track_id=2291：Deezer 无结果
2026-04-03 13:45:22 | WARNING  | [DOWNLOAD FAIL] track_id=2292：Deezer 无结果
2026-04-03 13:45:22 | WARNING  | [DOWNLOAD FAIL] track_id=2294：Deezer 无结果
2026-04-03 13:45:22 | WARNING  | [DOWNLOAD FAIL] track_id=2298：Deezer 无结果
2026-04-03 13:45:23 | WARNING  | [DOWNLOAD FAIL] track_id=2301：Deezer 无结果
2026-04-03 13:45:23 | WARNING  | [DOWNLOAD FAIL] track_id=2302：Deezer 无结果
2026-04-03 13:45:23 | WARNING  | [DOWNLOAD FAIL] track_id=2303：Deezer 无结果
2026-04-03 13:45:24 | WARNING  | [DOWNLOAD FAIL] track_id=2307：Deezer 无结果
2026-04-03 13:45:24 | WARNING  | [DOWNLOAD FAIL] track_id=2308：Deezer 无结果
2026-04-03 13:45:24 | WARNING  | [DOWNLOAD FAIL] track_id=2309：Deezer 无结果
2026-04-03 13:45:24 | WARNING  | [DOWNLOAD FAIL] track_id=2310：Deezer 无结果
2026-04-03 13:45:24 | WARNING  | [DOWNLOAD FAIL] track_id=2311：Deezer 无结果
2026-04-03 13:45:24 | WARNING  | [DOWNLOAD FAIL] track_id=2312：Deezer 无结果
2026-04-03 13:45:25 | WARNING  | [DOWNLOAD FAIL] track_id=2314：Deezer 无结果
2026-04-03 13:45:25 | WARNING  | [DOWNLOAD FAIL] track_id=2313：Deezer 无结果
2026-04-03 13:45:25 | WARNING  | [DOWNLOAD FAIL] track_id=2316：Deezer 无结果
2026-04-03 13:45:25 | WARNING  | [DOWNLOAD FAIL] track_id=2317：Deezer 无结果
2026-04-03 13:45:25 | WARNING  | [DOWNLOAD FAIL] track_id=2318：Deezer 无结果
2026-04-03 13:45:25 | WARNING  | [DOWNLOAD FAIL] track_id=2319：Deezer 无结果
2026-04-03 13:45:25 | WARNING  | [DOWNLOAD FAIL] track_id=2321：Deezer 无结果
2026-04-03 13:45:25 | WARNING  | [DOWNLOAD FAIL] track_id=2324：Deezer 无结果
2026-04-03 13:45:26 | WARNING  | [DOWNLOAD FAIL] track_id=2328：Deezer 无结果
2026-04-03 13:45:26 | WARNING  | [DOWNLOAD FAIL] track_id=2330：Deezer 无结果
2026-04-03 13:45:27 | WARNING  | [DOWNLOAD FAIL] track_id=2333：Deezer 无结果
2026-04-03 13:45:27 | WARNING  | [DOWNLOAD FAIL] track_id=2336：Deezer 无结果
2026-04-03 13:45:28 | WARNING  | [DOWNLOAD FAIL] track_id=2338：Deezer 无结果
2026-04-03 13:45:28 | WARNING  | [DOWNLOAD FAIL] track_id=2342：Deezer 无结果
2026-04-03 13:45:28 | WARNING  | [DOWNLOAD FAIL] track_id=2340：Deezer 无结果
2026-04-03 13:45:31 | WARNING  | [DOWNLOAD FAIL] track_id=2354：Deezer 无结果
2026-04-03 13:45:31 | WARNING  | [DOWNLOAD FAIL] track_id=2359：Deezer 无结果
2026-04-03 13:45:31 | WARNING  | [DOWNLOAD FAIL] track_id=2360：Deezer 无结果
2026-04-03 13:45:31 | WARNING  | [DOWNLOAD FAIL] track_id=2361：Deezer 无结果
2026-04-03 13:45:32 | WARNING  | [DOWNLOAD FAIL] track_id=2366：Deezer 无结果
2026-04-03 13:45:32 | WARNING  | [DOWNLOAD FAIL] track_id=2369：Deezer 无结果
2026-04-03 13:45:33 | WARNING  | [DOWNLOAD FAIL] track_id=2370：Deezer 无结果
2026-04-03 13:45:35 | WARNING  | [DOWNLOAD FAIL] track_id=2382：Deezer 无结果
2026-04-03 13:45:36 | WARNING  | [DOWNLOAD FAIL] track_id=2386：Deezer 无结果
2026-04-03 13:45:36 | WARNING  | [DOWNLOAD FAIL] track_id=2389：Deezer 无结果
2026-04-03 13:45:36 | WARNING  | [DOWNLOAD FAIL] track_id=2387：Deezer 无结果
2026-04-03 13:45:37 | WARNING  | [DOWNLOAD FAIL] track_id=2393：Deezer 无结果
2026-04-03 13:45:37 | WARNING  | [DOWNLOAD FAIL] track_id=2394：Deezer 无结果
2026-04-03 13:45:38 | WARNING  | [DOWNLOAD FAIL] track_id=2399：Deezer 无结果
2026-04-03 13:45:38 | WARNING  | [DOWNLOAD FAIL] track_id=2400：Deezer 无结果
2026-04-03 13:45:38 | WARNING  | [DOWNLOAD FAIL] track_id=2403：Deezer 无结果
2026-04-03 13:45:39 | WARNING  | [DOWNLOAD FAIL] track_id=2409：Deezer 无结果
2026-04-03 13:45:40 | WARNING  | [DOWNLOAD FAIL] track_id=2412：Deezer 无结果
2026-04-03 13:45:40 | WARNING  | [DOWNLOAD FAIL] track_id=2413：Deezer 无结果
2026-04-03 13:45:40 | WARNING  | [DOWNLOAD FAIL] track_id=2415：Deezer 无结果
2026-04-03 13:45:42 | WARNING  | [DOWNLOAD FAIL] track_id=2428：Deezer 无结果
2026-04-03 13:45:43 | WARNING  | [DOWNLOAD FAIL] track_id=2427：Deezer 无结果
2026-04-03 13:45:48 | WARNING  | [DOWNLOAD FAIL] track_id=2454：Deezer 无结果
2026-04-03 13:45:48 | WARNING  | [DOWNLOAD FAIL] track_id=2455：Deezer 无结果
2026-04-03 13:45:48 | WARNING  | [DOWNLOAD FAIL] track_id=2457：Deezer 无结果
2026-04-03 13:45:48 | WARNING  | [DOWNLOAD FAIL] track_id=2458：Deezer 无结果
2026-04-03 13:45:48 | WARNING  | [DOWNLOAD FAIL] track_id=2459：Deezer 无结果
2026-04-03 13:45:49 | WARNING  | [DOWNLOAD FAIL] track_id=2460：Deezer 无结果
2026-04-03 13:45:49 | WARNING  | [DOWNLOAD FAIL] track_id=2465：Deezer 无结果
2026-04-03 13:45:49 | WARNING  | [DOWNLOAD FAIL] track_id=2466：Deezer 无结果
2026-04-03 13:45:49 | WARNING  | [DOWNLOAD FAIL] track_id=2467：Deezer 无结果
2026-04-03 13:45:49 | WARNING  | [DOWNLOAD FAIL] track_id=2468：Deezer 无结果
2026-04-03 13:45:50 | WARNING  | [DOWNLOAD FAIL] track_id=2475：Deezer 无结果
2026-04-03 13:45:50 | WARNING  | [DOWNLOAD FAIL] track_id=2474：Deezer 无结果
2026-04-03 13:45:51 | WARNING  | [DOWNLOAD FAIL] track_id=2476：Deezer 无结果
2026-04-03 13:45:51 | WARNING  | [DOWNLOAD FAIL] track_id=2477：Deezer 无结果
2026-04-03 13:45:52 | WARNING  | [DOWNLOAD FAIL] track_id=2484：Deezer 无结果
2026-04-03 13:45:52 | WARNING  | [DOWNLOAD FAIL] track_id=2486：Deezer 无结果
2026-04-03 13:45:53 | WARNING  | [DOWNLOAD FAIL] track_id=2489：Deezer 无结果
2026-04-03 13:45:53 | WARNING  | [DOWNLOAD FAIL] track_id=2490：Deezer 无结果
2026-04-03 13:45:53 | WARNING  | [DOWNLOAD FAIL] track_id=2494：Deezer 无结果
2026-04-03 13:45:54 | WARNING  | [DOWNLOAD FAIL] track_id=2498：Deezer 无结果
2026-04-03 13:45:55 | WARNING  | [DOWNLOAD FAIL] track_id=2502：Deezer 无结果
2026-04-03 13:45:55 | WARNING  | [DOWNLOAD FAIL] track_id=2505：Deezer 无结果
2026-04-03 13:45:56 | WARNING  | [DOWNLOAD FAIL] track_id=2507：Deezer 无结果
2026-04-03 13:45:56 | WARNING  | [DOWNLOAD FAIL] track_id=2508：Deezer 无结果
2026-04-03 13:45:57 | INFO     | [DOWNLOAD] 成功 351/500，失败 149 条：[2012, 2017, 2016, 2019, 2021, 2022, 2025, 2026, 2033, 2035]...
2026-04-03 13:47:24 | INFO     | [EMBED] 成功 351/351，失败 0 条
2026-04-03 13:47:24 | INFO     | [EMBED SAVE] 追加 351 条，矩阵总行数 925，文件大小 0.01 GB
2026-04-03 13:47:25 | INFO     | === 批次 0004 完成，耗时 179.4s，预计剩余时间 450.2h ===
