2026-04-03 14:00:18 | INFO     | === 批次 0010 开始，共 500 首 ===
2026-04-03 14:00:19 | WARNING  | [DOWNLOAD FAIL] track_id=5014：Deezer 无结果
2026-04-03 14:00:19 | WARNING  | [DOWNLOAD FAIL] track_id=5011：Deezer 无结果
2026-04-03 14:00:20 | WARNING  | [DOWNLOAD FAIL] track_id=5018：Deezer 无结果
2026-04-03 14:00:22 | WARNING  | [DOWNLOAD FAIL] track_id=5024：Deezer 无结果
2026-04-03 14:00:22 | WARNING  | [DOWNLOAD FAIL] track_id=5027：Deezer 无结果
2026-04-03 14:00:22 | WARNING  | [DOWNLOAD FAIL] track_id=5029：Deezer 无结果
2026-04-03 14:00:24 | WARNING  | [DOWNLOAD FAIL] track_id=5036：Deezer 无结果
2026-04-03 14:00:24 | WARNING  | [DOWNLOAD FAIL] track_id=5039：Deezer 无结果
2026-04-03 14:00:25 | WARNING  | [DOWNLOAD FAIL] track_id=5041：Deezer 无结果
2026-04-03 14:00:26 | WARNING  | [DOWNLOAD FAIL] track_id=5045：Deezer 无结果
2026-04-03 14:00:26 | WARNING  | [DOWNLOAD FAIL] track_id=5046：Deezer 无结果
2026-04-03 14:00:26 | WARNING  | [DOWNLOAD FAIL] track_id=5047：Deezer 无结果
2026-04-03 14:00:26 | WARNING  | [DOWNLOAD FAIL] track_id=5051：Deezer 无结果
2026-04-03 14:00:27 | WARNING  | [DOWNLOAD FAIL] track_id=5053：Deezer 无结果
2026-04-03 14:00:27 | WARNING  | [DOWNLOAD FAIL] track_id=5055：Deezer 无结果
2026-04-03 14:00:27 | WARNING  | [DOWNLOAD FAIL] track_id=5056：Deezer 无结果
2026-04-03 14:00:28 | WARNING  | [DOWNLOAD FAIL] track_id=5058：Deezer 无结果
2026-04-03 14:00:28 | WARNING  | [DOWNLOAD FAIL] track_id=5059：Deezer 无结果
2026-04-03 14:00:28 | WARNING  | [DOWNLOAD FAIL] track_id=5060：Deezer 无结果
2026-04-03 14:00:28 | WARNING  | [DOWNLOAD FAIL] track_id=5061：Deezer 无结果
2026-04-03 14:00:28 | WARNING  | [DOWNLOAD FAIL] track_id=5063：Deezer 无结果
2026-04-03 14:00:28 | WARNING  | [DOWNLOAD FAIL] track_id=5062：Deezer 无结果
2026-04-03 14:00:28 | WARNING  | [DOWNLOAD FAIL] track_id=5064：Deezer 无结果
2026-04-03 14:00:28 | WARNING  | [DOWNLOAD FAIL] track_id=5066：Deezer 无结果
2026-04-03 14:00:28 | WARNING  | [DOWNLOAD FAIL] track_id=5068：Deezer 无结果
2026-04-03 14:00:28 | WARNING  | [DOWNLOAD FAIL] track_id=5069：Deezer 无结果
2026-04-03 14:00:28 | WARNING  | [DOWNLOAD FAIL] track_id=5070：Deezer 无结果
2026-04-03 14:00:29 | WARNING  | [DOWNLOAD FAIL] track_id=5073：Deezer 无结果
2026-04-03 14:00:29 | WARNING  | [DOWNLOAD FAIL] track_id=5072：Deezer 无结果
2026-04-03 14:00:29 | WARNING  | [DOWNLOAD FAIL] track_id=5074：Deezer 无结果
2026-04-03 14:00:29 | WARNING  | [DOWNLOAD FAIL] track_id=5075：Deezer 无结果
2026-04-03 14:00:29 | WARNING  | [DOWNLOAD FAIL] track_id=5076：Deezer 无结果
2026-04-03 14:00:29 | WARNING  | [DOWNLOAD FAIL] track_id=5077：Deezer 无结果
2026-04-03 14:00:29 | WARNING  | [DOWNLOAD FAIL] track_id=5079：Deezer 无结果
2026-04-03 14:00:29 | WARNING  | [DOWNLOAD FAIL] track_id=5078：Deezer 无结果
2026-04-03 14:00:30 | WARNING  | [DOWNLOAD FAIL] track_id=5081：Deezer 无结果
2026-04-03 14:00:30 | WARNING  | [DOWNLOAD FAIL] track_id=5082：Deezer 无结果
2026-04-03 14:00:30 | WARNING  | [DOWNLOAD FAIL] track_id=5083：Deezer 无结果
2026-04-03 14:00:30 | WARNING  | [DOWNLOAD FAIL] track_id=5084：Deezer 无结果
2026-04-03 14:00:30 | WARNING  | [DOWNLOAD FAIL] track_id=5085：Deezer 无结果
2026-04-03 14:00:30 | WARNING  | [DOWNLOAD FAIL] track_id=5086：Deezer 无结果
2026-04-03 14:00:30 | WARNING  | [DOWNLOAD FAIL] track_id=5087：Deezer 无结果
2026-04-03 14:00:30 | WARNING  | [DOWNLOAD FAIL] track_id=5089：Deezer 无结果
2026-04-03 14:00:30 | WARNING  | [DOWNLOAD FAIL] track_id=5090：Deezer 无结果
2026-04-03 14:00:31 | WARNING  | [DOWNLOAD FAIL] track_id=5094：Deezer 无结果
2026-04-03 14:00:34 | WARNING  | [DOWNLOAD FAIL] track_id=5108：Deezer 无结果
2026-04-03 14:00:35 | WARNING  | [DOWNLOAD FAIL] track_id=5115：Deezer 无结果
2026-04-03 14:00:36 | WARNING  | [DOWNLOAD FAIL] track_id=5118：Deezer 无结果
2026-04-03 14:00:36 | WARNING  | [DOWNLOAD FAIL] track_id=5120：Deezer 无结果
2026-04-03 14:00:36 | WARNING  | [DOWNLOAD FAIL] track_id=5119：Deezer 无结果
2026-04-03 14:00:37 | WARNING  | [DOWNLOAD FAIL] track_id=5121：Deezer 无结果
2026-04-03 14:00:37 | WARNING  | [DOWNLOAD FAIL] track_id=5122：Deezer 无结果
2026-04-03 14:00:37 | WARNING  | [DOWNLOAD FAIL] track_id=5124：Deezer 无结果
2026-04-03 14:00:37 | WARNING  | [DOWNLOAD FAIL] track_id=5125：Deezer 无结果
2026-04-03 14:00:37 | WARNING  | [DOWNLOAD FAIL] track_id=5126：Deezer 无结果
2026-04-03 14:00:37 | WARNING  | [DOWNLOAD FAIL] track_id=5127：Deezer 无结果
2026-04-03 14:00:37 | WARNING  | [DOWNLOAD FAIL] track_id=5129：Deezer 无结果
2026-04-03 14:00:37 | WARNING  | [DOWNLOAD FAIL] track_id=5130：Deezer 无结果
2026-04-03 14:00:37 | WARNING  | [DOWNLOAD FAIL] track_id=5131：Deezer 无结果
2026-04-03 14:00:37 | WARNING  | [DOWNLOAD FAIL] track_id=5128：Deezer 无结果
2026-04-03 14:00:37 | WARNING  | [DOWNLOAD FAIL] track_id=5132：Deezer 无结果
2026-04-03 14:00:37 | WARNING  | [DOWNLOAD FAIL] track_id=5134：Deezer 无结果
2026-04-03 14:00:37 | WARNING  | [DOWNLOAD FAIL] track_id=5133：Deezer 无结果
2026-04-03 14:00:37 | WARNING  | [DOWNLOAD FAIL] track_id=5135：Deezer 无结果
2026-04-03 14:00:38 | WARNING  | [DOWNLOAD FAIL] track_id=5136：Deezer 无结果
2026-04-03 14:00:38 | WARNING  | [DOWNLOAD FAIL] track_id=5139：Deezer 无结果
2026-04-03 14:00:38 | WARNING  | [DOWNLOAD FAIL] track_id=5138：Deezer 无结果
2026-04-03 14:00:38 | WARNING  | [DOWNLOAD FAIL] track_id=5137：Deezer 无结果
2026-04-03 14:00:38 | WARNING  | [DOWNLOAD FAIL] track_id=5140：Deezer 无结果
2026-04-03 14:00:38 | WARNING  | [DOWNLOAD FAIL] track_id=5142：Deezer 无结果
2026-04-03 14:00:38 | WARNING  | [DOWNLOAD FAIL] track_id=5141：Deezer 无结果
2026-04-03 14:00:38 | WARNING  | [DOWNLOAD FAIL] track_id=5143：Deezer 无结果
2026-04-03 14:00:38 | WARNING  | [DOWNLOAD FAIL] track_id=5144：Deezer 无结果
2026-04-03 14:00:38 | WARNING  | [DOWNLOAD FAIL] track_id=5146：Deezer 无结果
2026-04-03 14:00:38 | WARNING  | [DOWNLOAD FAIL] track_id=5147：Deezer 无结果
2026-04-03 14:00:38 | WARNING  | [DOWNLOAD FAIL] track_id=5145：Deezer 无结果
2026-04-03 14:00:38 | WARNING  | [DOWNLOAD FAIL] track_id=5148：Deezer 无结果
2026-04-03 14:00:38 | WARNING  | [DOWNLOAD FAIL] track_id=5149：Deezer 无结果
2026-04-03 14:00:38 | WARNING  | [DOWNLOAD FAIL] track_id=5150：Deezer 无结果
2026-04-03 14:00:38 | WARNING  | [DOWNLOAD FAIL] track_id=5151：Deezer 无结果
2026-04-03 14:00:38 | WARNING  | [DOWNLOAD FAIL] track_id=5152：Deezer 无结果
2026-04-03 14:00:39 | WARNING  | [DOWNLOAD FAIL] track_id=5153：Deezer 无结果
2026-04-03 14:00:39 | WARNING  | [DOWNLOAD FAIL] track_id=5154：Deezer 无结果
2026-04-03 14:00:39 | WARNING  | [DOWNLOAD FAIL] track_id=5156：Deezer 无结果
2026-04-03 14:00:39 | WARNING  | [DOWNLOAD FAIL] track_id=5155：Deezer 无结果
2026-04-03 14:00:39 | WARNING  | [DOWNLOAD FAIL] track_id=5157：Deezer 无结果
2026-04-03 14:00:39 | WARNING  | [DOWNLOAD FAIL] track_id=5160：Deezer 无结果
2026-04-03 14:00:39 | WARNING  | [DOWNLOAD FAIL] track_id=5158：Deezer 无结果
2026-04-03 14:00:39 | WARNING  | [DOWNLOAD FAIL] track_id=5161：Deezer 无结果
2026-04-03 14:00:39 | WARNING  | [DOWNLOAD FAIL] track_id=5159：Deezer 无结果
2026-04-03 14:00:39 | WARNING  | [DOWNLOAD FAIL] track_id=5162：Deezer 无结果
2026-04-03 14:00:39 | WARNING  | [DOWNLOAD FAIL] track_id=5163：Deezer 无结果
2026-04-03 14:00:39 | WARNING  | [DOWNLOAD FAIL] track_id=5164：Deezer 无结果
2026-04-03 14:00:39 | WARNING  | [DOWNLOAD FAIL] track_id=5165：Deezer 无结果
2026-04-03 14:00:39 | WARNING  | [DOWNLOAD FAIL] track_id=5166：Deezer 无结果
2026-04-03 14:00:39 | WARNING  | [DOWNLOAD FAIL] track_id=5167：Deezer 无结果
2026-04-03 14:00:39 | WARNING  | [DOWNLOAD FAIL] track_id=5169：Deezer 无结果
2026-04-03 14:00:39 | WARNING  | [DOWNLOAD FAIL] track_id=5168：Deezer 无结果
2026-04-03 14:00:39 | WARNING  | [DOWNLOAD FAIL] track_id=5170：Deezer 无结果
2026-04-03 14:00:39 | WARNING  | [DOWNLOAD FAIL] track_id=5171：Deezer 无结果
2026-04-03 14:00:39 | WARNING  | [DOWNLOAD FAIL] track_id=5172：Deezer 无结果
2026-04-03 14:00:39 | WARNING  | [DOWNLOAD FAIL] track_id=5173：Deezer 无结果
2026-04-03 14:00:39 | WARNING  | [DOWNLOAD FAIL] track_id=5174：Deezer 无结果
2026-04-03 14:00:39 | WARNING  | [DOWNLOAD FAIL] track_id=5175：Deezer 无结果
2026-04-03 14:00:39 | WARNING  | [DOWNLOAD FAIL] track_id=5178：Deezer 无结果
2026-04-03 14:00:39 | WARNING  | [DOWNLOAD FAIL] track_id=5176：Deezer 无结果
2026-04-03 14:00:40 | WARNING  | [DOWNLOAD FAIL] track_id=5177：Deezer 无结果
2026-04-03 14:00:40 | WARNING  | [DOWNLOAD FAIL] track_id=5179：Deezer 无结果
2026-04-03 14:00:40 | WARNING  | [DOWNLOAD FAIL] track_id=5180：Deezer 无结果
2026-04-03 14:00:40 | WARNING  | [DOWNLOAD FAIL] track_id=5181：Deezer 无结果
2026-04-03 14:00:40 | WARNING  | [DOWNLOAD FAIL] track_id=5183：Deezer 无结果
2026-04-03 14:00:40 | WARNING  | [DOWNLOAD FAIL] track_id=5182：Deezer 无结果
2026-04-03 14:00:40 | WARNING  | [DOWNLOAD FAIL] track_id=5185：Deezer 无结果
2026-04-03 14:00:40 | WARNING  | [DOWNLOAD FAIL] track_id=5184：Deezer 无结果
2026-04-03 14:00:40 | WARNING  | [DOWNLOAD FAIL] track_id=5186：Deezer 无结果
2026-04-03 14:00:40 | WARNING  | [DOWNLOAD FAIL] track_id=5187：Deezer 无结果
2026-04-03 14:00:40 | WARNING  | [DOWNLOAD FAIL] track_id=5189：Deezer 无结果
2026-04-03 14:00:40 | WARNING  | [DOWNLOAD FAIL] track_id=5190：Deezer 无结果
2026-04-03 14:00:40 | WARNING  | [DOWNLOAD FAIL] track_id=5191：Deezer 无结果
2026-04-03 14:00:40 | WARNING  | [DOWNLOAD FAIL] track_id=5188：Deezer 无结果
2026-04-03 14:00:40 | WARNING  | [DOWNLOAD FAIL] track_id=5192：Deezer 无结果
2026-04-03 14:00:40 | WARNING  | [DOWNLOAD FAIL] track_id=5193：Deezer 无结果
2026-04-03 14:00:40 | WARNING  | [DOWNLOAD FAIL] track_id=5194：Deezer 无结果
2026-04-03 14:00:40 | WARNING  | [DOWNLOAD FAIL] track_id=5196：Deezer 无结果
2026-04-03 14:00:40 | WARNING  | [DOWNLOAD FAIL] track_id=5198：Deezer 无结果
2026-04-03 14:00:40 | WARNING  | [DOWNLOAD FAIL] track_id=5199：Deezer 无结果
2026-04-03 14:00:41 | WARNING  | [DOWNLOAD FAIL] track_id=5200：Deezer 无结果
2026-04-03 14:00:41 | WARNING  | [DOWNLOAD FAIL] track_id=5203：Deezer 无结果
2026-04-03 14:00:41 | WARNING  | [DOWNLOAD FAIL] track_id=5204：Deezer 无结果
2026-04-03 14:00:41 | WARNING  | [DOWNLOAD FAIL] track_id=5205：Deezer 无结果
2026-04-03 14:00:41 | WARNING  | [DOWNLOAD FAIL] track_id=5206：Deezer 无结果
2026-04-03 14:00:41 | WARNING  | [DOWNLOAD FAIL] track_id=5207：Deezer 无结果
2026-04-03 14:00:42 | WARNING  | [DOWNLOAD FAIL] track_id=5209：Deezer 无结果
2026-04-03 14:00:42 | WARNING  | [DOWNLOAD FAIL] track_id=5208：Deezer 无结果
2026-04-03 14:00:42 | WARNING  | [DOWNLOAD FAIL] track_id=5211：Deezer 无结果
2026-04-03 14:00:42 | WARNING  | [DOWNLOAD FAIL] track_id=5210：Deezer 无结果
2026-04-03 14:00:42 | WARNING  | [DOWNLOAD FAIL] track_id=5213：Deezer 无结果
2026-04-03 14:00:42 | WARNING  | [DOWNLOAD FAIL] track_id=5212：Deezer 无结果
2026-04-03 14:00:42 | WARNING  | [DOWNLOAD FAIL] track_id=5214：Deezer 无结果
2026-04-03 14:00:42 | WARNING  | [DOWNLOAD FAIL] track_id=5215：Deezer 无结果
2026-04-03 14:00:42 | WARNING  | [DOWNLOAD FAIL] track_id=5216：Deezer 无结果
2026-04-03 14:00:42 | WARNING  | [DOWNLOAD FAIL] track_id=5217：Deezer 无结果
2026-04-03 14:00:42 | WARNING  | [DOWNLOAD FAIL] track_id=5218：Deezer 无结果
2026-04-03 14:00:42 | WARNING  | [DOWNLOAD FAIL] track_id=5219：Deezer 无结果
2026-04-03 14:00:42 | WARNING  | [DOWNLOAD FAIL] track_id=5221：Deezer 无结果
2026-04-03 14:00:42 | WARNING  | [DOWNLOAD FAIL] track_id=5220：Deezer 无结果
2026-04-03 14:00:42 | WARNING  | [DOWNLOAD FAIL] track_id=5222：Deezer 无结果
2026-04-03 14:00:42 | WARNING  | [DOWNLOAD FAIL] track_id=5224：Deezer 无结果
2026-04-03 14:00:42 | WARNING  | [DOWNLOAD FAIL] track_id=5223：Deezer 无结果
2026-04-03 14:00:42 | WARNING  | [DOWNLOAD FAIL] track_id=5227：Deezer 无结果
2026-04-03 14:00:42 | WARNING  | [DOWNLOAD FAIL] track_id=5225：Deezer 无结果
2026-04-03 14:00:42 | WARNING  | [DOWNLOAD FAIL] track_id=5228：Deezer 无结果
2026-04-03 14:00:42 | WARNING  | [DOWNLOAD FAIL] track_id=5229：Deezer 无结果
2026-04-03 14:00:42 | WARNING  | [DOWNLOAD FAIL] track_id=5226：Deezer 无结果
2026-04-03 14:00:42 | WARNING  | [DOWNLOAD FAIL] track_id=5230：Deezer 无结果
2026-04-03 14:00:43 | WARNING  | [DOWNLOAD FAIL] track_id=5233：Deezer 无结果
2026-04-03 14:00:43 | WARNING  | [DOWNLOAD FAIL] track_id=5235：Deezer 无结果
2026-04-03 14:00:43 | WARNING  | [DOWNLOAD FAIL] track_id=5232：Deezer 无结果
2026-04-03 14:00:43 | WARNING  | [DOWNLOAD FAIL] track_id=5231：Deezer 无结果
2026-04-03 14:00:43 | WARNING  | [DOWNLOAD FAIL] track_id=5234：Deezer 无结果
2026-04-03 14:00:43 | WARNING  | [DOWNLOAD FAIL] track_id=5236：Deezer 无结果
2026-04-03 14:00:43 | WARNING  | [DOWNLOAD FAIL] track_id=5237：Deezer 无结果
2026-04-03 14:00:43 | WARNING  | [DOWNLOAD FAIL] track_id=5238：Deezer 无结果
2026-04-03 14:00:43 | WARNING  | [DOWNLOAD FAIL] track_id=5240：Deezer 无结果
2026-04-03 14:00:43 | WARNING  | [DOWNLOAD FAIL] track_id=5241：Deezer 无结果
2026-04-03 14:00:43 | WARNING  | [DOWNLOAD FAIL] track_id=5242：Deezer 无结果
2026-04-03 14:00:43 | WARNING  | [DOWNLOAD FAIL] track_id=5239：Deezer 无结果
2026-04-03 14:00:43 | WARNING  | [DOWNLOAD FAIL] track_id=5243：Deezer 无结果
2026-04-03 14:00:43 | WARNING  | [DOWNLOAD FAIL] track_id=5246：Deezer 无结果
2026-04-03 14:00:43 | WARNING  | [DOWNLOAD FAIL] track_id=5245：Deezer 无结果
2026-04-03 14:00:43 | WARNING  | [DOWNLOAD FAIL] track_id=5248：Deezer 无结果
2026-04-03 14:00:43 | WARNING  | [DOWNLOAD FAIL] track_id=5244：Deezer 无结果
2026-04-03 14:00:43 | WARNING  | [DOWNLOAD FAIL] track_id=5247：Deezer 无结果
2026-04-03 14:00:43 | WARNING  | [DOWNLOAD FAIL] track_id=5249：Deezer 无结果
2026-04-03 14:00:43 | WARNING  | [DOWNLOAD FAIL] track_id=5251：Deezer 无结果
2026-04-03 14:00:43 | WARNING  | [DOWNLOAD FAIL] track_id=5250：Deezer 无结果
2026-04-03 14:00:43 | WARNING  | [DOWNLOAD FAIL] track_id=5252：Deezer 无结果
2026-04-03 14:00:44 | WARNING  | [DOWNLOAD FAIL] track_id=5253：Deezer 无结果
2026-04-03 14:00:44 | WARNING  | [DOWNLOAD FAIL] track_id=5254：Deezer 无结果
2026-04-03 14:00:44 | WARNING  | [DOWNLOAD FAIL] track_id=5257：Deezer 无结果
2026-04-03 14:00:44 | WARNING  | [DOWNLOAD FAIL] track_id=5255：Deezer 无结果
2026-04-03 14:00:44 | WARNING  | [DOWNLOAD FAIL] track_id=5256：Deezer 无结果
2026-04-03 14:00:44 | WARNING  | [DOWNLOAD FAIL] track_id=5258：Deezer 无结果
2026-04-03 14:00:44 | WARNING  | [DOWNLOAD FAIL] track_id=5259：Deezer 无结果
2026-04-03 14:00:44 | WARNING  | [DOWNLOAD FAIL] track_id=5260：Deezer 无结果
2026-04-03 14:00:44 | WARNING  | [DOWNLOAD FAIL] track_id=5261：Deezer 无结果
2026-04-03 14:00:44 | WARNING  | [DOWNLOAD FAIL] track_id=5263：Deezer 无结果
2026-04-03 14:00:45 | WARNING  | [DOWNLOAD FAIL] track_id=5268：Deezer 无结果
2026-04-03 14:00:45 | WARNING  | [DOWNLOAD FAIL] track_id=5269：Deezer 无结果
2026-04-03 14:00:46 | WARNING  | [DOWNLOAD FAIL] track_id=5271：Deezer 无结果
2026-04-03 14:00:46 | WARNING  | [DOWNLOAD FAIL] track_id=5273：Deezer 无结果
2026-04-03 14:00:46 | WARNING  | [DOWNLOAD FAIL] track_id=5276：Deezer 无结果
2026-04-03 14:00:47 | WARNING  | [DOWNLOAD FAIL] track_id=5279：Deezer 无结果
2026-04-03 14:00:47 | WARNING  | [DOWNLOAD FAIL] track_id=5281：Deezer 无结果
2026-04-03 14:00:47 | WARNING  | [DOWNLOAD FAIL] track_id=5282：Deezer 无结果
2026-04-03 14:00:47 | WARNING  | [DOWNLOAD FAIL] track_id=5283：Deezer 无结果
2026-04-03 14:00:47 | WARNING  | [DOWNLOAD FAIL] track_id=5286：Deezer 无结果
2026-04-03 14:00:48 | WARNING  | [DOWNLOAD FAIL] track_id=5287：Deezer 无结果
2026-04-03 14:00:48 | WARNING  | [DOWNLOAD FAIL] track_id=5288：Deezer 无结果
2026-04-03 14:00:48 | WARNING  | [DOWNLOAD FAIL] track_id=5289：Deezer 无结果
2026-04-03 14:00:48 | WARNING  | [DOWNLOAD FAIL] track_id=5291：Deezer 无结果
2026-04-03 14:00:48 | WARNING  | [DOWNLOAD FAIL] track_id=5292：Deezer 无结果
2026-04-03 14:00:48 | WARNING  | [DOWNLOAD FAIL] track_id=5293：Deezer 无结果
2026-04-03 14:00:48 | WARNING  | [DOWNLOAD FAIL] track_id=5294：Deezer 无结果
2026-04-03 14:00:48 | WARNING  | [DOWNLOAD FAIL] track_id=5295：Deezer 无结果
2026-04-03 14:00:49 | WARNING  | [DOWNLOAD FAIL] track_id=5296：Deezer 无结果
2026-04-03 14:00:49 | WARNING  | [DOWNLOAD FAIL] track_id=5297：Deezer 无结果
2026-04-03 14:00:49 | WARNING  | [DOWNLOAD FAIL] track_id=5299：Deezer 无结果
2026-04-03 14:00:49 | WARNING  | [DOWNLOAD FAIL] track_id=5303：Deezer 无结果
2026-04-03 14:00:50 | WARNING  | [DOWNLOAD FAIL] track_id=5304：Deezer 无结果
2026-04-03 14:00:50 | WARNING  | [DOWNLOAD FAIL] track_id=5307：Deezer 无结果
2026-04-03 14:00:50 | WARNING  | [DOWNLOAD FAIL] track_id=5308：Deezer 无结果
2026-04-03 14:00:50 | WARNING  | [DOWNLOAD FAIL] track_id=5309：Deezer 无结果
2026-04-03 14:00:50 | WARNING  | [DOWNLOAD FAIL] track_id=5312：Deezer 无结果
2026-04-03 14:00:51 | WARNING  | [DOWNLOAD FAIL] track_id=5314：Deezer 无结果
2026-04-03 14:00:51 | WARNING  | [DOWNLOAD FAIL] track_id=5315：Deezer 无结果
2026-04-03 14:00:52 | WARNING  | [DOWNLOAD FAIL] track_id=5320：Deezer 无结果
2026-04-03 14:00:52 | WARNING  | [DOWNLOAD FAIL] track_id=5321：Deezer 无结果
2026-04-03 14:00:52 | WARNING  | [DOWNLOAD FAIL] track_id=5324：Deezer 无结果
2026-04-03 14:00:53 | WARNING  | [DOWNLOAD FAIL] track_id=5325：Deezer 无结果
2026-04-03 14:00:53 | WARNING  | [DOWNLOAD FAIL] track_id=5326：Deezer 无结果
2026-04-03 14:00:53 | WARNING  | [DOWNLOAD FAIL] track_id=5327：Deezer 无结果
2026-04-03 14:00:53 | WARNING  | [DOWNLOAD FAIL] track_id=5328：Deezer 无结果
2026-04-03 14:00:53 | WARNING  | [DOWNLOAD FAIL] track_id=5329：Deezer 无结果
2026-04-03 14:00:53 | WARNING  | [DOWNLOAD FAIL] track_id=5330：Deezer 无结果
2026-04-03 14:00:53 | WARNING  | [DOWNLOAD FAIL] track_id=5332：Deezer 无结果
2026-04-03 14:00:53 | WARNING  | [DOWNLOAD FAIL] track_id=5333：Deezer 无结果
2026-04-03 14:00:54 | WARNING  | [DOWNLOAD FAIL] track_id=5336：Deezer 无结果
2026-04-03 14:00:54 | WARNING  | [DOWNLOAD FAIL] track_id=5338：Deezer 无结果
2026-04-03 14:00:54 | WARNING  | [DOWNLOAD FAIL] track_id=5340：Deezer 无结果
2026-04-03 14:00:54 | WARNING  | [DOWNLOAD FAIL] track_id=5342：Deezer 无结果
2026-04-03 14:00:55 | WARNING  | [DOWNLOAD FAIL] track_id=5344：Deezer 无结果
2026-04-03 14:00:56 | WARNING  | [DOWNLOAD FAIL] track_id=5349：Deezer 无结果
2026-04-03 14:00:56 | WARNING  | [DOWNLOAD FAIL] track_id=5352：Deezer 无结果
2026-04-03 14:00:57 | WARNING  | [DOWNLOAD FAIL] track_id=5355：Deezer 无结果
2026-04-03 14:00:58 | WARNING  | [DOWNLOAD FAIL] track_id=5360：Deezer 无结果
2026-04-03 14:00:58 | WARNING  | [DOWNLOAD FAIL] track_id=5362：Deezer 无结果
2026-04-03 14:01:00 | WARNING  | [DOWNLOAD FAIL] track_id=5367：Deezer 无结果
2026-04-03 14:01:00 | WARNING  | [DOWNLOAD FAIL] track_id=5368：Deezer 无结果
2026-04-03 14:01:00 | WARNING  | [DOWNLOAD FAIL] track_id=5369：Deezer 无结果
2026-04-03 14:01:00 | WARNING  | [DOWNLOAD FAIL] track_id=5372：Deezer 无结果
2026-04-03 14:01:00 | WARNING  | [DOWNLOAD FAIL] track_id=5375：Deezer 无结果
2026-04-03 14:01:01 | WARNING  | [DOWNLOAD FAIL] track_id=5378：preview_url 为空
2026-04-03 14:01:01 | WARNING  | [DOWNLOAD FAIL] track_id=5380：Deezer 无结果
2026-04-03 14:01:01 | WARNING  | [DOWNLOAD FAIL] track_id=5379：Deezer 无结果
2026-04-03 14:01:01 | WARNING  | [DOWNLOAD FAIL] track_id=5381：Deezer 无结果
2026-04-03 14:01:01 | WARNING  | [DOWNLOAD FAIL] track_id=5384：Deezer 无结果
2026-04-03 14:01:02 | WARNING  | [DOWNLOAD FAIL] track_id=5383：Deezer 无结果
2026-04-03 14:01:02 | WARNING  | [DOWNLOAD FAIL] track_id=5385：Deezer 无结果
2026-04-03 14:01:02 | WARNING  | [DOWNLOAD FAIL] track_id=5386：Deezer 无结果
2026-04-03 14:01:02 | WARNING  | [DOWNLOAD FAIL] track_id=5387：Deezer 无结果
2026-04-03 14:01:02 | WARNING  | [DOWNLOAD FAIL] track_id=5388：Deezer 无结果
2026-04-03 14:01:02 | WARNING  | [DOWNLOAD FAIL] track_id=5390：Deezer 无结果
2026-04-03 14:01:02 | WARNING  | [DOWNLOAD FAIL] track_id=5391：Deezer 无结果
2026-04-03 14:01:02 | WARNING  | [DOWNLOAD FAIL] track_id=5392：Deezer 无结果
2026-04-03 14:01:02 | WARNING  | [DOWNLOAD FAIL] track_id=5393：Deezer 无结果
2026-04-03 14:01:02 | WARNING  | [DOWNLOAD FAIL] track_id=5394：Deezer 无结果
2026-04-03 14:01:02 | WARNING  | [DOWNLOAD FAIL] track_id=5395：Deezer 无结果
2026-04-03 14:01:02 | WARNING  | [DOWNLOAD FAIL] track_id=5396：Deezer 无结果
2026-04-03 14:01:03 | WARNING  | [DOWNLOAD FAIL] track_id=5399：Deezer 无结果
2026-04-03 14:01:03 | WARNING  | [DOWNLOAD FAIL] track_id=5397：Deezer 无结果
2026-04-03 14:01:03 | WARNING  | [DOWNLOAD FAIL] track_id=5398：Deezer 无结果
2026-04-03 14:01:03 | WARNING  | [DOWNLOAD FAIL] track_id=5401：Deezer 无结果
2026-04-03 14:01:03 | WARNING  | [DOWNLOAD FAIL] track_id=5402：Deezer 无结果
2026-04-03 14:01:04 | WARNING  | [DOWNLOAD FAIL] track_id=5406：Deezer 无结果
2026-04-03 14:01:04 | WARNING  | [DOWNLOAD FAIL] track_id=5408：Deezer 无结果
2026-04-03 14:01:04 | WARNING  | [DOWNLOAD FAIL] track_id=5407：Deezer 无结果
2026-04-03 14:01:04 | WARNING  | [DOWNLOAD FAIL] track_id=5409：Deezer 无结果
2026-04-03 14:01:04 | WARNING  | [DOWNLOAD FAIL] track_id=5410：Deezer 无结果
2026-04-03 14:01:04 | WARNING  | [DOWNLOAD FAIL] track_id=5412：Deezer 无结果
2026-04-03 14:01:04 | WARNING  | [DOWNLOAD FAIL] track_id=5414：Deezer 无结果
2026-04-03 14:01:04 | WARNING  | [DOWNLOAD FAIL] track_id=5415：Deezer 无结果
2026-04-03 14:01:04 | WARNING  | [DOWNLOAD FAIL] track_id=5416：Deezer 无结果
2026-04-03 14:01:04 | WARNING  | [DOWNLOAD FAIL] track_id=5417：Deezer 无结果
2026-04-03 14:01:05 | WARNING  | [DOWNLOAD FAIL] track_id=5420：Deezer 无结果
2026-04-03 14:01:05 | WARNING  | [DOWNLOAD FAIL] track_id=5418：Deezer 无结果
2026-04-03 14:01:05 | WARNING  | [DOWNLOAD FAIL] track_id=5419：Deezer 无结果
2026-04-03 14:01:05 | WARNING  | [DOWNLOAD FAIL] track_id=5421：Deezer 无结果
2026-04-03 14:01:05 | WARNING  | [DOWNLOAD FAIL] track_id=5422：Deezer 无结果
2026-04-03 14:01:05 | WARNING  | [DOWNLOAD FAIL] track_id=5424：Deezer 无结果
2026-04-03 14:01:05 | WARNING  | [DOWNLOAD FAIL] track_id=5425：Deezer 无结果
2026-04-03 14:01:05 | WARNING  | [DOWNLOAD FAIL] track_id=5426：Deezer 无结果
2026-04-03 14:01:05 | WARNING  | [DOWNLOAD FAIL] track_id=5429：Deezer 无结果
2026-04-03 14:01:06 | WARNING  | [DOWNLOAD FAIL] track_id=5430：Deezer 无结果
2026-04-03 14:01:06 | WARNING  | [DOWNLOAD FAIL] track_id=5431：Deezer 无结果
2026-04-03 14:01:06 | WARNING  | [DOWNLOAD FAIL] track_id=5432：Deezer 无结果
2026-04-03 14:01:06 | WARNING  | [DOWNLOAD FAIL] track_id=5433：Deezer 无结果
2026-04-03 14:01:06 | WARNING  | [DOWNLOAD FAIL] track_id=5437：Deezer 无结果
2026-04-03 14:01:06 | WARNING  | [DOWNLOAD FAIL] track_id=5438：Deezer 无结果
2026-04-03 14:01:07 | WARNING  | [DOWNLOAD FAIL] track_id=5442：Deezer 无结果
2026-04-03 14:01:07 | WARNING  | [DOWNLOAD FAIL] track_id=5441：Deezer 无结果
2026-04-03 14:01:07 | WARNING  | [DOWNLOAD FAIL] track_id=5444：Deezer 无结果
2026-04-03 14:01:08 | WARNING  | [DOWNLOAD FAIL] track_id=5446：Deezer 无结果
2026-04-03 14:01:08 | WARNING  | [DOWNLOAD FAIL] track_id=5445：Deezer 无结果
2026-04-03 14:01:08 | WARNING  | [DOWNLOAD FAIL] track_id=5449：Deezer 无结果
2026-04-03 14:01:09 | WARNING  | [DOWNLOAD FAIL] track_id=5452：Deezer 无结果
2026-04-03 14:01:09 | WARNING  | [DOWNLOAD FAIL] track_id=5453：Deezer 无结果
2026-04-03 14:01:09 | WARNING  | [DOWNLOAD FAIL] track_id=5456：Deezer 无结果
2026-04-03 14:01:09 | WARNING  | [DOWNLOAD FAIL] track_id=5457：Deezer 无结果
2026-04-03 14:01:10 | WARNING  | [DOWNLOAD FAIL] track_id=5459：Deezer 无结果
2026-04-03 14:01:10 | WARNING  | [DOWNLOAD FAIL] track_id=5460：Deezer 无结果
2026-04-03 14:01:10 | WARNING  | [DOWNLOAD FAIL] track_id=5461：Deezer 无结果
2026-04-03 14:01:10 | WARNING  | [DOWNLOAD FAIL] track_id=5463：Deezer 无结果
2026-04-03 14:01:11 | WARNING  | [DOWNLOAD FAIL] track_id=5468：Deezer 无结果
2026-04-03 14:01:11 | WARNING  | [DOWNLOAD FAIL] track_id=5469：Deezer 无结果
2026-04-03 14:01:11 | WARNING  | [DOWNLOAD FAIL] track_id=5470：Deezer 无结果
2026-04-03 14:01:11 | WARNING  | [DOWNLOAD FAIL] track_id=5472：Deezer 无结果
2026-04-03 14:01:13 | WARNING  | [DOWNLOAD FAIL] track_id=5478：Deezer 无结果
2026-04-03 14:01:14 | WARNING  | [DOWNLOAD FAIL] track_id=5485：Deezer 无结果
2026-04-03 14:01:14 | WARNING  | [DOWNLOAD FAIL] track_id=5487：Deezer 无结果
2026-04-03 14:01:14 | WARNING  | [DOWNLOAD FAIL] track_id=5488：Deezer 无结果
2026-04-03 14:01:15 | WARNING  | [DOWNLOAD FAIL] track_id=5491：Deezer 无结果
2026-04-03 14:01:15 | WARNING  | [DOWNLOAD FAIL] track_id=5493：Deezer 无结果
2026-04-03 14:01:15 | WARNING  | [DOWNLOAD FAIL] track_id=5494：Deezer 无结果
2026-04-03 14:01:15 | WARNING  | [DOWNLOAD FAIL] track_id=5496：Deezer 无结果
2026-04-03 14:01:16 | WARNING  | [DOWNLOAD FAIL] track_id=5497：Deezer 无结果
2026-04-03 14:01:16 | WARNING  | [DOWNLOAD FAIL] track_id=5498：Deezer 无结果
2026-04-03 14:01:16 | WARNING  | [DOWNLOAD FAIL] track_id=5499：Deezer 无结果
2026-04-03 14:01:16 | WARNING  | [DOWNLOAD FAIL] track_id=5500：Deezer 无结果
2026-04-03 14:01:16 | WARNING  | [DOWNLOAD FAIL] track_id=5502：Deezer 无结果
2026-04-03 14:01:16 | WARNING  | [DOWNLOAD FAIL] track_id=5504：Deezer 无结果
2026-04-03 14:01:16 | WARNING  | [DOWNLOAD FAIL] track_id=5505：Deezer 无结果
2026-04-03 14:01:16 | WARNING  | [DOWNLOAD FAIL] track_id=5506：Deezer 无结果
2026-04-03 14:01:17 | WARNING  | [DOWNLOAD FAIL] track_id=5509：Deezer 无结果
2026-04-03 14:01:18 | INFO     | [DOWNLOAD] 成功 176/500，失败 324 条：[5014, 5011, 5018, 5024, 5027, 5029, 5036, 5039, 5041, 5045]...
2026-04-03 14:02:02 | INFO     | [EMBED] 成功 176/176，失败 0 条
2026-04-03 14:02:02 | INFO     | [EMBED SAVE] 追加 176 条，矩阵总行数 2,572，文件大小 0.02 GB
2026-04-03 14:02:03 | INFO     | === 批次 0010 完成，耗时 104.9s，预计剩余时间 262.9h ===
