2026-04-03 13:39:23 | INFO     | === 批次 0001 开始，共 500 首 ===
2026-04-03 13:39:23 | WARNING  | [DOWNLOAD FAIL] track_id=513：Deezer 无结果
2026-04-03 13:39:23 | WARNING  | [DOWNLOAD FAIL] track_id=511：Deezer 无结果
2026-04-03 13:39:23 | WARNING  | [DOWNLOAD FAIL] track_id=514：Deezer 无结果
2026-04-03 13:39:23 | WARNING  | [DOWNLOAD FAIL] track_id=512：Deezer 无结果
2026-04-03 13:39:23 | WARNING  | [DOWNLOAD FAIL] track_id=510：Deezer 无结果
2026-04-03 13:39:23 | WARNING  | [DOWNLOAD FAIL] track_id=517：Deezer 无结果
2026-04-03 13:39:23 | WARNING  | [DOWNLOAD FAIL] track_id=516：Deezer 无结果
2026-04-03 13:39:23 | WARNING  | [DOWNLOAD FAIL] track_id=515：Deezer 无结果
2026-04-03 13:39:23 | WARNING  | [DOWNLOAD FAIL] track_id=518：Deezer 无结果
2026-04-03 13:39:24 | WARNING  | [DOWNLOAD FAIL] track_id=521：Deezer 无结果
2026-04-03 13:39:24 | WARNING  | [DOWNLOAD FAIL] track_id=520：Deezer 无结果
2026-04-03 13:39:24 | WARNING  | [DOWNLOAD FAIL] track_id=522：Deezer 无结果
2026-04-03 13:39:24 | WARNING  | [DOWNLOAD FAIL] track_id=523：Deezer 无结果
2026-04-03 13:39:24 | WARNING  | [DOWNLOAD FAIL] track_id=524：Deezer 无结果
2026-04-03 13:39:24 | WARNING  | [DOWNLOAD FAIL] track_id=525：Deezer 无结果
2026-04-03 13:39:24 | WARNING  | [DOWNLOAD FAIL] track_id=526：Deezer 无结果
2026-04-03 13:39:24 | WARNING  | [DOWNLOAD FAIL] track_id=528：Deezer 无结果
2026-04-03 13:39:24 | WARNING  | [DOWNLOAD FAIL] track_id=529：Deezer 无结果
2026-04-03 13:39:24 | WARNING  | [DOWNLOAD FAIL] track_id=530：Deezer 无结果
2026-04-03 13:39:24 | WARNING  | [DOWNLOAD FAIL] track_id=531：Deezer 无结果
2026-04-03 13:39:24 | WARNING  | [DOWNLOAD FAIL] track_id=533：Deezer 无结果
2026-04-03 13:39:24 | WARNING  | [DOWNLOAD FAIL] track_id=532：Deezer 无结果
2026-04-03 13:39:25 | WARNING  | [DOWNLOAD FAIL] track_id=534：Deezer 无结果
2026-04-03 13:39:25 | WARNING  | [DOWNLOAD FAIL] track_id=535：Deezer 无结果
2026-04-03 13:39:25 | WARNING  | [DOWNLOAD FAIL] track_id=537：Deezer 无结果
2026-04-03 13:39:25 | WARNING  | [DOWNLOAD FAIL] track_id=536：Deezer 无结果
2026-04-03 13:39:25 | WARNING  | [DOWNLOAD FAIL] track_id=539：Deezer 无结果
2026-04-03 13:39:25 | WARNING  | [DOWNLOAD FAIL] track_id=538：Deezer 无结果
2026-04-03 13:39:25 | WARNING  | [DOWNLOAD FAIL] track_id=542：Deezer 无结果
2026-04-03 13:39:25 | WARNING  | [DOWNLOAD FAIL] track_id=540：Deezer 无结果
2026-04-03 13:39:25 | WARNING  | [DOWNLOAD FAIL] track_id=541：Deezer 无结果
2026-04-03 13:39:25 | WARNING  | [DOWNLOAD FAIL] track_id=543：Deezer 无结果
2026-04-03 13:39:25 | WARNING  | [DOWNLOAD FAIL] track_id=545：Deezer 无结果
2026-04-03 13:39:25 | WARNING  | [DOWNLOAD FAIL] track_id=544：Deezer 无结果
2026-04-03 13:39:25 | WARNING  | [DOWNLOAD FAIL] track_id=546：Deezer 无结果
2026-04-03 13:39:25 | WARNING  | [DOWNLOAD FAIL] track_id=547：Deezer 无结果
2026-04-03 13:39:25 | WARNING  | [DOWNLOAD FAIL] track_id=549：Deezer 无结果
2026-04-03 13:39:25 | WARNING  | [DOWNLOAD FAIL] track_id=548：Deezer 无结果
2026-04-03 13:39:25 | WARNING  | [DOWNLOAD FAIL] track_id=552：Deezer 无结果
2026-04-03 13:39:25 | WARNING  | [DOWNLOAD FAIL] track_id=550：Deezer 无结果
2026-04-03 13:39:25 | WARNING  | [DOWNLOAD FAIL] track_id=551：Deezer 无结果
2026-04-03 13:39:26 | WARNING  | [DOWNLOAD FAIL] track_id=557：Deezer 无结果
2026-04-03 13:39:26 | WARNING  | [DOWNLOAD FAIL] track_id=554：Deezer 无结果
2026-04-03 13:39:26 | WARNING  | [DOWNLOAD FAIL] track_id=555：Deezer 无结果
2026-04-03 13:39:26 | WARNING  | [DOWNLOAD FAIL] track_id=556：Deezer 无结果
2026-04-03 13:39:26 | WARNING  | [DOWNLOAD FAIL] track_id=553：Deezer 无结果
2026-04-03 13:39:26 | WARNING  | [DOWNLOAD FAIL] track_id=562：Deezer 无结果
2026-04-03 13:39:26 | WARNING  | [DOWNLOAD FAIL] track_id=561：Deezer 无结果
2026-04-03 13:39:26 | WARNING  | [DOWNLOAD FAIL] track_id=559：Deezer 无结果
2026-04-03 13:39:26 | WARNING  | [DOWNLOAD FAIL] track_id=560：Deezer 无结果
2026-04-03 13:39:26 | WARNING  | [DOWNLOAD FAIL] track_id=563：Deezer 无结果
2026-04-03 13:39:26 | WARNING  | [DOWNLOAD FAIL] track_id=565：Deezer 无结果
2026-04-03 13:39:26 | WARNING  | [DOWNLOAD FAIL] track_id=564：Deezer 无结果
2026-04-03 13:39:26 | WARNING  | [DOWNLOAD FAIL] track_id=566：Deezer 无结果
2026-04-03 13:39:26 | WARNING  | [DOWNLOAD FAIL] track_id=567：Deezer 无结果
2026-04-03 13:39:26 | WARNING  | [DOWNLOAD FAIL] track_id=569：Deezer 无结果
2026-04-03 13:39:26 | WARNING  | [DOWNLOAD FAIL] track_id=568：Deezer 无结果
2026-04-03 13:39:26 | WARNING  | [DOWNLOAD FAIL] track_id=570：Deezer 无结果
2026-04-03 13:39:27 | WARNING  | [DOWNLOAD FAIL] track_id=574：Deezer 无结果
2026-04-03 13:39:27 | WARNING  | [DOWNLOAD FAIL] track_id=571：Deezer 无结果
2026-04-03 13:39:27 | WARNING  | [DOWNLOAD FAIL] track_id=573：Deezer 无结果
2026-04-03 13:39:27 | WARNING  | [DOWNLOAD FAIL] track_id=572：Deezer 无结果
2026-04-03 13:39:27 | WARNING  | [DOWNLOAD FAIL] track_id=575：Deezer 无结果
2026-04-03 13:39:27 | WARNING  | [DOWNLOAD FAIL] track_id=576：Deezer 无结果
2026-04-03 13:39:27 | WARNING  | [DOWNLOAD FAIL] track_id=577：Deezer 无结果
2026-04-03 13:39:27 | WARNING  | [DOWNLOAD FAIL] track_id=579：Deezer 无结果
2026-04-03 13:39:27 | WARNING  | [DOWNLOAD FAIL] track_id=580：Deezer 无结果
2026-04-03 13:39:27 | WARNING  | [DOWNLOAD FAIL] track_id=578：Deezer 无结果
2026-04-03 13:39:27 | WARNING  | [DOWNLOAD FAIL] track_id=582：Deezer 无结果
2026-04-03 13:39:27 | WARNING  | [DOWNLOAD FAIL] track_id=583：Deezer 无结果
2026-04-03 13:39:27 | WARNING  | [DOWNLOAD FAIL] track_id=581：Deezer 无结果
2026-04-03 13:39:27 | WARNING  | [DOWNLOAD FAIL] track_id=585：Deezer 无结果
2026-04-03 13:39:27 | WARNING  | [DOWNLOAD FAIL] track_id=584：Deezer 无结果
2026-04-03 13:39:27 | WARNING  | [DOWNLOAD FAIL] track_id=586：Deezer 无结果
2026-04-03 13:39:27 | WARNING  | [DOWNLOAD FAIL] track_id=587：Deezer 无结果
2026-04-03 13:39:27 | WARNING  | [DOWNLOAD FAIL] track_id=588：Deezer 无结果
2026-04-03 13:39:27 | WARNING  | [DOWNLOAD FAIL] track_id=589：Deezer 无结果
2026-04-03 13:39:28 | WARNING  | [DOWNLOAD FAIL] track_id=592：Deezer 无结果
2026-04-03 13:39:28 | WARNING  | [DOWNLOAD FAIL] track_id=593：Deezer 无结果
2026-04-03 13:39:28 | WARNING  | [DOWNLOAD FAIL] track_id=590：Deezer 无结果
2026-04-03 13:39:28 | WARNING  | [DOWNLOAD FAIL] track_id=591：Deezer 无结果
2026-04-03 13:39:28 | WARNING  | [DOWNLOAD FAIL] track_id=594：Deezer 无结果
2026-04-03 13:39:28 | WARNING  | [DOWNLOAD FAIL] track_id=595：Deezer 无结果
2026-04-03 13:39:29 | WARNING  | [DOWNLOAD FAIL] track_id=602：Deezer 无结果
2026-04-03 13:39:33 | WARNING  | [DOWNLOAD FAIL] track_id=622：Deezer 无结果
2026-04-03 13:39:33 | WARNING  | [DOWNLOAD FAIL] track_id=623：Deezer 无结果
2026-04-03 13:39:34 | WARNING  | [DOWNLOAD FAIL] track_id=624：Deezer 无结果
2026-04-03 13:39:34 | WARNING  | [DOWNLOAD FAIL] track_id=625：Deezer 无结果
2026-04-03 13:39:34 | WARNING  | [DOWNLOAD FAIL] track_id=627：Deezer 无结果
2026-04-03 13:39:34 | WARNING  | [DOWNLOAD FAIL] track_id=626：Deezer 无结果
2026-04-03 13:39:34 | WARNING  | [DOWNLOAD FAIL] track_id=628：Deezer 无结果
2026-04-03 13:39:34 | WARNING  | [DOWNLOAD FAIL] track_id=629：Deezer 无结果
2026-04-03 13:39:34 | WARNING  | [DOWNLOAD FAIL] track_id=631：Deezer 无结果
2026-04-03 13:39:34 | WARNING  | [DOWNLOAD FAIL] track_id=632：Deezer 无结果
2026-04-03 13:39:34 | WARNING  | [DOWNLOAD FAIL] track_id=634：Deezer 无结果
2026-04-03 13:39:34 | WARNING  | [DOWNLOAD FAIL] track_id=635：Deezer 无结果
2026-04-03 13:39:34 | WARNING  | [DOWNLOAD FAIL] track_id=633：Deezer 无结果
2026-04-03 13:39:35 | WARNING  | [DOWNLOAD FAIL] track_id=636：Deezer 无结果
2026-04-03 13:39:35 | WARNING  | [DOWNLOAD FAIL] track_id=638：Deezer 无结果
2026-04-03 13:39:35 | WARNING  | [DOWNLOAD FAIL] track_id=639：Deezer 无结果
2026-04-03 13:39:35 | WARNING  | [DOWNLOAD FAIL] track_id=640：Deezer 无结果
2026-04-03 13:39:35 | WARNING  | [DOWNLOAD FAIL] track_id=641：Deezer 无结果
2026-04-03 13:39:35 | WARNING  | [DOWNLOAD FAIL] track_id=642：Deezer 无结果
2026-04-03 13:39:35 | WARNING  | [DOWNLOAD FAIL] track_id=643：Deezer 无结果
2026-04-03 13:39:35 | WARNING  | [DOWNLOAD FAIL] track_id=644：Deezer 无结果
2026-04-03 13:39:35 | WARNING  | [DOWNLOAD FAIL] track_id=645：Deezer 无结果
2026-04-03 13:39:35 | WARNING  | [DOWNLOAD FAIL] track_id=646：Deezer 无结果
2026-04-03 13:39:35 | WARNING  | [DOWNLOAD FAIL] track_id=648：Deezer 无结果
2026-04-03 13:39:35 | WARNING  | [DOWNLOAD FAIL] track_id=649：Deezer 无结果
2026-04-03 13:39:36 | WARNING  | [DOWNLOAD FAIL] track_id=650：Deezer 无结果
2026-04-03 13:39:36 | WARNING  | [DOWNLOAD FAIL] track_id=651：Deezer 无结果
2026-04-03 13:39:36 | WARNING  | [DOWNLOAD FAIL] track_id=652：Deezer 无结果
2026-04-03 13:39:36 | WARNING  | [DOWNLOAD FAIL] track_id=654：Deezer 无结果
2026-04-03 13:39:36 | WARNING  | [DOWNLOAD FAIL] track_id=655：Deezer 无结果
2026-04-03 13:39:36 | WARNING  | [DOWNLOAD FAIL] track_id=653：Deezer 无结果
2026-04-03 13:39:36 | WARNING  | [DOWNLOAD FAIL] track_id=656：Deezer 无结果
2026-04-03 13:39:36 | WARNING  | [DOWNLOAD FAIL] track_id=658：Deezer 无结果
2026-04-03 13:39:36 | WARNING  | [DOWNLOAD FAIL] track_id=659：Deezer 无结果
2026-04-03 13:39:36 | WARNING  | [DOWNLOAD FAIL] track_id=660：Deezer 无结果
2026-04-03 13:39:36 | WARNING  | [DOWNLOAD FAIL] track_id=662：Deezer 无结果
2026-04-03 13:39:36 | WARNING  | [DOWNLOAD FAIL] track_id=661：Deezer 无结果
2026-04-03 13:39:36 | WARNING  | [DOWNLOAD FAIL] track_id=663：Deezer 无结果
2026-04-03 13:39:36 | WARNING  | [DOWNLOAD FAIL] track_id=664：Deezer 无结果
2026-04-03 13:39:36 | WARNING  | [DOWNLOAD FAIL] track_id=666：Deezer 无结果
2026-04-03 13:39:37 | WARNING  | [DOWNLOAD FAIL] track_id=668：Deezer 无结果
2026-04-03 13:39:37 | WARNING  | [DOWNLOAD FAIL] track_id=669：Deezer 无结果
2026-04-03 13:39:37 | WARNING  | [DOWNLOAD FAIL] track_id=670：Deezer 无结果
2026-04-03 13:39:37 | WARNING  | [DOWNLOAD FAIL] track_id=671：Deezer 无结果
2026-04-03 13:39:37 | WARNING  | [DOWNLOAD FAIL] track_id=672：Deezer 无结果
2026-04-03 13:39:37 | WARNING  | [DOWNLOAD FAIL] track_id=675：Deezer 无结果
2026-04-03 13:39:37 | WARNING  | [DOWNLOAD FAIL] track_id=673：Deezer 无结果
2026-04-03 13:39:37 | WARNING  | [DOWNLOAD FAIL] track_id=674：Deezer 无结果
2026-04-03 13:39:37 | WARNING  | [DOWNLOAD FAIL] track_id=676：Deezer 无结果
2026-04-03 13:39:37 | WARNING  | [DOWNLOAD FAIL] track_id=677：Deezer 无结果
2026-04-03 13:39:37 | WARNING  | [DOWNLOAD FAIL] track_id=678：Deezer 无结果
2026-04-03 13:39:37 | WARNING  | [DOWNLOAD FAIL] track_id=681：Deezer 无结果
2026-04-03 13:39:38 | WARNING  | [DOWNLOAD FAIL] track_id=679：Deezer 无结果
2026-04-03 13:39:38 | WARNING  | [DOWNLOAD FAIL] track_id=680：Deezer 无结果
2026-04-03 13:39:38 | WARNING  | [DOWNLOAD FAIL] track_id=683：Deezer 无结果
2026-04-03 13:39:38 | WARNING  | [DOWNLOAD FAIL] track_id=684：Deezer 无结果
2026-04-03 13:39:38 | WARNING  | [DOWNLOAD FAIL] track_id=685：Deezer 无结果
2026-04-03 13:39:38 | WARNING  | [DOWNLOAD FAIL] track_id=687：Deezer 无结果
2026-04-03 13:39:38 | WARNING  | [DOWNLOAD FAIL] track_id=686：Deezer 无结果
2026-04-03 13:39:38 | WARNING  | [DOWNLOAD FAIL] track_id=689：Deezer 无结果
2026-04-03 13:39:38 | WARNING  | [DOWNLOAD FAIL] track_id=688：Deezer 无结果
2026-04-03 13:39:38 | WARNING  | [DOWNLOAD FAIL] track_id=693：Deezer 无结果
2026-04-03 13:39:38 | WARNING  | [DOWNLOAD FAIL] track_id=691：Deezer 无结果
2026-04-03 13:39:38 | WARNING  | [DOWNLOAD FAIL] track_id=690：Deezer 无结果
2026-04-03 13:39:38 | WARNING  | [DOWNLOAD FAIL] track_id=692：Deezer 无结果
2026-04-03 13:39:39 | WARNING  | [DOWNLOAD FAIL] track_id=695：Deezer 无结果
2026-04-03 13:39:39 | WARNING  | [DOWNLOAD FAIL] track_id=694：Deezer 无结果
2026-04-03 13:39:39 | WARNING  | [DOWNLOAD FAIL] track_id=697：Deezer 无结果
2026-04-03 13:39:39 | WARNING  | [DOWNLOAD FAIL] track_id=696：Deezer 无结果
2026-04-03 13:39:39 | WARNING  | [DOWNLOAD FAIL] track_id=699：Deezer 无结果
2026-04-03 13:39:39 | WARNING  | [DOWNLOAD FAIL] track_id=702：Deezer 无结果
2026-04-03 13:39:39 | WARNING  | [DOWNLOAD FAIL] track_id=700：Deezer 无结果
2026-04-03 13:39:39 | WARNING  | [DOWNLOAD FAIL] track_id=698：Deezer 无结果
2026-04-03 13:39:39 | WARNING  | [DOWNLOAD FAIL] track_id=701：Deezer 无结果
2026-04-03 13:39:39 | WARNING  | [DOWNLOAD FAIL] track_id=703：Deezer 无结果
2026-04-03 13:39:39 | WARNING  | [DOWNLOAD FAIL] track_id=704：Deezer 无结果
2026-04-03 13:39:39 | WARNING  | [DOWNLOAD FAIL] track_id=707：Deezer 无结果
2026-04-03 13:39:39 | WARNING  | [DOWNLOAD FAIL] track_id=706：Deezer 无结果
2026-04-03 13:39:39 | WARNING  | [DOWNLOAD FAIL] track_id=710：Deezer 无结果
2026-04-03 13:39:39 | WARNING  | [DOWNLOAD FAIL] track_id=709：Deezer 无结果
2026-04-03 13:39:39 | WARNING  | [DOWNLOAD FAIL] track_id=711：Deezer 无结果
2026-04-03 13:39:39 | WARNING  | [DOWNLOAD FAIL] track_id=705：Deezer 无结果
2026-04-03 13:39:39 | WARNING  | [DOWNLOAD FAIL] track_id=712：Deezer 无结果
2026-04-03 13:39:40 | WARNING  | [DOWNLOAD FAIL] track_id=714：Deezer 无结果
2026-04-03 13:39:40 | WARNING  | [DOWNLOAD FAIL] track_id=715：Deezer 无结果
2026-04-03 13:39:40 | WARNING  | [DOWNLOAD FAIL] track_id=716：Deezer 无结果
2026-04-03 13:39:40 | WARNING  | [DOWNLOAD FAIL] track_id=718：Deezer 无结果
2026-04-03 13:39:40 | WARNING  | [DOWNLOAD FAIL] track_id=717：Deezer 无结果
2026-04-03 13:39:40 | WARNING  | [DOWNLOAD FAIL] track_id=719：Deezer 无结果
2026-04-03 13:39:40 | WARNING  | [DOWNLOAD FAIL] track_id=720：Deezer 无结果
2026-04-03 13:39:40 | WARNING  | [DOWNLOAD FAIL] track_id=721：Deezer 无结果
2026-04-03 13:39:40 | WARNING  | [DOWNLOAD FAIL] track_id=722：Deezer 无结果
2026-04-03 13:39:40 | WARNING  | [DOWNLOAD FAIL] track_id=723：Deezer 无结果
2026-04-03 13:39:40 | WARNING  | [DOWNLOAD FAIL] track_id=724：Deezer 无结果
2026-04-03 13:39:41 | WARNING  | [DOWNLOAD FAIL] track_id=725：Deezer 无结果
2026-04-03 13:39:41 | WARNING  | [DOWNLOAD FAIL] track_id=727：Deezer 无结果
2026-04-03 13:39:41 | WARNING  | [DOWNLOAD FAIL] track_id=726：Deezer 无结果
2026-04-03 13:39:41 | WARNING  | [DOWNLOAD FAIL] track_id=728：Deezer 无结果
2026-04-03 13:39:41 | WARNING  | [DOWNLOAD FAIL] track_id=729：Deezer 无结果
2026-04-03 13:39:41 | WARNING  | [DOWNLOAD FAIL] track_id=730：Deezer 无结果
2026-04-03 13:39:41 | WARNING  | [DOWNLOAD FAIL] track_id=732：Deezer 无结果
2026-04-03 13:39:41 | WARNING  | [DOWNLOAD FAIL] track_id=731：Deezer 无结果
2026-04-03 13:39:41 | WARNING  | [DOWNLOAD FAIL] track_id=734：Deezer 无结果
2026-04-03 13:39:41 | WARNING  | [DOWNLOAD FAIL] track_id=735：Deezer 无结果
2026-04-03 13:39:41 | WARNING  | [DOWNLOAD FAIL] track_id=736：Deezer 无结果
2026-04-03 13:39:41 | WARNING  | [DOWNLOAD FAIL] track_id=733：Deezer 无结果
2026-04-03 13:39:41 | WARNING  | [DOWNLOAD FAIL] track_id=737：Deezer 无结果
2026-04-03 13:39:41 | WARNING  | [DOWNLOAD FAIL] track_id=739：Deezer 无结果
2026-04-03 13:39:41 | WARNING  | [DOWNLOAD FAIL] track_id=738：Deezer 无结果
2026-04-03 13:39:41 | WARNING  | [DOWNLOAD FAIL] track_id=740：Deezer 无结果
2026-04-03 13:39:41 | WARNING  | [DOWNLOAD FAIL] track_id=741：Deezer 无结果
2026-04-03 13:39:41 | WARNING  | [DOWNLOAD FAIL] track_id=742：Deezer 无结果
2026-04-03 13:39:41 | WARNING  | [DOWNLOAD FAIL] track_id=744：Deezer 无结果
2026-04-03 13:39:42 | WARNING  | [DOWNLOAD FAIL] track_id=746：Deezer 无结果
2026-04-03 13:39:42 | WARNING  | [DOWNLOAD FAIL] track_id=745：Deezer 无结果
2026-04-03 13:39:42 | WARNING  | [DOWNLOAD FAIL] track_id=747：Deezer 无结果
2026-04-03 13:39:42 | WARNING  | [DOWNLOAD FAIL] track_id=743：Deezer 无结果
2026-04-03 13:39:42 | WARNING  | [DOWNLOAD FAIL] track_id=748：Deezer 无结果
2026-04-03 13:39:42 | WARNING  | [DOWNLOAD FAIL] track_id=750：Deezer 无结果
2026-04-03 13:39:42 | WARNING  | [DOWNLOAD FAIL] track_id=749：Deezer 无结果
2026-04-03 13:39:42 | WARNING  | [DOWNLOAD FAIL] track_id=751：Deezer 无结果
2026-04-03 13:39:42 | WARNING  | [DOWNLOAD FAIL] track_id=752：Deezer 无结果
2026-04-03 13:39:42 | WARNING  | [DOWNLOAD FAIL] track_id=753：Deezer 无结果
2026-04-03 13:39:42 | WARNING  | [DOWNLOAD FAIL] track_id=755：Deezer 无结果
2026-04-03 13:39:42 | WARNING  | [DOWNLOAD FAIL] track_id=754：Deezer 无结果
2026-04-03 13:39:42 | WARNING  | [DOWNLOAD FAIL] track_id=758：Deezer 无结果
2026-04-03 13:39:42 | WARNING  | [DOWNLOAD FAIL] track_id=756：Deezer 无结果
2026-04-03 13:39:42 | WARNING  | [DOWNLOAD FAIL] track_id=757：Deezer 无结果
2026-04-03 13:39:42 | WARNING  | [DOWNLOAD FAIL] track_id=760：Deezer 无结果
2026-04-03 13:39:42 | WARNING  | [DOWNLOAD FAIL] track_id=761：Deezer 无结果
2026-04-03 13:39:42 | WARNING  | [DOWNLOAD FAIL] track_id=762：Deezer 无结果
2026-04-03 13:39:42 | WARNING  | [DOWNLOAD FAIL] track_id=759：Deezer 无结果
2026-04-03 13:39:42 | WARNING  | [DOWNLOAD FAIL] track_id=763：Deezer 无结果
2026-04-03 13:39:42 | WARNING  | [DOWNLOAD FAIL] track_id=764：Deezer 无结果
2026-04-03 13:39:42 | WARNING  | [DOWNLOAD FAIL] track_id=767：Deezer 无结果
2026-04-03 13:39:42 | WARNING  | [DOWNLOAD FAIL] track_id=768：Deezer 无结果
2026-04-03 13:39:43 | WARNING  | [DOWNLOAD FAIL] track_id=766：Deezer 无结果
2026-04-03 13:39:43 | WARNING  | [DOWNLOAD FAIL] track_id=769：Deezer 无结果
2026-04-03 13:39:43 | WARNING  | [DOWNLOAD FAIL] track_id=765：Deezer 无结果
2026-04-03 13:39:43 | WARNING  | [DOWNLOAD FAIL] track_id=770：Deezer 无结果
2026-04-03 13:39:43 | WARNING  | [DOWNLOAD FAIL] track_id=772：Deezer 无结果
2026-04-03 13:39:43 | WARNING  | [DOWNLOAD FAIL] track_id=771：Deezer 无结果
2026-04-03 13:39:43 | WARNING  | [DOWNLOAD FAIL] track_id=774：Deezer 无结果
2026-04-03 13:39:43 | WARNING  | [DOWNLOAD FAIL] track_id=773：Deezer 无结果
2026-04-03 13:39:43 | WARNING  | [DOWNLOAD FAIL] track_id=776：Deezer 无结果
2026-04-03 13:39:43 | WARNING  | [DOWNLOAD FAIL] track_id=777：Deezer 无结果
2026-04-03 13:39:43 | WARNING  | [DOWNLOAD FAIL] track_id=775：Deezer 无结果
2026-04-03 13:39:43 | WARNING  | [DOWNLOAD FAIL] track_id=779：Deezer 无结果
2026-04-03 13:39:43 | WARNING  | [DOWNLOAD FAIL] track_id=778：Deezer 无结果
2026-04-03 13:39:43 | WARNING  | [DOWNLOAD FAIL] track_id=784：Deezer 无结果
2026-04-03 13:39:43 | WARNING  | [DOWNLOAD FAIL] track_id=782：Deezer 无结果
2026-04-03 13:39:43 | WARNING  | [DOWNLOAD FAIL] track_id=783：Deezer 无结果
2026-04-03 13:39:43 | WARNING  | [DOWNLOAD FAIL] track_id=780：Deezer 无结果
2026-04-03 13:39:43 | WARNING  | [DOWNLOAD FAIL] track_id=781：Deezer 无结果
2026-04-03 13:39:44 | WARNING  | [DOWNLOAD FAIL] track_id=785：Deezer 无结果
2026-04-03 13:39:44 | WARNING  | [DOWNLOAD FAIL] track_id=787：Deezer 无结果
2026-04-03 13:39:44 | WARNING  | [DOWNLOAD FAIL] track_id=786：Deezer 无结果
2026-04-03 13:39:44 | WARNING  | [DOWNLOAD FAIL] track_id=789：Deezer 无结果
2026-04-03 13:39:44 | WARNING  | [DOWNLOAD FAIL] track_id=791：Deezer 无结果
2026-04-03 13:39:44 | WARNING  | [DOWNLOAD FAIL] track_id=793：Deezer 无结果
2026-04-03 13:39:44 | WARNING  | [DOWNLOAD FAIL] track_id=792：Deezer 无结果
2026-04-03 13:39:44 | WARNING  | [DOWNLOAD FAIL] track_id=794：Deezer 无结果
2026-04-03 13:39:44 | WARNING  | [DOWNLOAD FAIL] track_id=795：Deezer 无结果
2026-04-03 13:39:44 | WARNING  | [DOWNLOAD FAIL] track_id=796：Deezer 无结果
2026-04-03 13:39:45 | WARNING  | [DOWNLOAD FAIL] track_id=798：Deezer 无结果
2026-04-03 13:39:45 | WARNING  | [DOWNLOAD FAIL] track_id=797：Deezer 无结果
2026-04-03 13:39:45 | WARNING  | [DOWNLOAD FAIL] track_id=799：Deezer 无结果
2026-04-03 13:39:45 | WARNING  | [DOWNLOAD FAIL] track_id=801：Deezer 无结果
2026-04-03 13:39:45 | WARNING  | [DOWNLOAD FAIL] track_id=802：Deezer 无结果
2026-04-03 13:39:45 | WARNING  | [DOWNLOAD FAIL] track_id=800：Deezer 无结果
2026-04-03 13:39:45 | WARNING  | [DOWNLOAD FAIL] track_id=803：Deezer 无结果
2026-04-03 13:39:45 | WARNING  | [DOWNLOAD FAIL] track_id=804：Deezer 无结果
2026-04-03 13:39:45 | WARNING  | [DOWNLOAD FAIL] track_id=805：Deezer 无结果
2026-04-03 13:39:45 | WARNING  | [DOWNLOAD FAIL] track_id=806：Deezer 无结果
2026-04-03 13:39:45 | WARNING  | [DOWNLOAD FAIL] track_id=808：Deezer 无结果
2026-04-03 13:39:45 | WARNING  | [DOWNLOAD FAIL] track_id=807：Deezer 无结果
2026-04-03 13:39:45 | WARNING  | [DOWNLOAD FAIL] track_id=810：Deezer 无结果
2026-04-03 13:39:45 | WARNING  | [DOWNLOAD FAIL] track_id=811：Deezer 无结果
2026-04-03 13:39:45 | WARNING  | [DOWNLOAD FAIL] track_id=809：Deezer 无结果
2026-04-03 13:39:45 | WARNING  | [DOWNLOAD FAIL] track_id=813：Deezer 无结果
2026-04-03 13:39:46 | WARNING  | [DOWNLOAD FAIL] track_id=812：Deezer 无结果
2026-04-03 13:39:46 | WARNING  | [DOWNLOAD FAIL] track_id=814：Deezer 无结果
2026-04-03 13:39:46 | WARNING  | [DOWNLOAD FAIL] track_id=815：Deezer 无结果
2026-04-03 13:39:46 | WARNING  | [DOWNLOAD FAIL] track_id=816：Deezer 无结果
2026-04-03 13:39:46 | WARNING  | [DOWNLOAD FAIL] track_id=817：Deezer 无结果
2026-04-03 13:39:46 | WARNING  | [DOWNLOAD FAIL] track_id=818：Deezer 无结果
2026-04-03 13:39:46 | WARNING  | [DOWNLOAD FAIL] track_id=819：Deezer 无结果
2026-04-03 13:39:46 | WARNING  | [DOWNLOAD FAIL] track_id=820：Deezer 无结果
2026-04-03 13:39:46 | WARNING  | [DOWNLOAD FAIL] track_id=821：Deezer 无结果
2026-04-03 13:39:46 | WARNING  | [DOWNLOAD FAIL] track_id=823：Deezer 无结果
2026-04-03 13:39:46 | WARNING  | [DOWNLOAD FAIL] track_id=822：Deezer 无结果
2026-04-03 13:39:46 | WARNING  | [DOWNLOAD FAIL] track_id=824：Deezer 无结果
2026-04-03 13:39:46 | WARNING  | [DOWNLOAD FAIL] track_id=826：Deezer 无结果
2026-04-03 13:39:46 | WARNING  | [DOWNLOAD FAIL] track_id=828：Deezer 无结果
2026-04-03 13:39:46 | WARNING  | [DOWNLOAD FAIL] track_id=827：Deezer 无结果
2026-04-03 13:39:46 | WARNING  | [DOWNLOAD FAIL] track_id=829：Deezer 无结果
2026-04-03 13:39:46 | WARNING  | [DOWNLOAD FAIL] track_id=830：Deezer 无结果
2026-04-03 13:39:46 | WARNING  | [DOWNLOAD FAIL] track_id=825：Deezer 无结果
2026-04-03 13:39:46 | WARNING  | [DOWNLOAD FAIL] track_id=831：Deezer 无结果
2026-04-03 13:39:46 | WARNING  | [DOWNLOAD FAIL] track_id=832：Deezer 无结果
2026-04-03 13:39:46 | WARNING  | [DOWNLOAD FAIL] track_id=833：Deezer 无结果
2026-04-03 13:39:46 | WARNING  | [DOWNLOAD FAIL] track_id=835：Deezer 无结果
2026-04-03 13:39:47 | WARNING  | [DOWNLOAD FAIL] track_id=834：Deezer 无结果
2026-04-03 13:39:47 | WARNING  | [DOWNLOAD FAIL] track_id=836：Deezer 无结果
2026-04-03 13:39:47 | WARNING  | [DOWNLOAD FAIL] track_id=837：Deezer 无结果
2026-04-03 13:39:47 | WARNING  | [DOWNLOAD FAIL] track_id=838：Deezer 无结果
2026-04-03 13:39:47 | WARNING  | [DOWNLOAD FAIL] track_id=839：Deezer 无结果
2026-04-03 13:39:47 | WARNING  | [DOWNLOAD FAIL] track_id=840：Deezer 无结果
2026-04-03 13:39:47 | WARNING  | [DOWNLOAD FAIL] track_id=841：Deezer 无结果
2026-04-03 13:39:47 | WARNING  | [DOWNLOAD FAIL] track_id=843：Deezer 无结果
2026-04-03 13:39:47 | WARNING  | [DOWNLOAD FAIL] track_id=842：Deezer 无结果
2026-04-03 13:39:47 | WARNING  | [DOWNLOAD FAIL] track_id=844：Deezer 无结果
2026-04-03 13:39:47 | WARNING  | [DOWNLOAD FAIL] track_id=845：Deezer 无结果
2026-04-03 13:39:47 | WARNING  | [DOWNLOAD FAIL] track_id=847：Deezer 无结果
2026-04-03 13:39:47 | WARNING  | [DOWNLOAD FAIL] track_id=849：Deezer 无结果
2026-04-03 13:39:47 | WARNING  | [DOWNLOAD FAIL] track_id=848：Deezer 无结果
2026-04-03 13:39:47 | WARNING  | [DOWNLOAD FAIL] track_id=846：Deezer 无结果
2026-04-03 13:39:47 | WARNING  | [DOWNLOAD FAIL] track_id=854：Deezer 无结果
2026-04-03 13:39:47 | WARNING  | [DOWNLOAD FAIL] track_id=851：Deezer 无结果
2026-04-03 13:39:47 | WARNING  | [DOWNLOAD FAIL] track_id=853：Deezer 无结果
2026-04-03 13:39:47 | WARNING  | [DOWNLOAD FAIL] track_id=850：Deezer 无结果
2026-04-03 13:39:47 | WARNING  | [DOWNLOAD FAIL] track_id=852：Deezer 无结果
2026-04-03 13:39:47 | WARNING  | [DOWNLOAD FAIL] track_id=856：Deezer 无结果
2026-04-03 13:39:47 | WARNING  | [DOWNLOAD FAIL] track_id=855：Deezer 无结果
2026-04-03 13:39:47 | WARNING  | [DOWNLOAD FAIL] track_id=857：Deezer 无结果
2026-04-03 13:39:47 | WARNING  | [DOWNLOAD FAIL] track_id=858：Deezer 无结果
2026-04-03 13:39:47 | WARNING  | [DOWNLOAD FAIL] track_id=859：Deezer 无结果
2026-04-03 13:39:48 | WARNING  | [DOWNLOAD FAIL] track_id=860：Deezer 无结果
2026-04-03 13:39:48 | WARNING  | [DOWNLOAD FAIL] track_id=861：Deezer 无结果
2026-04-03 13:39:48 | WARNING  | [DOWNLOAD FAIL] track_id=863：Deezer 无结果
2026-04-03 13:39:48 | WARNING  | [DOWNLOAD FAIL] track_id=864：Deezer 无结果
2026-04-03 13:39:48 | WARNING  | [DOWNLOAD FAIL] track_id=862：Deezer 无结果
2026-04-03 13:39:48 | WARNING  | [DOWNLOAD FAIL] track_id=865：Deezer 无结果
2026-04-03 13:39:48 | WARNING  | [DOWNLOAD FAIL] track_id=868：Deezer 无结果
2026-04-03 13:39:48 | WARNING  | [DOWNLOAD FAIL] track_id=867：Deezer 无结果
2026-04-03 13:39:48 | WARNING  | [DOWNLOAD FAIL] track_id=866：Deezer 无结果
2026-04-03 13:39:48 | WARNING  | [DOWNLOAD FAIL] track_id=870：Deezer 无结果
2026-04-03 13:39:48 | WARNING  | [DOWNLOAD FAIL] track_id=869：Deezer 无结果
2026-04-03 13:39:48 | WARNING  | [DOWNLOAD FAIL] track_id=875：Deezer 无结果
2026-04-03 13:39:48 | WARNING  | [DOWNLOAD FAIL] track_id=873：Deezer 无结果
2026-04-03 13:39:48 | WARNING  | [DOWNLOAD FAIL] track_id=871：Deezer 无结果
2026-04-03 13:39:48 | WARNING  | [DOWNLOAD FAIL] track_id=872：Deezer 无结果
2026-04-03 13:39:48 | WARNING  | [DOWNLOAD FAIL] track_id=877：Deezer 无结果
2026-04-03 13:39:49 | WARNING  | [DOWNLOAD FAIL] track_id=879：Deezer 无结果
2026-04-03 13:39:49 | WARNING  | [DOWNLOAD FAIL] track_id=876：Deezer 无结果
2026-04-03 13:39:49 | WARNING  | [DOWNLOAD FAIL] track_id=878：Deezer 无结果
2026-04-03 13:39:49 | WARNING  | [DOWNLOAD FAIL] track_id=881：Deezer 无结果
2026-04-03 13:39:49 | WARNING  | [DOWNLOAD FAIL] track_id=880：Deezer 无结果
2026-04-03 13:39:49 | WARNING  | [DOWNLOAD FAIL] track_id=882：Deezer 无结果
2026-04-03 13:39:49 | WARNING  | [DOWNLOAD FAIL] track_id=883：Deezer 无结果
2026-04-03 13:39:49 | WARNING  | [DOWNLOAD FAIL] track_id=884：Deezer 无结果
2026-04-03 13:39:49 | WARNING  | [DOWNLOAD FAIL] track_id=886：Deezer 无结果
2026-04-03 13:39:49 | WARNING  | [DOWNLOAD FAIL] track_id=887：Deezer 无结果
2026-04-03 13:39:49 | WARNING  | [DOWNLOAD FAIL] track_id=885：Deezer 无结果
2026-04-03 13:39:49 | WARNING  | [DOWNLOAD FAIL] track_id=888：Deezer 无结果
2026-04-03 13:39:49 | WARNING  | [DOWNLOAD FAIL] track_id=889：Deezer 无结果
2026-04-03 13:39:49 | WARNING  | [DOWNLOAD FAIL] track_id=891：Deezer 无结果
2026-04-03 13:39:49 | WARNING  | [DOWNLOAD FAIL] track_id=890：Deezer 无结果
2026-04-03 13:39:49 | WARNING  | [DOWNLOAD FAIL] track_id=892：Deezer 无结果
2026-04-03 13:39:49 | WARNING  | [DOWNLOAD FAIL] track_id=893：Deezer 无结果
2026-04-03 13:39:50 | WARNING  | [DOWNLOAD FAIL] track_id=897：Deezer 无结果
2026-04-03 13:39:50 | WARNING  | [DOWNLOAD FAIL] track_id=895：Deezer 无结果
2026-04-03 13:39:50 | WARNING  | [DOWNLOAD FAIL] track_id=894：Deezer 无结果
2026-04-03 13:39:50 | WARNING  | [DOWNLOAD FAIL] track_id=898：Deezer 无结果
2026-04-03 13:39:50 | WARNING  | [DOWNLOAD FAIL] track_id=900：Deezer 无结果
2026-04-03 13:39:50 | WARNING  | [DOWNLOAD FAIL] track_id=901：Deezer 无结果
2026-04-03 13:39:50 | WARNING  | [DOWNLOAD FAIL] track_id=902：Deezer 无结果
2026-04-03 13:39:50 | WARNING  | [DOWNLOAD FAIL] track_id=899：Deezer 无结果
2026-04-03 13:39:50 | WARNING  | [DOWNLOAD FAIL] track_id=905：Deezer 无结果
2026-04-03 13:39:50 | WARNING  | [DOWNLOAD FAIL] track_id=906：Deezer 无结果
2026-04-03 13:39:50 | WARNING  | [DOWNLOAD FAIL] track_id=904：Deezer 无结果
2026-04-03 13:39:50 | WARNING  | [DOWNLOAD FAIL] track_id=903：Deezer 无结果
2026-04-03 13:39:50 | WARNING  | [DOWNLOAD FAIL] track_id=907：Deezer 无结果
2026-04-03 13:39:50 | WARNING  | [DOWNLOAD FAIL] track_id=908：Deezer 无结果
2026-04-03 13:39:50 | WARNING  | [DOWNLOAD FAIL] track_id=910：Deezer 无结果
2026-04-03 13:39:51 | WARNING  | [DOWNLOAD FAIL] track_id=911：Deezer 无结果
2026-04-03 13:39:51 | WARNING  | [DOWNLOAD FAIL] track_id=909：Deezer 无结果
2026-04-03 13:39:51 | WARNING  | [DOWNLOAD FAIL] track_id=912：Deezer 无结果
2026-04-03 13:39:51 | WARNING  | [DOWNLOAD FAIL] track_id=913：Deezer 无结果
2026-04-03 13:39:51 | WARNING  | [DOWNLOAD FAIL] track_id=915：Deezer 无结果
2026-04-03 13:39:51 | WARNING  | [DOWNLOAD FAIL] track_id=916：Deezer 无结果
2026-04-03 13:39:51 | WARNING  | [DOWNLOAD FAIL] track_id=914：Deezer 无结果
2026-04-03 13:39:51 | WARNING  | [DOWNLOAD FAIL] track_id=917：Deezer 无结果
2026-04-03 13:39:51 | WARNING  | [DOWNLOAD FAIL] track_id=918：Deezer 无结果
2026-04-03 13:39:51 | WARNING  | [DOWNLOAD FAIL] track_id=920：Deezer 无结果
2026-04-03 13:39:51 | WARNING  | [DOWNLOAD FAIL] track_id=919：Deezer 无结果
2026-04-03 13:39:51 | WARNING  | [DOWNLOAD FAIL] track_id=921：Deezer 无结果
2026-04-03 13:39:51 | WARNING  | [DOWNLOAD FAIL] track_id=922：Deezer 无结果
2026-04-03 13:39:51 | WARNING  | [DOWNLOAD FAIL] track_id=923：Deezer 无结果
2026-04-03 13:39:51 | WARNING  | [DOWNLOAD FAIL] track_id=924：Deezer 无结果
2026-04-03 13:39:51 | WARNING  | [DOWNLOAD FAIL] track_id=927：Deezer 无结果
2026-04-03 13:39:51 | WARNING  | [DOWNLOAD FAIL] track_id=926：Deezer 无结果
2026-04-03 13:39:51 | WARNING  | [DOWNLOAD FAIL] track_id=925：Deezer 无结果
2026-04-03 13:39:51 | WARNING  | [DOWNLOAD FAIL] track_id=928：Deezer 无结果
2026-04-03 13:39:51 | WARNING  | [DOWNLOAD FAIL] track_id=932：Deezer 无结果
2026-04-03 13:39:51 | WARNING  | [DOWNLOAD FAIL] track_id=929：Deezer 无结果
2026-04-03 13:39:51 | WARNING  | [DOWNLOAD FAIL] track_id=930：Deezer 无结果
2026-04-03 13:39:51 | WARNING  | [DOWNLOAD FAIL] track_id=931：Deezer 无结果
2026-04-03 13:39:51 | WARNING  | [DOWNLOAD FAIL] track_id=933：Deezer 无结果
2026-04-03 13:39:52 | WARNING  | [DOWNLOAD FAIL] track_id=936：Deezer 无结果
2026-04-03 13:39:52 | WARNING  | [DOWNLOAD FAIL] track_id=934：Deezer 无结果
2026-04-03 13:39:52 | WARNING  | [DOWNLOAD FAIL] track_id=935：Deezer 无结果
2026-04-03 13:39:52 | WARNING  | [DOWNLOAD FAIL] track_id=937：Deezer 无结果
2026-04-03 13:39:52 | WARNING  | [DOWNLOAD FAIL] track_id=938：Deezer 无结果
2026-04-03 13:39:52 | WARNING  | [DOWNLOAD FAIL] track_id=940：Deezer 无结果
2026-04-03 13:39:52 | WARNING  | [DOWNLOAD FAIL] track_id=943：Deezer 无结果
2026-04-03 13:39:52 | WARNING  | [DOWNLOAD FAIL] track_id=939：Deezer 无结果
2026-04-03 13:39:52 | WARNING  | [DOWNLOAD FAIL] track_id=942：Deezer 无结果
2026-04-03 13:39:52 | WARNING  | [DOWNLOAD FAIL] track_id=941：Deezer 无结果
2026-04-03 13:39:52 | WARNING  | [DOWNLOAD FAIL] track_id=944：Deezer 无结果
2026-04-03 13:39:52 | WARNING  | [DOWNLOAD FAIL] track_id=946：Deezer 无结果
2026-04-03 13:39:52 | WARNING  | [DOWNLOAD FAIL] track_id=945：Deezer 无结果
2026-04-03 13:39:52 | WARNING  | [DOWNLOAD FAIL] track_id=947：Deezer 无结果
2026-04-03 13:39:52 | WARNING  | [DOWNLOAD FAIL] track_id=948：Deezer 无结果
2026-04-03 13:39:52 | WARNING  | [DOWNLOAD FAIL] track_id=952：Deezer 无结果
2026-04-03 13:39:52 | WARNING  | [DOWNLOAD FAIL] track_id=950：Deezer 无结果
2026-04-03 13:39:52 | WARNING  | [DOWNLOAD FAIL] track_id=949：Deezer 无结果
2026-04-03 13:39:52 | WARNING  | [DOWNLOAD FAIL] track_id=951：Deezer 无结果
2026-04-03 13:39:52 | WARNING  | [DOWNLOAD FAIL] track_id=953：Deezer 无结果
2026-04-03 13:39:53 | WARNING  | [DOWNLOAD FAIL] track_id=955：Deezer 无结果
2026-04-03 13:39:53 | WARNING  | [DOWNLOAD FAIL] track_id=958：Deezer 无结果
2026-04-03 13:39:53 | WARNING  | [DOWNLOAD FAIL] track_id=956：Deezer 无结果
2026-04-03 13:39:53 | WARNING  | [DOWNLOAD FAIL] track_id=957：Deezer 无结果
2026-04-03 13:39:53 | WARNING  | [DOWNLOAD FAIL] track_id=954：Deezer 无结果
2026-04-03 13:39:53 | WARNING  | [DOWNLOAD FAIL] track_id=960：Deezer 无结果
2026-04-03 13:39:53 | WARNING  | [DOWNLOAD FAIL] track_id=959：Deezer 无结果
2026-04-03 13:39:53 | WARNING  | [DOWNLOAD FAIL] track_id=963：Deezer 无结果
2026-04-03 13:39:53 | WARNING  | [DOWNLOAD FAIL] track_id=961：Deezer 无结果
2026-04-03 13:39:53 | WARNING  | [DOWNLOAD FAIL] track_id=964：Deezer 无结果
2026-04-03 13:39:53 | WARNING  | [DOWNLOAD FAIL] track_id=965：Deezer 无结果
2026-04-03 13:39:53 | WARNING  | [DOWNLOAD FAIL] track_id=966：Deezer 无结果
2026-04-03 13:39:53 | WARNING  | [DOWNLOAD FAIL] track_id=962：Deezer 无结果
2026-04-03 13:39:53 | WARNING  | [DOWNLOAD FAIL] track_id=967：Deezer 无结果
2026-04-03 13:39:53 | WARNING  | [DOWNLOAD FAIL] track_id=968：Deezer 无结果
2026-04-03 13:39:53 | WARNING  | [DOWNLOAD FAIL] track_id=969：Deezer 无结果
2026-04-03 13:39:53 | WARNING  | [DOWNLOAD FAIL] track_id=971：Deezer 无结果
2026-04-03 13:39:53 | WARNING  | [DOWNLOAD FAIL] track_id=972：Deezer 无结果
2026-04-03 13:39:54 | WARNING  | [DOWNLOAD FAIL] track_id=973：Deezer 无结果
2026-04-03 13:39:54 | WARNING  | [DOWNLOAD FAIL] track_id=975：Deezer 无结果
2026-04-03 13:39:54 | WARNING  | [DOWNLOAD FAIL] track_id=970：Deezer 无结果
2026-04-03 13:39:54 | WARNING  | [DOWNLOAD FAIL] track_id=974：Deezer 无结果
2026-04-03 13:39:54 | WARNING  | [DOWNLOAD FAIL] track_id=976：Deezer 无结果
2026-04-03 13:39:54 | WARNING  | [DOWNLOAD FAIL] track_id=980：Deezer 无结果
2026-04-03 13:39:54 | WARNING  | [DOWNLOAD FAIL] track_id=978：Deezer 无结果
2026-04-03 13:39:54 | WARNING  | [DOWNLOAD FAIL] track_id=979：Deezer 无结果
2026-04-03 13:39:54 | WARNING  | [DOWNLOAD FAIL] track_id=981：Deezer 无结果
2026-04-03 13:39:54 | WARNING  | [DOWNLOAD FAIL] track_id=982：Deezer 无结果
2026-04-03 13:39:54 | WARNING  | [DOWNLOAD FAIL] track_id=983：Deezer 无结果
2026-04-03 13:39:54 | WARNING  | [DOWNLOAD FAIL] track_id=984：Deezer 无结果
2026-04-03 13:39:54 | WARNING  | [DOWNLOAD FAIL] track_id=985：Deezer 无结果
2026-04-03 13:39:54 | WARNING  | [DOWNLOAD FAIL] track_id=988：Deezer 无结果
2026-04-03 13:39:54 | WARNING  | [DOWNLOAD FAIL] track_id=989：Deezer 无结果
2026-04-03 13:39:55 | WARNING  | [DOWNLOAD FAIL] track_id=987：Deezer 无结果
2026-04-03 13:39:55 | WARNING  | [DOWNLOAD FAIL] track_id=986：Deezer 无结果
2026-04-03 13:39:55 | WARNING  | [DOWNLOAD FAIL] track_id=991：Deezer 无结果
2026-04-03 13:39:55 | WARNING  | [DOWNLOAD FAIL] track_id=990：Deezer 无结果
2026-04-03 13:39:55 | WARNING  | [DOWNLOAD FAIL] track_id=993：Deezer 无结果
2026-04-03 13:39:55 | WARNING  | [DOWNLOAD FAIL] track_id=992：Deezer 无结果
2026-04-03 13:39:55 | WARNING  | [DOWNLOAD FAIL] track_id=996：Deezer 无结果
2026-04-03 13:39:55 | WARNING  | [DOWNLOAD FAIL] track_id=994：Deezer 无结果
2026-04-03 13:39:55 | WARNING  | [DOWNLOAD FAIL] track_id=998：Deezer 无结果
2026-04-03 13:39:55 | WARNING  | [DOWNLOAD FAIL] track_id=995：Deezer 无结果
2026-04-03 13:39:55 | WARNING  | [DOWNLOAD FAIL] track_id=997：Deezer 无结果
2026-04-03 13:39:55 | WARNING  | [DOWNLOAD FAIL] track_id=999：Deezer 无结果
2026-04-03 13:39:55 | WARNING  | [DOWNLOAD FAIL] track_id=1000：Deezer 无结果
2026-04-03 13:39:55 | WARNING  | [DOWNLOAD FAIL] track_id=1001：Deezer 无结果
2026-04-03 13:39:55 | WARNING  | [DOWNLOAD FAIL] track_id=1002：Deezer 无结果
2026-04-03 13:39:56 | WARNING  | [DOWNLOAD FAIL] track_id=1003：Deezer 无结果
2026-04-03 13:39:56 | WARNING  | [DOWNLOAD FAIL] track_id=1005：Deezer 无结果
2026-04-03 13:39:56 | WARNING  | [DOWNLOAD FAIL] track_id=1004：Deezer 无结果
2026-04-03 13:39:56 | WARNING  | [DOWNLOAD FAIL] track_id=1008：Deezer 无结果
2026-04-03 13:39:56 | WARNING  | [DOWNLOAD FAIL] track_id=1009：Deezer 无结果
2026-04-03 13:39:57 | INFO     | [DOWNLOAD] 成功 44/500，失败 456 条：[513, 511, 514, 512, 510, 517, 516, 515, 518, 521]...
2026-04-03 13:40:08 | INFO     | [EMBED] 成功 44/44，失败 0 条
2026-04-03 13:40:08 | INFO     | [EMBED SAVE] 追加 44 条，矩阵总行数 113，文件大小 0.00 GB
2026-04-03 13:40:09 | INFO     | === 批次 0001 完成，耗时 46.6s，预计剩余时间 117.0h ===
2026-04-03 16:43:19 | INFO     | === 批次 0001 开始，共 50,000 首 ===
2026-04-03 16:43:19 | WARNING  | [DOWNLOAD FAIL] track_id=55513：Deezer 无结果
2026-04-03 16:43:20 | WARNING  | [DOWNLOAD FAIL] track_id=55514：Deezer 无结果
2026-04-03 16:43:21 | WARNING  | [DOWNLOAD FAIL] track_id=55519：Deezer 无结果
2026-04-03 16:43:21 | WARNING  | [DOWNLOAD FAIL] track_id=55522：Deezer 无结果
2026-04-03 16:43:22 | WARNING  | [DOWNLOAD FAIL] track_id=55523：Deezer 无结果
2026-04-03 16:43:24 | WARNING  | [DOWNLOAD FAIL] track_id=55534：Deezer 无结果
2026-04-03 16:43:24 | WARNING  | [DOWNLOAD FAIL] track_id=55535：Deezer 无结果
2026-04-03 16:43:32 | WARNING  | [DOWNLOAD FAIL] track_id=55571：Deezer 无结果
2026-04-03 16:43:34 | WARNING  | [DOWNLOAD FAIL] track_id=55584：Deezer 无结果
2026-04-03 16:43:36 | WARNING  | [DOWNLOAD FAIL] track_id=55591：Deezer 无结果
2026-04-03 16:43:37 | WARNING  | [DOWNLOAD FAIL] track_id=55596：Deezer 无结果
2026-04-03 16:43:37 | WARNING  | [DOWNLOAD FAIL] track_id=55598：Deezer 无结果
2026-04-03 16:43:38 | WARNING  | [DOWNLOAD FAIL] track_id=55602：Deezer 无结果
2026-04-03 16:43:39 | WARNING  | [DOWNLOAD FAIL] track_id=55610：Deezer 无结果
2026-04-03 16:43:40 | WARNING  | [DOWNLOAD FAIL] track_id=55613：Deezer 无结果
2026-04-03 16:43:43 | WARNING  | [DOWNLOAD FAIL] track_id=55628：Deezer 无结果
2026-04-03 16:43:44 | WARNING  | [DOWNLOAD FAIL] track_id=55632：Deezer 无结果
2026-04-03 16:43:44 | WARNING  | [DOWNLOAD FAIL] track_id=55633：Deezer 无结果
2026-04-03 16:43:46 | WARNING  | [DOWNLOAD FAIL] track_id=55640：Deezer 无结果
2026-04-03 16:43:46 | WARNING  | [DOWNLOAD FAIL] track_id=55642：Deezer 无结果
2026-04-03 16:43:47 | WARNING  | [DOWNLOAD FAIL] track_id=55647：Deezer 无结果
2026-04-03 16:43:48 | WARNING  | [DOWNLOAD FAIL] track_id=55653：Deezer 无结果
2026-04-03 16:43:48 | WARNING  | [DOWNLOAD FAIL] track_id=55654：Deezer 无结果
2026-04-03 16:43:48 | WARNING  | [DOWNLOAD FAIL] track_id=55655：Deezer 无结果
2026-04-03 16:43:49 | WARNING  | [DOWNLOAD FAIL] track_id=55659：Deezer 无结果
2026-04-03 16:43:49 | WARNING  | [DOWNLOAD FAIL] track_id=55661：Deezer 无结果
2026-04-03 16:43:50 | WARNING  | [DOWNLOAD FAIL] track_id=55666：Deezer 无结果
2026-04-03 16:43:50 | WARNING  | [DOWNLOAD FAIL] track_id=55667：Deezer 无结果
2026-04-03 16:43:50 | WARNING  | [DOWNLOAD FAIL] track_id=55671：Deezer 无结果
2026-04-03 16:43:50 | WARNING  | [DOWNLOAD FAIL] track_id=55672：Deezer 无结果
2026-04-03 16:43:50 | WARNING  | [DOWNLOAD FAIL] track_id=55668：Deezer 无结果
2026-04-03 16:43:50 | WARNING  | [DOWNLOAD FAIL] track_id=55669：Deezer 无结果
2026-04-03 16:43:51 | WARNING  | [DOWNLOAD FAIL] track_id=55673：Deezer 无结果
2026-04-03 16:43:51 | WARNING  | [DOWNLOAD FAIL] track_id=55675：Deezer 无结果
2026-04-03 16:43:51 | WARNING  | [DOWNLOAD FAIL] track_id=55678：Deezer 无结果
2026-04-03 16:43:51 | WARNING  | [DOWNLOAD FAIL] track_id=55679：Deezer 无结果
2026-04-03 16:43:51 | WARNING  | [DOWNLOAD FAIL] track_id=55681：Deezer 无结果
2026-04-03 16:43:51 | WARNING  | [DOWNLOAD FAIL] track_id=55680：Deezer 无结果
2026-04-03 16:43:51 | WARNING  | [DOWNLOAD FAIL] track_id=55682：Deezer 无结果
2026-04-03 16:43:53 | WARNING  | [DOWNLOAD FAIL] track_id=55690：Deezer 无结果
2026-04-03 16:43:53 | WARNING  | [DOWNLOAD FAIL] track_id=55691：Deezer 无结果
2026-04-03 16:43:53 | WARNING  | [DOWNLOAD FAIL] track_id=55692：Deezer 无结果
2026-04-03 16:43:53 | WARNING  | [DOWNLOAD FAIL] track_id=55694：Deezer 无结果
2026-04-03 16:43:54 | WARNING  | [DOWNLOAD FAIL] track_id=55696：Deezer 无结果
2026-04-03 16:43:54 | WARNING  | [DOWNLOAD FAIL] track_id=55698：Deezer 无结果
2026-04-03 16:43:55 | WARNING  | [DOWNLOAD FAIL] track_id=55705：Deezer 无结果
2026-04-03 16:43:55 | WARNING  | [DOWNLOAD FAIL] track_id=55706：Deezer 无结果
2026-04-03 16:43:55 | WARNING  | [DOWNLOAD FAIL] track_id=55704：Deezer 无结果
2026-04-03 16:43:56 | WARNING  | [DOWNLOAD FAIL] track_id=55709：Deezer 无结果
2026-04-03 16:43:56 | WARNING  | [DOWNLOAD FAIL] track_id=55707：Deezer 无结果
2026-04-03 16:43:56 | WARNING  | [DOWNLOAD FAIL] track_id=55708：Deezer 无结果
2026-04-03 16:43:56 | WARNING  | [DOWNLOAD FAIL] track_id=55710：Deezer 无结果
2026-04-03 16:43:56 | WARNING  | [DOWNLOAD FAIL] track_id=55713：Deezer 无结果
2026-04-03 16:43:56 | WARNING  | [DOWNLOAD FAIL] track_id=55714：Deezer 无结果
2026-04-03 16:43:56 | WARNING  | [DOWNLOAD FAIL] track_id=55711：Deezer 无结果
2026-04-03 16:43:56 | WARNING  | [DOWNLOAD FAIL] track_id=55712：Deezer 无结果
2026-04-03 16:43:56 | WARNING  | [DOWNLOAD FAIL] track_id=55718：Deezer 无结果
2026-04-03 16:43:57 | WARNING  | [DOWNLOAD FAIL] track_id=55721：Deezer 无结果
2026-04-03 16:43:57 | WARNING  | [DOWNLOAD FAIL] track_id=55722：Deezer 无结果
2026-04-03 16:43:57 | WARNING  | [DOWNLOAD FAIL] track_id=55723：Deezer 无结果
2026-04-03 16:43:57 | WARNING  | [DOWNLOAD FAIL] track_id=55725：Deezer 无结果
2026-04-03 16:43:59 | WARNING  | [DOWNLOAD FAIL] track_id=55733：Deezer 无结果
2026-04-03 16:44:01 | WARNING  | [DOWNLOAD FAIL] track_id=55740：Deezer 无结果
2026-04-03 16:44:01 | WARNING  | [DOWNLOAD FAIL] track_id=55741：Deezer 无结果
2026-04-03 16:44:01 | WARNING  | [DOWNLOAD FAIL] track_id=55742：Deezer 无结果
2026-04-03 16:44:02 | WARNING  | [DOWNLOAD FAIL] track_id=55745：Deezer 无结果
2026-04-03 16:44:02 | WARNING  | [DOWNLOAD FAIL] track_id=55748：Deezer 无结果
2026-04-03 16:44:02 | WARNING  | [DOWNLOAD FAIL] track_id=55749：Deezer 无结果
2026-04-03 16:44:02 | WARNING  | [DOWNLOAD FAIL] track_id=55750：Deezer 无结果
2026-04-03 16:44:03 | WARNING  | [DOWNLOAD FAIL] track_id=55752：Deezer 无结果
2026-04-03 16:44:03 | WARNING  | [DOWNLOAD FAIL] track_id=55755：Deezer 无结果
2026-04-03 16:44:05 | WARNING  | [DOWNLOAD FAIL] track_id=55763：Deezer 无结果
2026-04-03 16:44:05 | WARNING  | [DOWNLOAD FAIL] track_id=55764：Deezer 无结果
2026-04-03 16:44:05 | WARNING  | [DOWNLOAD FAIL] track_id=55766：Deezer 无结果
2026-04-03 16:44:05 | WARNING  | [DOWNLOAD FAIL] track_id=55767：Deezer 无结果
2026-04-03 16:44:05 | WARNING  | [DOWNLOAD FAIL] track_id=55770：Deezer 无结果
2026-04-03 16:44:06 | WARNING  | [DOWNLOAD FAIL] track_id=55771：Deezer 无结果
2026-04-03 16:44:06 | WARNING  | [DOWNLOAD FAIL] track_id=55772：Deezer 无结果
2026-04-03 16:44:06 | WARNING  | [DOWNLOAD FAIL] track_id=55773：Deezer 无结果
2026-04-03 16:44:06 | WARNING  | [DOWNLOAD FAIL] track_id=55774：Deezer 无结果
2026-04-03 16:44:06 | WARNING  | [DOWNLOAD FAIL] track_id=55776：Deezer 无结果
2026-04-03 16:44:06 | WARNING  | [DOWNLOAD FAIL] track_id=55778：Deezer 无结果
2026-04-03 16:44:08 | WARNING  | [DOWNLOAD FAIL] track_id=55785：Deezer 无结果
2026-04-03 16:44:10 | WARNING  | [DOWNLOAD FAIL] track_id=55794：Deezer 无结果
2026-04-03 16:44:13 | WARNING  | [DOWNLOAD FAIL] track_id=55805：Deezer 无结果
2026-04-03 16:44:13 | WARNING  | [DOWNLOAD FAIL] track_id=55809：Deezer 无结果
2026-04-03 16:44:13 | WARNING  | [DOWNLOAD FAIL] track_id=55810：Deezer 无结果
2026-04-03 16:44:14 | WARNING  | [DOWNLOAD FAIL] track_id=55811：Deezer 无结果
2026-04-03 16:44:14 | WARNING  | [DOWNLOAD FAIL] track_id=55812：Deezer 无结果
2026-04-03 16:44:14 | WARNING  | [DOWNLOAD FAIL] track_id=55813：Deezer 无结果
2026-04-03 16:44:14 | WARNING  | [DOWNLOAD FAIL] track_id=55814：Deezer 无结果
2026-04-03 16:44:14 | WARNING  | [DOWNLOAD FAIL] track_id=55815：Deezer 无结果
2026-04-03 16:44:14 | WARNING  | [DOWNLOAD FAIL] track_id=55817：Deezer 无结果
2026-04-03 16:44:14 | WARNING  | [DOWNLOAD FAIL] track_id=55818：Deezer 无结果
2026-04-03 16:44:14 | WARNING  | [DOWNLOAD FAIL] track_id=55820：Deezer 无结果
2026-04-03 16:44:14 | WARNING  | [DOWNLOAD FAIL] track_id=55821：Deezer 无结果
2026-04-03 16:44:14 | WARNING  | [DOWNLOAD FAIL] track_id=55822：Deezer 无结果
2026-04-03 16:44:15 | WARNING  | [DOWNLOAD FAIL] track_id=55823：Deezer 无结果
2026-04-03 16:44:15 | WARNING  | [DOWNLOAD FAIL] track_id=55824：Deezer 无结果
2026-04-03 16:44:15 | WARNING  | [DOWNLOAD FAIL] track_id=55825：Deezer 无结果
2026-04-03 16:44:15 | WARNING  | [DOWNLOAD FAIL] track_id=55826：Deezer 无结果
2026-04-03 16:44:15 | WARNING  | [DOWNLOAD FAIL] track_id=55828：Deezer 无结果
2026-04-03 16:44:15 | WARNING  | [DOWNLOAD FAIL] track_id=55830：Deezer 无结果
2026-04-03 16:44:15 | WARNING  | [DOWNLOAD FAIL] track_id=55829：Deezer 无结果
2026-04-03 16:44:15 | WARNING  | [DOWNLOAD FAIL] track_id=55832：Deezer 无结果
2026-04-03 16:44:16 | WARNING  | [DOWNLOAD FAIL] track_id=55838：Deezer 无结果
2026-04-03 16:44:16 | WARNING  | [DOWNLOAD FAIL] track_id=55839：Deezer 无结果
2026-04-03 16:44:16 | WARNING  | [DOWNLOAD FAIL] track_id=55840：Deezer 无结果
2026-04-03 16:44:17 | WARNING  | [DOWNLOAD FAIL] track_id=55841：Deezer 无结果
2026-04-03 16:44:17 | WARNING  | [DOWNLOAD FAIL] track_id=55842：Deezer 无结果
2026-04-03 16:44:17 | WARNING  | [DOWNLOAD FAIL] track_id=55844：Deezer 无结果
2026-04-03 16:44:17 | WARNING  | [DOWNLOAD FAIL] track_id=55845：Deezer 无结果
2026-04-03 16:44:17 | WARNING  | [DOWNLOAD FAIL] track_id=55846：Deezer 无结果
2026-04-03 16:44:17 | WARNING  | [DOWNLOAD FAIL] track_id=55847：Deezer 无结果
2026-04-03 16:44:17 | WARNING  | [DOWNLOAD FAIL] track_id=55850：Deezer 无结果
2026-04-03 16:44:17 | WARNING  | [DOWNLOAD FAIL] track_id=55851：Deezer 无结果
2026-04-03 16:44:17 | WARNING  | [DOWNLOAD FAIL] track_id=55853：Deezer 无结果
2026-04-03 16:44:17 | WARNING  | [DOWNLOAD FAIL] track_id=55852：Deezer 无结果
2026-04-03 16:44:18 | WARNING  | [DOWNLOAD FAIL] track_id=55858：Deezer 无结果
2026-04-03 16:44:18 | WARNING  | [DOWNLOAD FAIL] track_id=55859：Deezer 无结果
2026-04-03 16:44:19 | WARNING  | [DOWNLOAD FAIL] track_id=55860：Deezer 无结果
2026-04-03 16:44:19 | WARNING  | [DOWNLOAD FAIL] track_id=55862：Deezer 无结果
2026-04-03 16:44:19 | WARNING  | [DOWNLOAD FAIL] track_id=55863：Deezer 无结果
2026-04-03 16:44:19 | WARNING  | [DOWNLOAD FAIL] track_id=55864：Deezer 无结果
2026-04-03 16:44:19 | WARNING  | [DOWNLOAD FAIL] track_id=55865：Deezer 无结果
2026-04-03 16:44:19 | WARNING  | [DOWNLOAD FAIL] track_id=55867：Deezer 无结果
2026-04-03 16:44:20 | WARNING  | [DOWNLOAD FAIL] track_id=55870：Deezer 无结果
2026-04-03 16:44:20 | WARNING  | [DOWNLOAD FAIL] track_id=55873：Deezer 无结果
2026-04-03 16:44:20 | WARNING  | [DOWNLOAD FAIL] track_id=55875：Deezer 无结果
2026-04-03 16:44:21 | WARNING  | [DOWNLOAD FAIL] track_id=55876：Deezer 无结果
2026-04-03 16:44:21 | WARNING  | [DOWNLOAD FAIL] track_id=55877：Deezer 无结果
2026-04-03 16:44:21 | WARNING  | [DOWNLOAD FAIL] track_id=55878：Deezer 无结果
2026-04-03 16:44:21 | WARNING  | [DOWNLOAD FAIL] track_id=55880：Deezer 无结果
2026-04-03 16:44:21 | WARNING  | [DOWNLOAD FAIL] track_id=55881：Deezer 无结果
2026-04-03 16:44:21 | WARNING  | [DOWNLOAD FAIL] track_id=55882：Deezer 无结果
2026-04-03 16:44:21 | WARNING  | [DOWNLOAD FAIL] track_id=55883：Deezer 无结果
2026-04-03 16:44:21 | WARNING  | [DOWNLOAD FAIL] track_id=55884：Deezer 无结果
2026-04-03 16:44:22 | WARNING  | [DOWNLOAD FAIL] track_id=55888：Deezer 无结果
2026-04-03 16:44:22 | WARNING  | [DOWNLOAD FAIL] track_id=55889：Deezer 无结果
2026-04-03 16:44:22 | WARNING  | [DOWNLOAD FAIL] track_id=55890：Deezer 无结果
2026-04-03 16:44:22 | WARNING  | [DOWNLOAD FAIL] track_id=55892：Deezer 无结果
2026-04-03 16:44:23 | WARNING  | [DOWNLOAD FAIL] track_id=55895：Deezer 无结果
2026-04-03 16:44:23 | WARNING  | [DOWNLOAD FAIL] track_id=55897：Deezer 无结果
2026-04-03 16:44:23 | WARNING  | [DOWNLOAD FAIL] track_id=55896：Deezer 无结果
2026-04-03 16:44:23 | WARNING  | [DOWNLOAD FAIL] track_id=55898：Deezer 无结果
2026-04-03 16:44:23 | WARNING  | [DOWNLOAD FAIL] track_id=55901：Deezer 无结果
2026-04-03 16:44:23 | WARNING  | [DOWNLOAD FAIL] track_id=55902：Deezer 无结果
2026-04-03 16:44:24 | WARNING  | [DOWNLOAD FAIL] track_id=55905：Deezer 无结果
2026-04-03 16:44:24 | WARNING  | [DOWNLOAD FAIL] track_id=55908：Deezer 无结果
2026-04-03 16:44:24 | WARNING  | [DOWNLOAD FAIL] track_id=55907：Deezer 无结果
2026-04-03 16:44:25 | WARNING  | [DOWNLOAD FAIL] track_id=55912：Deezer 无结果
2026-04-03 16:44:26 | WARNING  | [DOWNLOAD FAIL] track_id=55915：Deezer 无结果
2026-04-03 16:44:26 | WARNING  | [DOWNLOAD FAIL] track_id=55920：Deezer 无结果
2026-04-03 16:44:27 | WARNING  | [DOWNLOAD FAIL] track_id=55921：Deezer 无结果
2026-04-03 16:44:27 | WARNING  | [DOWNLOAD FAIL] track_id=55924：Deezer 无结果
2026-04-03 16:44:27 | WARNING  | [DOWNLOAD FAIL] track_id=55927：Deezer 无结果
2026-04-03 16:44:28 | WARNING  | [DOWNLOAD FAIL] track_id=55928：Deezer 无结果
2026-04-03 16:44:28 | WARNING  | [DOWNLOAD FAIL] track_id=55930：Deezer 无结果
2026-04-03 16:44:28 | WARNING  | [DOWNLOAD FAIL] track_id=55936：Deezer 无结果
2026-04-03 16:44:29 | WARNING  | [DOWNLOAD FAIL] track_id=55937：Deezer 无结果
2026-04-03 16:44:29 | WARNING  | [DOWNLOAD FAIL] track_id=55938：Deezer 无结果
2026-04-03 16:44:29 | WARNING  | [DOWNLOAD FAIL] track_id=55939：Deezer 无结果
2026-04-03 16:44:29 | WARNING  | [DOWNLOAD FAIL] track_id=55940：Deezer 无结果
2026-04-03 16:44:29 | WARNING  | [DOWNLOAD FAIL] track_id=55941：Deezer 无结果
2026-04-03 16:44:30 | WARNING  | [DOWNLOAD FAIL] track_id=55945：Deezer 无结果
2026-04-03 16:44:30 | WARNING  | [DOWNLOAD FAIL] track_id=55943：Deezer 无结果
2026-04-03 16:44:30 | WARNING  | [DOWNLOAD FAIL] track_id=55944：Deezer 无结果
2026-04-03 16:44:30 | WARNING  | [DOWNLOAD FAIL] track_id=55950：Deezer 无结果
2026-04-03 16:44:30 | WARNING  | [DOWNLOAD FAIL] track_id=55951：Deezer 无结果
2026-04-03 16:44:30 | WARNING  | [DOWNLOAD FAIL] track_id=55952：Deezer 无结果
2026-04-03 16:44:34 | WARNING  | [DOWNLOAD FAIL] track_id=55969：Deezer 无结果
2026-04-03 16:44:35 | WARNING  | [DOWNLOAD FAIL] track_id=55971：Deezer 无结果
2026-04-03 16:44:35 | WARNING  | [DOWNLOAD FAIL] track_id=55974：Deezer 无结果
2026-04-03 16:44:37 | WARNING  | [DOWNLOAD FAIL] track_id=55981：Deezer 无结果
2026-04-03 16:44:37 | WARNING  | [DOWNLOAD FAIL] track_id=55982：Deezer 无结果
2026-04-03 16:44:37 | WARNING  | [DOWNLOAD FAIL] track_id=55983：Deezer 无结果
2026-04-03 16:44:41 | WARNING  | [DOWNLOAD FAIL] track_id=56000：Deezer 无结果
2026-04-03 16:44:41 | WARNING  | [DOWNLOAD FAIL] track_id=56001：Deezer 无结果
2026-04-03 16:44:41 | WARNING  | [DOWNLOAD FAIL] track_id=56002：Deezer 无结果
2026-04-03 16:44:41 | WARNING  | [DOWNLOAD FAIL] track_id=56003：Deezer 无结果
2026-04-03 16:44:42 | WARNING  | [DOWNLOAD FAIL] track_id=56004：Deezer 无结果
2026-04-03 16:44:43 | WARNING  | [DOWNLOAD FAIL] track_id=56011：Deezer 无结果
2026-04-03 16:44:43 | WARNING  | [DOWNLOAD FAIL] track_id=56013：Deezer 无结果
2026-04-03 16:44:43 | WARNING  | [DOWNLOAD FAIL] track_id=56012：Deezer 无结果
2026-04-03 16:44:43 | WARNING  | [DOWNLOAD FAIL] track_id=56014：Deezer 无结果
2026-04-03 16:44:43 | WARNING  | [DOWNLOAD FAIL] track_id=56017：Deezer 无结果
2026-04-03 16:44:43 | WARNING  | [DOWNLOAD FAIL] track_id=56015：Deezer 无结果
2026-04-03 16:44:44 | WARNING  | [DOWNLOAD FAIL] track_id=56018：Deezer 无结果
2026-04-03 16:44:47 | WARNING  | [DOWNLOAD FAIL] track_id=56036：Deezer 无结果
2026-04-03 16:44:48 | WARNING  | [DOWNLOAD FAIL] track_id=56039：Deezer 无结果
2026-04-03 16:44:48 | WARNING  | [DOWNLOAD FAIL] track_id=56041：Deezer 无结果
2026-04-03 16:44:48 | WARNING  | [DOWNLOAD FAIL] track_id=56043：Deezer 无结果
2026-04-03 16:44:49 | WARNING  | [DOWNLOAD FAIL] track_id=56044：Deezer 无结果
2026-04-03 16:44:49 | WARNING  | [DOWNLOAD FAIL] track_id=56045：Deezer 无结果
2026-04-03 16:44:49 | WARNING  | [DOWNLOAD FAIL] track_id=56046：Deezer 无结果
2026-04-03 16:44:49 | WARNING  | [DOWNLOAD FAIL] track_id=56047：Deezer 无结果
2026-04-03 16:44:49 | WARNING  | [DOWNLOAD FAIL] track_id=56048：Deezer 无结果
2026-04-03 16:44:49 | WARNING  | [DOWNLOAD FAIL] track_id=56049：Deezer 无结果
2026-04-03 16:44:49 | WARNING  | [DOWNLOAD FAIL] track_id=56050：Deezer 无结果
2026-04-03 16:44:49 | WARNING  | [DOWNLOAD FAIL] track_id=56051：Deezer 无结果
2026-04-03 16:44:49 | WARNING  | [DOWNLOAD FAIL] track_id=56052：Deezer 无结果
2026-04-03 16:44:49 | WARNING  | [DOWNLOAD FAIL] track_id=56055：Deezer 无结果
2026-04-03 16:44:49 | WARNING  | [DOWNLOAD FAIL] track_id=56056：Deezer 无结果
2026-04-03 16:44:51 | WARNING  | [DOWNLOAD FAIL] track_id=56064：Deezer 无结果
2026-04-03 16:44:52 | WARNING  | [DOWNLOAD FAIL] track_id=56068：Deezer 无结果
2026-04-03 16:44:52 | WARNING  | [DOWNLOAD FAIL] track_id=56069：Deezer 无结果
2026-04-03 16:44:52 | WARNING  | [DOWNLOAD FAIL] track_id=56070：Deezer 无结果
2026-04-03 16:44:53 | WARNING  | [DOWNLOAD FAIL] track_id=56073：Deezer 无结果
2026-04-03 16:44:53 | WARNING  | [DOWNLOAD FAIL] track_id=56074：Deezer 无结果
2026-04-03 16:44:53 | WARNING  | [DOWNLOAD FAIL] track_id=56078：Deezer 无结果
2026-04-03 16:44:54 | WARNING  | [DOWNLOAD FAIL] track_id=56080：Deezer 无结果
2026-04-03 16:44:54 | WARNING  | [DOWNLOAD FAIL] track_id=56083：Deezer 无结果
2026-04-03 16:44:54 | WARNING  | [DOWNLOAD FAIL] track_id=56082：Deezer 无结果
2026-04-03 16:44:55 | WARNING  | [DOWNLOAD FAIL] track_id=56084：Deezer 无结果
2026-04-03 16:44:55 | WARNING  | [DOWNLOAD FAIL] track_id=56085：Deezer 无结果
2026-04-03 16:44:55 | WARNING  | [DOWNLOAD FAIL] track_id=56089：Deezer 无结果
2026-04-03 16:44:55 | WARNING  | [DOWNLOAD FAIL] track_id=56091：Deezer 无结果
2026-04-03 16:44:59 | WARNING  | [DOWNLOAD FAIL] track_id=56109：Deezer 无结果
2026-04-03 16:45:00 | WARNING  | [DOWNLOAD FAIL] track_id=56113：Deezer 无结果
2026-04-03 16:45:01 | WARNING  | [DOWNLOAD FAIL] track_id=56115：Deezer 无结果
2026-04-03 16:45:01 | WARNING  | [DOWNLOAD FAIL] track_id=56118：Deezer 无结果
2026-04-03 16:45:01 | WARNING  | [DOWNLOAD FAIL] track_id=56120：Deezer 无结果
2026-04-03 16:45:02 | WARNING  | [DOWNLOAD FAIL] track_id=56124：Deezer 无结果
2026-04-03 16:45:02 | WARNING  | [DOWNLOAD FAIL] track_id=56127：Deezer 无结果
2026-04-03 16:45:02 | WARNING  | [DOWNLOAD FAIL] track_id=56128：Deezer 无结果
2026-04-03 16:45:03 | WARNING  | [DOWNLOAD FAIL] track_id=56130：Deezer 无结果
2026-04-03 16:45:03 | WARNING  | [DOWNLOAD FAIL] track_id=56132：Deezer 无结果
2026-04-03 16:45:03 | WARNING  | [DOWNLOAD FAIL] track_id=56135：Deezer 无结果
2026-04-03 16:45:05 | WARNING  | [DOWNLOAD FAIL] track_id=56140：Deezer 无结果
2026-04-03 16:45:06 | WARNING  | [DOWNLOAD FAIL] track_id=56146：Deezer 无结果
2026-04-03 16:45:06 | WARNING  | [DOWNLOAD FAIL] track_id=56147：Deezer 无结果
2026-04-03 16:45:06 | WARNING  | [DOWNLOAD FAIL] track_id=56148：Deezer 无结果
2026-04-03 16:45:06 | WARNING  | [DOWNLOAD FAIL] track_id=56149：Deezer 无结果
2026-04-03 16:45:06 | WARNING  | [DOWNLOAD FAIL] track_id=56150：Deezer 无结果
2026-04-03 16:45:06 | WARNING  | [DOWNLOAD FAIL] track_id=56152：Deezer 无结果
2026-04-03 16:45:07 | WARNING  | [DOWNLOAD FAIL] track_id=56155：Deezer 无结果
2026-04-03 16:45:07 | WARNING  | [DOWNLOAD FAIL] track_id=56154：Deezer 无结果
2026-04-03 16:45:07 | WARNING  | [DOWNLOAD FAIL] track_id=56157：Deezer 无结果
2026-04-03 16:45:09 | WARNING  | [DOWNLOAD FAIL] track_id=56167：Deezer 无结果
2026-04-03 16:45:11 | WARNING  | [DOWNLOAD FAIL] track_id=56174：Deezer 无结果
2026-04-03 16:45:11 | WARNING  | [DOWNLOAD FAIL] track_id=56175：Deezer 无结果
2026-04-03 16:45:12 | WARNING  | [DOWNLOAD FAIL] track_id=56180：Deezer 无结果
2026-04-03 16:45:12 | WARNING  | [DOWNLOAD FAIL] track_id=56181：Deezer 无结果
2026-04-03 16:45:12 | WARNING  | [DOWNLOAD FAIL] track_id=56182：Deezer 无结果
2026-04-03 16:45:12 | WARNING  | [DOWNLOAD FAIL] track_id=56183：Deezer 无结果
2026-04-03 16:45:12 | WARNING  | [DOWNLOAD FAIL] track_id=56186：Deezer 无结果
2026-04-03 16:45:13 | WARNING  | [DOWNLOAD FAIL] track_id=56189：Deezer 无结果
2026-04-03 16:45:14 | WARNING  | [DOWNLOAD FAIL] track_id=56195：Deezer 无结果
2026-04-03 16:45:15 | WARNING  | [DOWNLOAD FAIL] track_id=56198：Deezer 无结果
2026-04-03 16:45:15 | WARNING  | [DOWNLOAD FAIL] track_id=56201：Deezer 无结果
2026-04-03 16:45:15 | WARNING  | [DOWNLOAD FAIL] track_id=56205：Deezer 无结果
2026-04-03 16:45:16 | WARNING  | [DOWNLOAD FAIL] track_id=56208：Deezer 无结果
2026-04-03 16:45:17 | WARNING  | [DOWNLOAD FAIL] track_id=56215：Deezer 无结果
2026-04-03 16:45:17 | WARNING  | [DOWNLOAD FAIL] track_id=56216：Deezer 无结果
2026-04-03 16:45:18 | WARNING  | [DOWNLOAD FAIL] track_id=56217：Deezer 无结果
2026-04-03 16:45:18 | WARNING  | [DOWNLOAD FAIL] track_id=56221：Deezer 无结果
2026-04-03 16:45:18 | WARNING  | [DOWNLOAD FAIL] track_id=56222：Deezer 无结果
2026-04-03 16:45:19 | WARNING  | [DOWNLOAD FAIL] track_id=56226：Deezer 无结果
2026-04-03 16:45:19 | WARNING  | [DOWNLOAD FAIL] track_id=56227：Deezer 无结果
2026-04-03 16:45:19 | WARNING  | [DOWNLOAD FAIL] track_id=56229：Deezer 无结果
2026-04-03 16:45:19 | WARNING  | [DOWNLOAD FAIL] track_id=56230：Deezer 无结果
2026-04-03 16:45:19 | WARNING  | [DOWNLOAD FAIL] track_id=56231：Deezer 无结果
2026-04-03 16:45:19 | WARNING  | [DOWNLOAD FAIL] track_id=56232：Deezer 无结果
2026-04-03 16:45:20 | WARNING  | [DOWNLOAD FAIL] track_id=56234：Deezer 无结果
2026-04-03 16:45:20 | WARNING  | [DOWNLOAD FAIL] track_id=56237：Deezer 无结果
2026-04-03 16:45:20 | WARNING  | [DOWNLOAD FAIL] track_id=56238：Deezer 无结果
2026-04-03 16:45:21 | WARNING  | [DOWNLOAD FAIL] track_id=56241：Deezer 无结果
2026-04-03 16:45:21 | WARNING  | [DOWNLOAD FAIL] track_id=56243：Deezer 无结果
2026-04-03 16:45:21 | WARNING  | [DOWNLOAD FAIL] track_id=56244：Deezer 无结果
2026-04-03 16:45:22 | WARNING  | [DOWNLOAD FAIL] track_id=56251：Deezer 无结果
2026-04-03 16:45:23 | WARNING  | [DOWNLOAD FAIL] track_id=56255：Deezer 无结果
2026-04-03 16:45:23 | WARNING  | [DOWNLOAD FAIL] track_id=56257：Deezer 无结果
2026-04-03 16:45:24 | WARNING  | [DOWNLOAD FAIL] track_id=56258：Deezer 无结果
2026-04-03 16:45:24 | WARNING  | [DOWNLOAD FAIL] track_id=56262：Deezer 无结果
2026-04-03 16:45:24 | WARNING  | [DOWNLOAD FAIL] track_id=56264：Deezer 无结果
2026-04-03 16:45:24 | WARNING  | [DOWNLOAD FAIL] track_id=56265：Deezer 无结果
2026-04-03 16:45:25 | WARNING  | [DOWNLOAD FAIL] track_id=56268：Deezer 无结果
2026-04-03 16:45:25 | WARNING  | [DOWNLOAD FAIL] track_id=56271：Deezer 无结果
2026-04-03 16:45:25 | WARNING  | [DOWNLOAD FAIL] track_id=56272：Deezer 无结果
2026-04-03 16:45:26 | WARNING  | [DOWNLOAD FAIL] track_id=56273：Deezer 无结果
2026-04-03 16:45:26 | WARNING  | [DOWNLOAD FAIL] track_id=56277：Deezer 无结果
2026-04-03 16:45:26 | WARNING  | [DOWNLOAD FAIL] track_id=56279：Deezer 无结果
2026-04-03 16:45:27 | WARNING  | [DOWNLOAD FAIL] track_id=56281：Deezer 无结果
2026-04-03 16:45:27 | WARNING  | [DOWNLOAD FAIL] track_id=56285：Deezer 无结果
2026-04-03 16:45:28 | WARNING  | [DOWNLOAD FAIL] track_id=56288：Deezer 无结果
2026-04-03 16:45:28 | WARNING  | [DOWNLOAD FAIL] track_id=56292：Deezer 无结果
2026-04-03 16:45:29 | WARNING  | [DOWNLOAD FAIL] track_id=56293：Deezer 无结果
2026-04-03 16:45:29 | WARNING  | [DOWNLOAD FAIL] track_id=56294：Deezer 无结果
2026-04-03 16:45:32 | WARNING  | [DOWNLOAD FAIL] track_id=56306：Deezer 无结果
2026-04-03 16:45:33 | WARNING  | [DOWNLOAD FAIL] track_id=56315：Deezer 无结果
2026-04-03 16:45:34 | WARNING  | [DOWNLOAD FAIL] track_id=56316：Deezer 无结果
2026-04-03 16:45:34 | WARNING  | [DOWNLOAD FAIL] track_id=56317：Deezer 无结果
2026-04-03 16:45:34 | WARNING  | [DOWNLOAD FAIL] track_id=56318：Deezer 无结果
2026-04-03 16:45:34 | WARNING  | [DOWNLOAD FAIL] track_id=56319：Deezer 无结果
2026-04-03 16:45:34 | WARNING  | [DOWNLOAD FAIL] track_id=56320：Deezer 无结果
2026-04-03 16:45:34 | WARNING  | [DOWNLOAD FAIL] track_id=56323：Deezer 无结果
2026-04-03 16:45:34 | WARNING  | [DOWNLOAD FAIL] track_id=56322：Deezer 无结果
2026-04-03 16:45:34 | WARNING  | [DOWNLOAD FAIL] track_id=56324：Deezer 无结果
2026-04-03 16:45:34 | WARNING  | [DOWNLOAD FAIL] track_id=56328：Deezer 无结果
2026-04-03 16:45:35 | WARNING  | [DOWNLOAD FAIL] track_id=56329：Deezer 无结果
2026-04-03 16:45:35 | WARNING  | [DOWNLOAD FAIL] track_id=56331：Deezer 无结果
2026-04-03 16:45:37 | WARNING  | [DOWNLOAD FAIL] track_id=56337：Deezer 无结果
2026-04-03 16:45:37 | WARNING  | [DOWNLOAD FAIL] track_id=56338：Deezer 无结果
2026-04-03 16:45:37 | WARNING  | [DOWNLOAD FAIL] track_id=56342：Deezer 无结果
2026-04-03 16:45:37 | WARNING  | [DOWNLOAD FAIL] track_id=56341：Deezer 无结果
2026-04-03 16:45:37 | WARNING  | [DOWNLOAD FAIL] track_id=56344：Deezer 无结果
2026-04-03 16:45:37 | WARNING  | [DOWNLOAD FAIL] track_id=56346：Deezer 无结果
2026-04-03 16:45:37 | WARNING  | [DOWNLOAD FAIL] track_id=56347：Deezer 无结果
2026-04-03 16:45:38 | WARNING  | [DOWNLOAD FAIL] track_id=56349：Deezer 无结果
2026-04-03 16:45:38 | WARNING  | [DOWNLOAD FAIL] track_id=56350：Deezer 无结果
2026-04-03 16:45:38 | WARNING  | [DOWNLOAD FAIL] track_id=56351：Deezer 无结果
2026-04-03 16:45:38 | WARNING  | [DOWNLOAD FAIL] track_id=56353：Deezer 无结果
2026-04-03 16:45:43 | WARNING  | [DOWNLOAD FAIL] track_id=56375：Deezer 无结果
2026-04-03 16:45:43 | WARNING  | [DOWNLOAD FAIL] track_id=56376：Deezer 无结果
2026-04-03 16:45:43 | WARNING  | [DOWNLOAD FAIL] track_id=56378：Deezer 无结果
2026-04-03 16:45:43 | WARNING  | [DOWNLOAD FAIL] track_id=56377：Deezer 无结果
2026-04-03 16:45:43 | WARNING  | [DOWNLOAD FAIL] track_id=56379：Deezer 无结果
2026-04-03 16:45:43 | WARNING  | [DOWNLOAD FAIL] track_id=56380：Deezer 无结果
2026-04-03 16:45:43 | WARNING  | [DOWNLOAD FAIL] track_id=56381：Deezer 无结果
2026-04-03 16:45:43 | WARNING  | [DOWNLOAD FAIL] track_id=56383：Deezer 无结果
2026-04-03 16:45:43 | WARNING  | [DOWNLOAD FAIL] track_id=56382：Deezer 无结果
2026-04-03 16:45:44 | WARNING  | [DOWNLOAD FAIL] track_id=56384：Deezer 无结果
2026-04-03 16:45:44 | WARNING  | [DOWNLOAD FAIL] track_id=56385：Deezer 无结果
2026-04-03 16:45:44 | WARNING  | [DOWNLOAD FAIL] track_id=56386：Deezer 无结果
2026-04-03 16:45:47 | WARNING  | [DOWNLOAD FAIL] track_id=56402：Deezer 无结果
2026-04-03 16:45:47 | WARNING  | [DOWNLOAD FAIL] track_id=56403：Deezer 无结果
2026-04-03 16:45:47 | WARNING  | [DOWNLOAD FAIL] track_id=56404：Deezer 无结果
2026-04-03 16:45:48 | WARNING  | [DOWNLOAD FAIL] track_id=56407：Deezer 无结果
2026-04-03 16:45:49 | WARNING  | [DOWNLOAD FAIL] track_id=56413：Deezer 无结果
2026-04-03 16:45:49 | WARNING  | [DOWNLOAD FAIL] track_id=56414：Deezer 无结果
2026-04-03 16:45:49 | WARNING  | [DOWNLOAD FAIL] track_id=56415：Deezer 无结果
2026-04-03 16:45:49 | WARNING  | [DOWNLOAD FAIL] track_id=56416：Deezer 无结果
2026-04-03 16:45:49 | WARNING  | [DOWNLOAD FAIL] track_id=56417：Deezer 无结果
2026-04-03 16:45:51 | WARNING  | [DOWNLOAD FAIL] track_id=56426：Deezer 无结果
2026-04-03 16:45:51 | WARNING  | [DOWNLOAD FAIL] track_id=56423：Deezer 无结果
2026-04-03 16:45:51 | WARNING  | [DOWNLOAD FAIL] track_id=56424：Deezer 无结果
2026-04-03 16:45:51 | WARNING  | [DOWNLOAD FAIL] track_id=56425：Deezer 无结果
2026-04-03 16:45:51 | WARNING  | [DOWNLOAD FAIL] track_id=56427：Deezer 无结果
2026-04-03 16:45:51 | WARNING  | [DOWNLOAD FAIL] track_id=56429：Deezer 无结果
2026-04-03 16:45:51 | WARNING  | [DOWNLOAD FAIL] track_id=56428：Deezer 无结果
2026-04-03 16:45:51 | WARNING  | [DOWNLOAD FAIL] track_id=56430：Deezer 无结果
2026-04-03 16:45:51 | WARNING  | [DOWNLOAD FAIL] track_id=56433：Deezer 无结果
2026-04-03 16:45:51 | WARNING  | [DOWNLOAD FAIL] track_id=56434：Deezer 无结果
2026-04-03 16:45:51 | WARNING  | [DOWNLOAD FAIL] track_id=56435：Deezer 无结果
2026-04-03 16:45:51 | WARNING  | [DOWNLOAD FAIL] track_id=56436：Deezer 无结果
2026-04-03 16:45:52 | WARNING  | [DOWNLOAD FAIL] track_id=56438：Deezer 无结果
2026-04-03 16:45:52 | WARNING  | [DOWNLOAD FAIL] track_id=56437：Deezer 无结果
2026-04-03 16:45:52 | WARNING  | [DOWNLOAD FAIL] track_id=56439：Deezer 无结果
2026-04-03 16:45:52 | WARNING  | [DOWNLOAD FAIL] track_id=56441：Deezer 无结果
2026-04-03 16:45:52 | WARNING  | [DOWNLOAD FAIL] track_id=56440：Deezer 无结果
2026-04-03 16:45:52 | WARNING  | [DOWNLOAD FAIL] track_id=56442：Deezer 无结果
2026-04-03 16:45:52 | WARNING  | [DOWNLOAD FAIL] track_id=56446：Deezer 无结果
2026-04-03 16:45:54 | WARNING  | [DOWNLOAD FAIL] track_id=56454：Deezer 无结果
2026-04-03 16:45:55 | WARNING  | [DOWNLOAD FAIL] track_id=56458：Deezer 无结果
2026-04-03 16:45:57 | WARNING  | [DOWNLOAD FAIL] track_id=56469：Deezer 无结果
2026-04-03 16:45:58 | WARNING  | [DOWNLOAD FAIL] track_id=56471：Deezer 无结果
2026-04-03 16:46:05 | WARNING  | [DOWNLOAD FAIL] track_id=56501：Deezer 无结果
2026-04-03 16:46:05 | WARNING  | [DOWNLOAD FAIL] track_id=56502：Deezer 无结果
2026-04-03 16:46:06 | WARNING  | [DOWNLOAD FAIL] track_id=56507：Deezer 无结果
2026-04-03 16:46:06 | WARNING  | [DOWNLOAD FAIL] track_id=56510：Deezer 无结果
2026-04-03 16:46:07 | WARNING  | [DOWNLOAD FAIL] track_id=56516：Deezer 无结果
2026-04-03 16:46:08 | WARNING  | [DOWNLOAD FAIL] track_id=56520：Deezer 无结果
2026-04-03 16:46:12 | WARNING  | [DOWNLOAD FAIL] track_id=56536：Deezer 无结果
2026-04-03 16:46:12 | WARNING  | [DOWNLOAD FAIL] track_id=56537：Deezer 无结果
2026-04-03 16:46:12 | WARNING  | [DOWNLOAD FAIL] track_id=56539：Deezer 无结果
2026-04-03 16:46:13 | WARNING  | [DOWNLOAD FAIL] track_id=56543：Deezer 无结果
2026-04-03 16:46:14 | WARNING  | [DOWNLOAD FAIL] track_id=56547：Deezer 无结果
2026-04-03 16:46:17 | WARNING  | [DOWNLOAD FAIL] track_id=56559：Deezer 无结果
2026-04-03 16:46:18 | WARNING  | [DOWNLOAD FAIL] track_id=56564：Deezer 无结果
2026-04-03 16:46:19 | WARNING  | [DOWNLOAD FAIL] track_id=56569：Deezer 无结果
2026-04-03 16:46:20 | WARNING  | [DOWNLOAD FAIL] track_id=56575：Deezer 无结果
2026-04-03 16:46:20 | WARNING  | [DOWNLOAD FAIL] track_id=56576：Deezer 无结果
2026-04-03 16:46:20 | WARNING  | [DOWNLOAD FAIL] track_id=56578：Deezer 无结果
2026-04-03 16:46:20 | WARNING  | [DOWNLOAD FAIL] track_id=56580：Deezer 无结果
2026-04-03 16:46:20 | WARNING  | [DOWNLOAD FAIL] track_id=56579：Deezer 无结果
2026-04-03 16:46:21 | WARNING  | [DOWNLOAD FAIL] track_id=56581：Deezer 无结果
2026-04-03 16:46:21 | WARNING  | [DOWNLOAD FAIL] track_id=56582：Deezer 无结果
2026-04-03 16:46:21 | WARNING  | [DOWNLOAD FAIL] track_id=56583：Deezer 无结果
2026-04-03 16:46:21 | WARNING  | [DOWNLOAD FAIL] track_id=56584：Deezer 无结果
2026-04-03 16:46:21 | WARNING  | [DOWNLOAD FAIL] track_id=56585：Deezer 无结果
2026-04-03 16:46:21 | WARNING  | [DOWNLOAD FAIL] track_id=56586：Deezer 无结果
2026-04-03 16:46:21 | WARNING  | [DOWNLOAD FAIL] track_id=56588：Deezer 无结果
2026-04-03 16:46:21 | WARNING  | [DOWNLOAD FAIL] track_id=56589：Deezer 无结果
2026-04-03 16:46:21 | WARNING  | [DOWNLOAD FAIL] track_id=56587：Deezer 无结果
2026-04-03 16:46:21 | WARNING  | [DOWNLOAD FAIL] track_id=56591：Deezer 无结果
2026-04-03 16:46:21 | WARNING  | [DOWNLOAD FAIL] track_id=56590：Deezer 无结果
2026-04-03 16:46:21 | WARNING  | [DOWNLOAD FAIL] track_id=56592：Deezer 无结果
2026-04-03 16:46:21 | WARNING  | [DOWNLOAD FAIL] track_id=56595：Deezer 无结果
2026-04-03 16:46:21 | WARNING  | [DOWNLOAD FAIL] track_id=56596：Deezer 无结果
2026-04-03 16:46:22 | WARNING  | [DOWNLOAD FAIL] track_id=56597：Deezer 无结果
2026-04-03 16:46:22 | WARNING  | [DOWNLOAD FAIL] track_id=56598：Deezer 无结果
2026-04-03 16:46:22 | WARNING  | [DOWNLOAD FAIL] track_id=56599：Deezer 无结果
2026-04-03 16:46:22 | WARNING  | [DOWNLOAD FAIL] track_id=56601：Deezer 无结果
2026-04-03 16:46:22 | WARNING  | [DOWNLOAD FAIL] track_id=56600：Deezer 无结果
2026-04-03 16:46:22 | WARNING  | [DOWNLOAD FAIL] track_id=56603：Deezer 无结果
2026-04-03 16:46:22 | WARNING  | [DOWNLOAD FAIL] track_id=56604：Deezer 无结果
2026-04-03 16:46:22 | WARNING  | [DOWNLOAD FAIL] track_id=56606：Deezer 无结果
2026-04-03 16:46:22 | WARNING  | [DOWNLOAD FAIL] track_id=56607：Deezer 无结果
2026-04-03 16:46:23 | WARNING  | [DOWNLOAD FAIL] track_id=56608：Deezer 无结果
2026-04-03 16:46:23 | WARNING  | [DOWNLOAD FAIL] track_id=56610：Deezer 无结果
2026-04-03 16:46:23 | WARNING  | [DOWNLOAD FAIL] track_id=56613：Deezer 无结果
2026-04-03 16:46:24 | WARNING  | [DOWNLOAD FAIL] track_id=56616：Deezer 无结果
2026-04-03 16:46:26 | WARNING  | [DOWNLOAD FAIL] track_id=56626：Deezer 无结果
2026-04-03 16:46:29 | WARNING  | [DOWNLOAD FAIL] track_id=56637：Deezer 无结果
2026-04-03 16:46:29 | WARNING  | [DOWNLOAD FAIL] track_id=56638：Deezer 无结果
2026-04-03 16:46:31 | WARNING  | [DOWNLOAD FAIL] track_id=56647：Deezer 无结果
2026-04-03 16:46:32 | WARNING  | [DOWNLOAD FAIL] track_id=56654：Deezer 无结果
2026-04-03 16:46:37 | WARNING  | [DOWNLOAD FAIL] track_id=56678：Deezer 无结果
2026-04-03 16:46:37 | WARNING  | [DOWNLOAD FAIL] track_id=56679：Deezer 无结果
2026-04-03 16:46:39 | WARNING  | [DOWNLOAD FAIL] track_id=56688：Deezer 无结果
2026-04-03 16:46:39 | WARNING  | [DOWNLOAD FAIL] track_id=56690：Deezer 无结果
2026-04-03 16:46:39 | WARNING  | [DOWNLOAD FAIL] track_id=56691：Deezer 无结果
2026-04-03 16:46:39 | WARNING  | [DOWNLOAD FAIL] track_id=56692：Deezer 无结果
2026-04-03 16:46:39 | WARNING  | [DOWNLOAD FAIL] track_id=56693：Deezer 无结果
2026-04-03 16:46:40 | WARNING  | [DOWNLOAD FAIL] track_id=56698：Deezer 无结果
2026-04-03 16:46:40 | WARNING  | [DOWNLOAD FAIL] track_id=56699：Deezer 无结果
2026-04-03 16:46:43 | WARNING  | [DOWNLOAD FAIL] track_id=56713：Deezer 无结果
2026-04-03 16:46:43 | WARNING  | [DOWNLOAD FAIL] track_id=56712：Deezer 无结果
2026-04-03 16:46:44 | WARNING  | [DOWNLOAD FAIL] track_id=56715：Deezer 无结果
2026-04-03 16:46:44 | WARNING  | [DOWNLOAD FAIL] track_id=56714：Deezer 无结果
2026-04-03 16:46:44 | WARNING  | [DOWNLOAD FAIL] track_id=56716：Deezer 无结果
2026-04-03 16:46:44 | WARNING  | [DOWNLOAD FAIL] track_id=56718：Deezer 无结果
2026-04-03 16:46:47 | WARNING  | [DOWNLOAD FAIL] track_id=56729：Deezer 无结果
2026-04-03 16:46:53 | WARNING  | [DOWNLOAD FAIL] track_id=56759：Deezer 无结果
2026-04-03 16:46:53 | WARNING  | [DOWNLOAD FAIL] track_id=56760：Deezer 无结果
2026-04-03 16:46:55 | WARNING  | [DOWNLOAD FAIL] track_id=56770：Deezer 无结果
2026-04-03 16:46:56 | WARNING  | [DOWNLOAD FAIL] track_id=56775：Deezer 无结果
2026-04-03 16:46:57 | WARNING  | [DOWNLOAD FAIL] track_id=56780：Deezer 无结果
2026-04-03 16:46:58 | WARNING  | [DOWNLOAD FAIL] track_id=56782：Deezer 无结果
2026-04-03 16:46:58 | WARNING  | [DOWNLOAD FAIL] track_id=56781：Deezer 无结果
2026-04-03 16:46:58 | WARNING  | [DOWNLOAD FAIL] track_id=56785：Deezer 无结果
2026-04-03 16:46:58 | WARNING  | [DOWNLOAD FAIL] track_id=56788：Deezer 无结果
2026-04-03 16:47:00 | WARNING  | [DOWNLOAD FAIL] track_id=56793：Deezer 无结果
2026-04-03 16:47:00 | WARNING  | [DOWNLOAD FAIL] track_id=56797：Deezer 无结果
2026-04-03 16:47:01 | WARNING  | [DOWNLOAD FAIL] track_id=56801：Deezer 无结果
2026-04-03 16:47:01 | WARNING  | [DOWNLOAD FAIL] track_id=56803：Deezer 无结果
2026-04-03 16:47:02 | WARNING  | [DOWNLOAD FAIL] track_id=56805：Deezer 无结果
2026-04-03 16:47:04 | WARNING  | [DOWNLOAD FAIL] track_id=56818：Deezer 无结果
2026-04-03 16:47:04 | WARNING  | [DOWNLOAD FAIL] track_id=56819：Deezer 无结果
2026-04-03 16:47:05 | WARNING  | [DOWNLOAD FAIL] track_id=56821：Deezer 无结果
2026-04-03 16:47:06 | WARNING  | [DOWNLOAD FAIL] track_id=56826：Deezer 无结果
2026-04-03 16:47:06 | WARNING  | [DOWNLOAD FAIL] track_id=56828：Deezer 无结果
2026-04-03 16:47:06 | WARNING  | [DOWNLOAD FAIL] track_id=56827：Deezer 无结果
2026-04-03 16:47:06 | WARNING  | [DOWNLOAD FAIL] track_id=56833：Deezer 无结果
2026-04-03 16:47:07 | WARNING  | [DOWNLOAD FAIL] track_id=56835：Deezer 无结果
2026-04-03 16:47:11 | WARNING  | [DOWNLOAD FAIL] track_id=56855：Deezer 无结果
2026-04-03 16:47:14 | WARNING  | [DOWNLOAD FAIL] track_id=56869：Deezer 无结果
2026-04-03 16:47:17 | WARNING  | [DOWNLOAD FAIL] track_id=56883：Deezer 无结果
2026-04-03 16:47:20 | WARNING  | [DOWNLOAD FAIL] track_id=56900：Deezer 无结果
2026-04-03 16:47:20 | WARNING  | [DOWNLOAD FAIL] track_id=56901：Deezer 无结果
2026-04-03 16:47:20 | WARNING  | [DOWNLOAD FAIL] track_id=56905：Deezer 无结果
2026-04-03 16:47:21 | WARNING  | [DOWNLOAD FAIL] track_id=56909：Deezer 无结果
2026-04-03 16:47:22 | WARNING  | [DOWNLOAD FAIL] track_id=56911：Deezer 无结果
2026-04-03 16:47:22 | WARNING  | [DOWNLOAD FAIL] track_id=56912：Deezer 无结果
2026-04-03 16:47:22 | WARNING  | [DOWNLOAD FAIL] track_id=56914：Deezer 无结果
2026-04-03 16:47:22 | WARNING  | [DOWNLOAD FAIL] track_id=56915：Deezer 无结果
2026-04-03 16:47:22 | WARNING  | [DOWNLOAD FAIL] track_id=56916：Deezer 无结果
2026-04-03 16:47:22 | WARNING  | [DOWNLOAD FAIL] track_id=56918：Deezer 无结果
2026-04-03 16:47:24 | WARNING  | [DOWNLOAD FAIL] track_id=56926：Deezer 无结果
2026-04-03 16:47:26 | WARNING  | [DOWNLOAD FAIL] track_id=56935：Deezer 无结果
2026-04-03 16:47:26 | WARNING  | [DOWNLOAD FAIL] track_id=56936：Deezer 无结果
2026-04-03 16:47:33 | WARNING  | [DOWNLOAD FAIL] track_id=56969：Deezer 无结果
2026-04-03 16:47:34 | WARNING  | [DOWNLOAD FAIL] track_id=56976：Deezer 无结果
2026-04-03 16:47:34 | WARNING  | [DOWNLOAD FAIL] track_id=56977：Deezer 无结果
2026-04-03 16:47:35 | WARNING  | [DOWNLOAD FAIL] track_id=56978：Deezer 无结果
2026-04-03 16:47:35 | WARNING  | [DOWNLOAD FAIL] track_id=56979：Deezer 无结果
2026-04-03 16:47:37 | WARNING  | [DOWNLOAD FAIL] track_id=56988：Deezer 无结果
2026-04-03 16:47:39 | WARNING  | [DOWNLOAD FAIL] track_id=57000：Deezer 无结果
2026-04-03 16:47:39 | WARNING  | [DOWNLOAD FAIL] track_id=57003：Deezer 无结果
2026-04-03 16:47:39 | WARNING  | [DOWNLOAD FAIL] track_id=57004：Deezer 无结果
2026-04-03 16:47:40 | WARNING  | [DOWNLOAD FAIL] track_id=57006：Deezer 无结果
2026-04-03 16:47:40 | WARNING  | [DOWNLOAD FAIL] track_id=57007：Deezer 无结果
2026-04-03 16:47:40 | WARNING  | [DOWNLOAD FAIL] track_id=57008：Deezer 无结果
2026-04-03 16:47:40 | WARNING  | [DOWNLOAD FAIL] track_id=57009：Deezer 无结果
2026-04-03 16:47:40 | WARNING  | [DOWNLOAD FAIL] track_id=57012：Deezer 无结果
2026-04-03 16:47:40 | WARNING  | [DOWNLOAD FAIL] track_id=57011：Deezer 无结果
2026-04-03 16:47:40 | WARNING  | [DOWNLOAD FAIL] track_id=57013：Deezer 无结果
2026-04-03 16:47:40 | WARNING  | [DOWNLOAD FAIL] track_id=57015：Deezer 无结果
2026-04-03 16:47:40 | WARNING  | [DOWNLOAD FAIL] track_id=57014：Deezer 无结果
2026-04-03 16:47:41 | WARNING  | [DOWNLOAD FAIL] track_id=57016：Deezer 无结果
2026-04-03 16:47:41 | WARNING  | [DOWNLOAD FAIL] track_id=57018：Deezer 无结果
2026-04-03 16:47:41 | WARNING  | [DOWNLOAD FAIL] track_id=57017：Deezer 无结果
2026-04-03 16:47:41 | WARNING  | [DOWNLOAD FAIL] track_id=57019：Deezer 无结果
2026-04-03 16:47:41 | WARNING  | [DOWNLOAD FAIL] track_id=57020：Deezer 无结果
2026-04-03 16:47:41 | WARNING  | [DOWNLOAD FAIL] track_id=57021：Deezer 无结果
2026-04-03 16:47:41 | WARNING  | [DOWNLOAD FAIL] track_id=57023：Deezer 无结果
2026-04-03 16:47:41 | WARNING  | [DOWNLOAD FAIL] track_id=57022：Deezer 无结果
2026-04-03 16:47:41 | WARNING  | [DOWNLOAD FAIL] track_id=57024：Deezer 无结果
2026-04-03 16:47:41 | WARNING  | [DOWNLOAD FAIL] track_id=57025：Deezer 无结果
2026-04-03 16:47:41 | WARNING  | [DOWNLOAD FAIL] track_id=57026：Deezer 无结果
2026-04-03 16:47:41 | WARNING  | [DOWNLOAD FAIL] track_id=57027：Deezer 无结果
2026-04-03 16:47:41 | WARNING  | [DOWNLOAD FAIL] track_id=57028：Deezer 无结果
2026-04-03 16:47:46 | WARNING  | [DOWNLOAD FAIL] track_id=57049：Deezer 无结果
2026-04-03 16:47:46 | WARNING  | [DOWNLOAD FAIL] track_id=57051：Deezer 无结果
2026-04-03 16:47:46 | WARNING  | [DOWNLOAD FAIL] track_id=57050：Deezer 无结果
2026-04-03 16:47:46 | WARNING  | [DOWNLOAD FAIL] track_id=57055：Deezer 无结果
2026-04-03 16:47:47 | WARNING  | [DOWNLOAD FAIL] track_id=57056：Deezer 无结果
2026-04-03 16:47:49 | WARNING  | [DOWNLOAD FAIL] track_id=57066：Deezer 无结果
2026-04-03 16:47:49 | WARNING  | [DOWNLOAD FAIL] track_id=57067：Deezer 无结果
2026-04-03 16:47:49 | WARNING  | [DOWNLOAD FAIL] track_id=57070：Deezer 无结果
2026-04-03 16:47:50 | WARNING  | [DOWNLOAD FAIL] track_id=57074：Deezer 无结果
2026-04-03 16:47:50 | WARNING  | [DOWNLOAD FAIL] track_id=57075：Deezer 无结果
2026-04-03 16:47:54 | WARNING  | [DOWNLOAD FAIL] track_id=57093：Deezer 无结果
2026-04-03 16:48:01 | WARNING  | [DOWNLOAD FAIL] track_id=57125：Deezer 无结果
2026-04-03 16:48:01 | WARNING  | [DOWNLOAD FAIL] track_id=57126：Deezer 无结果
2026-04-03 16:48:04 | WARNING  | [DOWNLOAD FAIL] track_id=57136：Deezer 无结果
2026-04-03 16:48:04 | WARNING  | [DOWNLOAD FAIL] track_id=57137：Deezer 无结果
2026-04-03 16:48:05 | WARNING  | [DOWNLOAD FAIL] track_id=57146：Deezer 无结果
2026-04-03 16:48:05 | WARNING  | [DOWNLOAD FAIL] track_id=57147：Deezer 无结果
2026-04-03 16:48:06 | WARNING  | [DOWNLOAD FAIL] track_id=57150：Deezer 无结果
2026-04-03 16:48:06 | WARNING  | [DOWNLOAD FAIL] track_id=57151：Deezer 无结果
2026-04-03 16:48:06 | WARNING  | [DOWNLOAD FAIL] track_id=57152：Deezer 无结果
2026-04-03 16:48:06 | WARNING  | [DOWNLOAD FAIL] track_id=57153：Deezer 无结果
2026-04-03 16:48:06 | WARNING  | [DOWNLOAD FAIL] track_id=57154：Deezer 无结果
2026-04-03 16:48:09 | WARNING  | [DOWNLOAD FAIL] track_id=57168：Deezer 无结果
2026-04-03 16:48:10 | WARNING  | [DOWNLOAD FAIL] track_id=57173：Deezer 无结果
2026-04-03 16:48:11 | WARNING  | [DOWNLOAD FAIL] track_id=57176：Deezer 无结果
2026-04-03 16:48:11 | WARNING  | [DOWNLOAD FAIL] track_id=57177：Deezer 无结果
2026-04-03 16:48:12 | WARNING  | [DOWNLOAD FAIL] track_id=57183：Deezer 无结果
2026-04-03 16:48:14 | WARNING  | [DOWNLOAD FAIL] track_id=57192：Deezer 无结果
2026-04-03 16:48:14 | WARNING  | [DOWNLOAD FAIL] track_id=57193：Deezer 无结果
2026-04-03 16:48:14 | WARNING  | [DOWNLOAD FAIL] track_id=57194：Deezer 无结果
2026-04-03 16:48:15 | WARNING  | [DOWNLOAD FAIL] track_id=57200：Deezer 无结果
2026-04-03 16:48:16 | WARNING  | [DOWNLOAD FAIL] track_id=57205：Deezer 无结果
2026-04-03 16:48:17 | WARNING  | [DOWNLOAD FAIL] track_id=57206：Deezer 无结果
2026-04-03 16:48:17 | WARNING  | [DOWNLOAD FAIL] track_id=57209：Deezer 无结果
2026-04-03 16:48:17 | WARNING  | [DOWNLOAD FAIL] track_id=57210：Deezer 无结果
2026-04-03 16:48:18 | WARNING  | [DOWNLOAD FAIL] track_id=57216：Deezer 无结果
2026-04-03 16:48:19 | WARNING  | [DOWNLOAD FAIL] track_id=57220：Deezer 无结果
2026-04-03 16:48:19 | WARNING  | [DOWNLOAD FAIL] track_id=57221：Deezer 无结果
2026-04-03 16:48:19 | WARNING  | [DOWNLOAD FAIL] track_id=57222：Deezer 无结果
2026-04-03 16:48:19 | WARNING  | [DOWNLOAD FAIL] track_id=57223：Deezer 无结果
2026-04-03 16:48:19 | WARNING  | [DOWNLOAD FAIL] track_id=57224：Deezer 无结果
2026-04-03 16:48:20 | WARNING  | [DOWNLOAD FAIL] track_id=57225：Deezer 无结果
2026-04-03 16:48:20 | WARNING  | [DOWNLOAD FAIL] track_id=57227：Deezer 无结果
2026-04-03 16:48:20 | WARNING  | [DOWNLOAD FAIL] track_id=57228：Deezer 无结果
2026-04-03 16:48:20 | WARNING  | [DOWNLOAD FAIL] track_id=57230：Deezer 无结果
2026-04-03 16:48:20 | WARNING  | [DOWNLOAD FAIL] track_id=57231：Deezer 无结果
2026-04-03 16:48:24 | WARNING  | [DOWNLOAD FAIL] track_id=57248：Deezer 无结果
2026-04-03 16:48:24 | WARNING  | [DOWNLOAD FAIL] track_id=57251：Deezer 无结果
2026-04-03 16:48:25 | WARNING  | [DOWNLOAD FAIL] track_id=57254：Deezer 无结果
2026-04-03 16:48:25 | WARNING  | [DOWNLOAD FAIL] track_id=57255：Deezer 无结果
2026-04-03 16:48:25 | WARNING  | [DOWNLOAD FAIL] track_id=57256：Deezer 无结果
2026-04-03 16:48:25 | WARNING  | [DOWNLOAD FAIL] track_id=57260：Deezer 无结果
2026-04-03 16:48:26 | WARNING  | [DOWNLOAD FAIL] track_id=57262：Deezer 无结果
2026-04-03 16:48:26 | WARNING  | [DOWNLOAD FAIL] track_id=57263：Deezer 无结果
2026-04-03 16:48:26 | WARNING  | [DOWNLOAD FAIL] track_id=57264：Deezer 无结果
2026-04-03 16:48:27 | WARNING  | [DOWNLOAD FAIL] track_id=57268：Deezer 无结果
2026-04-03 16:48:27 | WARNING  | [DOWNLOAD FAIL] track_id=57266：Deezer 无结果
2026-04-03 16:48:28 | WARNING  | [DOWNLOAD FAIL] track_id=57272：Deezer 无结果
2026-04-03 16:48:28 | WARNING  | [DOWNLOAD FAIL] track_id=57273：Deezer 无结果
2026-04-03 16:48:28 | WARNING  | [DOWNLOAD FAIL] track_id=57275：Deezer 无结果
2026-04-03 16:48:28 | WARNING  | [DOWNLOAD FAIL] track_id=57276：Deezer 无结果
2026-04-03 16:48:28 | WARNING  | [DOWNLOAD FAIL] track_id=57277：Deezer 无结果
2026-04-03 16:48:28 | WARNING  | [DOWNLOAD FAIL] track_id=57280：Deezer 无结果
2026-04-03 16:48:28 | WARNING  | [DOWNLOAD FAIL] track_id=57281：Deezer 无结果
2026-04-03 16:48:29 | WARNING  | [DOWNLOAD FAIL] track_id=57284：Deezer 无结果
2026-04-03 16:48:29 | WARNING  | [DOWNLOAD FAIL] track_id=57285：Deezer 无结果
2026-04-03 16:48:29 | WARNING  | [DOWNLOAD FAIL] track_id=57286：Deezer 无结果
2026-04-03 16:48:29 | WARNING  | [DOWNLOAD FAIL] track_id=57289：Deezer 无结果
2026-04-03 16:48:30 | WARNING  | [DOWNLOAD FAIL] track_id=57291：Deezer 无结果
2026-04-03 16:48:30 | WARNING  | [DOWNLOAD FAIL] track_id=57292：Deezer 无结果
2026-04-03 16:48:30 | WARNING  | [DOWNLOAD FAIL] track_id=57293：Deezer 无结果
2026-04-03 16:48:31 | WARNING  | [DOWNLOAD FAIL] track_id=57299：Deezer 无结果
2026-04-03 16:48:34 | WARNING  | [DOWNLOAD FAIL] track_id=57314：Deezer 无结果
2026-04-03 16:48:35 | WARNING  | [DOWNLOAD FAIL] track_id=57319：Deezer 无结果
2026-04-03 16:48:35 | WARNING  | [DOWNLOAD FAIL] track_id=57322：Deezer 无结果
2026-04-03 16:48:36 | WARNING  | [DOWNLOAD FAIL] track_id=57325：Deezer 无结果
2026-04-03 16:48:36 | WARNING  | [DOWNLOAD FAIL] track_id=57327：Deezer 无结果
2026-04-03 16:48:36 | WARNING  | [DOWNLOAD FAIL] track_id=57328：Deezer 无结果
2026-04-03 16:48:36 | WARNING  | [DOWNLOAD FAIL] track_id=57331：Deezer 无结果
2026-04-03 16:48:37 | WARNING  | [DOWNLOAD FAIL] track_id=57333：Deezer 无结果
2026-04-03 16:48:37 | WARNING  | [DOWNLOAD FAIL] track_id=57335：Deezer 无结果
2026-04-03 16:48:38 | WARNING  | [DOWNLOAD FAIL] track_id=57339：Deezer 无结果
2026-04-03 16:48:39 | WARNING  | [DOWNLOAD FAIL] track_id=57345：Deezer 无结果
2026-04-03 16:48:39 | WARNING  | [DOWNLOAD FAIL] track_id=57346：Deezer 无结果
2026-04-03 16:48:39 | WARNING  | [DOWNLOAD FAIL] track_id=57347：Deezer 无结果
2026-04-03 16:48:39 | WARNING  | [DOWNLOAD FAIL] track_id=57348：Deezer 无结果
2026-04-03 16:48:39 | WARNING  | [DOWNLOAD FAIL] track_id=57349：Deezer 无结果
2026-04-03 16:48:41 | WARNING  | [DOWNLOAD FAIL] track_id=57358：Deezer 无结果
2026-04-03 16:48:41 | WARNING  | [DOWNLOAD FAIL] track_id=57360：Deezer 无结果
2026-04-03 16:48:41 | WARNING  | [DOWNLOAD FAIL] track_id=57361：Deezer 无结果
2026-04-03 16:48:42 | WARNING  | [DOWNLOAD FAIL] track_id=57362：Deezer 无结果
2026-04-03 16:48:42 | WARNING  | [DOWNLOAD FAIL] track_id=57363：Deezer 无结果
2026-04-03 16:48:42 | WARNING  | [DOWNLOAD FAIL] track_id=57364：Deezer 无结果
2026-04-03 16:48:43 | WARNING  | [DOWNLOAD FAIL] track_id=57370：Deezer 无结果
2026-04-03 16:48:43 | WARNING  | [DOWNLOAD FAIL] track_id=57371：Deezer 无结果
2026-04-03 16:48:43 | WARNING  | [DOWNLOAD FAIL] track_id=57373：Deezer 无结果
2026-04-03 16:48:44 | WARNING  | [DOWNLOAD FAIL] track_id=57380：Deezer 无结果
2026-04-03 16:48:45 | WARNING  | [DOWNLOAD FAIL] track_id=57383：Deezer 无结果
2026-04-03 16:48:46 | WARNING  | [DOWNLOAD FAIL] track_id=57386：Deezer 无结果
2026-04-03 16:48:47 | WARNING  | [DOWNLOAD FAIL] track_id=57392：Deezer 无结果
2026-04-03 16:48:47 | WARNING  | [DOWNLOAD FAIL] track_id=57395：Deezer 无结果
2026-04-03 16:48:47 | WARNING  | [DOWNLOAD FAIL] track_id=57397：Deezer 无结果
2026-04-03 16:48:49 | WARNING  | [DOWNLOAD FAIL] track_id=57405：Deezer 无结果
2026-04-03 16:48:49 | WARNING  | [DOWNLOAD FAIL] track_id=57408：Deezer 无结果
2026-04-03 16:48:52 | WARNING  | [DOWNLOAD FAIL] track_id=57420：Deezer 无结果
2026-04-03 16:48:52 | WARNING  | [DOWNLOAD FAIL] track_id=57421：Deezer 无结果
2026-04-03 16:48:53 | WARNING  | [DOWNLOAD FAIL] track_id=57427：Deezer 无结果
2026-04-03 16:48:53 | WARNING  | [DOWNLOAD FAIL] track_id=57428：Deezer 无结果
2026-04-03 16:48:54 | WARNING  | [DOWNLOAD FAIL] track_id=57432：Deezer 无结果
2026-04-03 16:48:54 | WARNING  | [DOWNLOAD FAIL] track_id=57433：Deezer 无结果
2026-04-03 16:48:54 | WARNING  | [DOWNLOAD FAIL] track_id=57434：Deezer 无结果
2026-04-03 16:48:54 | WARNING  | [DOWNLOAD FAIL] track_id=57435：Deezer 无结果
2026-04-03 16:48:54 | WARNING  | [DOWNLOAD FAIL] track_id=57436：Deezer 无结果
2026-04-03 16:48:54 | WARNING  | [DOWNLOAD FAIL] track_id=57437：Deezer 无结果
2026-04-03 16:48:54 | WARNING  | [DOWNLOAD FAIL] track_id=57438：Deezer 无结果
2026-04-03 16:48:54 | WARNING  | [DOWNLOAD FAIL] track_id=57439：Deezer 无结果
2026-04-03 16:48:54 | WARNING  | [DOWNLOAD FAIL] track_id=57440：Deezer 无结果
2026-04-03 16:48:55 | WARNING  | [DOWNLOAD FAIL] track_id=57441：Deezer 无结果
2026-04-03 16:48:55 | WARNING  | [DOWNLOAD FAIL] track_id=57442：Deezer 无结果
2026-04-03 16:48:55 | WARNING  | [DOWNLOAD FAIL] track_id=57443：Deezer 无结果
2026-04-03 16:48:55 | WARNING  | [DOWNLOAD FAIL] track_id=57445：Deezer 无结果
2026-04-03 16:48:55 | WARNING  | [DOWNLOAD FAIL] track_id=57446：Deezer 无结果
2026-04-03 16:48:55 | WARNING  | [DOWNLOAD FAIL] track_id=57444：Deezer 无结果
2026-04-03 16:48:55 | WARNING  | [DOWNLOAD FAIL] track_id=57447：Deezer 无结果
2026-04-03 16:48:55 | WARNING  | [DOWNLOAD FAIL] track_id=57448：Deezer 无结果
2026-04-03 16:48:55 | WARNING  | [DOWNLOAD FAIL] track_id=57449：Deezer 无结果
2026-04-03 16:48:55 | WARNING  | [DOWNLOAD FAIL] track_id=57450：Deezer 无结果
2026-04-03 16:48:55 | WARNING  | [DOWNLOAD FAIL] track_id=57451：Deezer 无结果
2026-04-03 16:48:55 | WARNING  | [DOWNLOAD FAIL] track_id=57452：Deezer 无结果
2026-04-03 16:48:55 | WARNING  | [DOWNLOAD FAIL] track_id=57453：Deezer 无结果
2026-04-03 16:48:55 | WARNING  | [DOWNLOAD FAIL] track_id=57454：Deezer 无结果
2026-04-03 16:48:55 | WARNING  | [DOWNLOAD FAIL] track_id=57456：Deezer 无结果
2026-04-03 16:48:55 | WARNING  | [DOWNLOAD FAIL] track_id=57455：Deezer 无结果
2026-04-03 16:48:55 | WARNING  | [DOWNLOAD FAIL] track_id=57457：Deezer 无结果
2026-04-03 16:48:55 | WARNING  | [DOWNLOAD FAIL] track_id=57458：Deezer 无结果
2026-04-03 16:48:55 | WARNING  | [DOWNLOAD FAIL] track_id=57459：Deezer 无结果
2026-04-03 16:48:55 | WARNING  | [DOWNLOAD FAIL] track_id=57461：Deezer 无结果
2026-04-03 16:48:55 | WARNING  | [DOWNLOAD FAIL] track_id=57462：Deezer 无结果
2026-04-03 16:48:55 | WARNING  | [DOWNLOAD FAIL] track_id=57463：Deezer 无结果
2026-04-03 16:48:55 | WARNING  | [DOWNLOAD FAIL] track_id=57460：Deezer 无结果
2026-04-03 16:48:56 | WARNING  | [DOWNLOAD FAIL] track_id=57465：Deezer 无结果
2026-04-03 16:48:56 | WARNING  | [DOWNLOAD FAIL] track_id=57464：Deezer 无结果
2026-04-03 16:48:56 | WARNING  | [DOWNLOAD FAIL] track_id=57466：Deezer 无结果
2026-04-03 16:48:56 | WARNING  | [DOWNLOAD FAIL] track_id=57467：Deezer 无结果
2026-04-03 16:48:56 | WARNING  | [DOWNLOAD FAIL] track_id=57468：Deezer 无结果
2026-04-03 16:48:56 | WARNING  | [DOWNLOAD FAIL] track_id=57470：Deezer 无结果
2026-04-03 16:48:56 | WARNING  | [DOWNLOAD FAIL] track_id=57471：Deezer 无结果
2026-04-03 16:48:56 | WARNING  | [DOWNLOAD FAIL] track_id=57472：Deezer 无结果
2026-04-03 16:48:56 | WARNING  | [DOWNLOAD FAIL] track_id=57473：Deezer 无结果
2026-04-03 16:48:56 | WARNING  | [DOWNLOAD FAIL] track_id=57474：Deezer 无结果
2026-04-03 16:48:56 | WARNING  | [DOWNLOAD FAIL] track_id=57475：Deezer 无结果
2026-04-03 16:48:56 | WARNING  | [DOWNLOAD FAIL] track_id=57476：Deezer 无结果
2026-04-03 16:48:56 | WARNING  | [DOWNLOAD FAIL] track_id=57477：Deezer 无结果
2026-04-03 16:48:56 | WARNING  | [DOWNLOAD FAIL] track_id=57478：Deezer 无结果
2026-04-03 16:48:56 | WARNING  | [DOWNLOAD FAIL] track_id=57479：Deezer 无结果
2026-04-03 16:48:57 | WARNING  | [DOWNLOAD FAIL] track_id=57484：Deezer 无结果
2026-04-03 16:48:57 | WARNING  | [DOWNLOAD FAIL] track_id=57485：Deezer 无结果
2026-04-03 16:48:57 | WARNING  | [DOWNLOAD FAIL] track_id=57486：Deezer 无结果
2026-04-03 16:48:57 | WARNING  | [DOWNLOAD FAIL] track_id=57487：Deezer 无结果
2026-04-03 16:48:58 | WARNING  | [DOWNLOAD FAIL] track_id=57488：Deezer 无结果
2026-04-03 16:48:58 | WARNING  | [DOWNLOAD FAIL] track_id=57489：Deezer 无结果
2026-04-03 16:48:58 | WARNING  | [DOWNLOAD FAIL] track_id=57490：Deezer 无结果
2026-04-03 16:48:58 | WARNING  | [DOWNLOAD FAIL] track_id=57491：Deezer 无结果
2026-04-03 16:48:58 | WARNING  | [DOWNLOAD FAIL] track_id=57492：Deezer 无结果
2026-04-03 16:48:58 | WARNING  | [DOWNLOAD FAIL] track_id=57493：Deezer 无结果
2026-04-03 16:48:58 | WARNING  | [DOWNLOAD FAIL] track_id=57494：Deezer 无结果
2026-04-03 16:48:58 | WARNING  | [DOWNLOAD FAIL] track_id=57495：Deezer 无结果
2026-04-03 16:48:58 | WARNING  | [DOWNLOAD FAIL] track_id=57496：Deezer 无结果
2026-04-03 16:48:58 | WARNING  | [DOWNLOAD FAIL] track_id=57497：Deezer 无结果
2026-04-03 16:48:58 | WARNING  | [DOWNLOAD FAIL] track_id=57498：Deezer 无结果
2026-04-03 16:48:58 | WARNING  | [DOWNLOAD FAIL] track_id=57499：Deezer 无结果
2026-04-03 16:48:58 | WARNING  | [DOWNLOAD FAIL] track_id=57500：Deezer 无结果
2026-04-03 16:48:58 | WARNING  | [DOWNLOAD FAIL] track_id=57501：Deezer 无结果
2026-04-03 16:48:58 | WARNING  | [DOWNLOAD FAIL] track_id=57503：Deezer 无结果
2026-04-03 16:48:58 | WARNING  | [DOWNLOAD FAIL] track_id=57502：Deezer 无结果
2026-04-03 16:48:58 | WARNING  | [DOWNLOAD FAIL] track_id=57504：Deezer 无结果
2026-04-03 16:48:58 | WARNING  | [DOWNLOAD FAIL] track_id=57505：Deezer 无结果
2026-04-03 16:48:58 | WARNING  | [DOWNLOAD FAIL] track_id=57506：Deezer 无结果
2026-04-03 16:48:58 | WARNING  | [DOWNLOAD FAIL] track_id=57508：Deezer 无结果
2026-04-03 16:48:58 | WARNING  | [DOWNLOAD FAIL] track_id=57509：Deezer 无结果
2026-04-03 16:48:58 | WARNING  | [DOWNLOAD FAIL] track_id=57510：Deezer 无结果
2026-04-03 16:48:58 | WARNING  | [DOWNLOAD FAIL] track_id=57511：Deezer 无结果
2026-04-03 16:48:58 | WARNING  | [DOWNLOAD FAIL] track_id=57507：Deezer 无结果
2026-04-03 16:48:58 | WARNING  | [DOWNLOAD FAIL] track_id=57512：Deezer 无结果
2026-04-03 16:48:58 | WARNING  | [DOWNLOAD FAIL] track_id=57513：Deezer 无结果
2026-04-03 16:48:58 | WARNING  | [DOWNLOAD FAIL] track_id=57515：Deezer 无结果
2026-04-03 16:48:58 | WARNING  | [DOWNLOAD FAIL] track_id=57514：Deezer 无结果
2026-04-03 16:48:58 | WARNING  | [DOWNLOAD FAIL] track_id=57516：Deezer 无结果
2026-04-03 16:48:58 | WARNING  | [DOWNLOAD FAIL] track_id=57517：Deezer 无结果
2026-04-03 16:48:59 | WARNING  | [DOWNLOAD FAIL] track_id=57518：Deezer 无结果
2026-04-03 16:48:59 | WARNING  | [DOWNLOAD FAIL] track_id=57520：Deezer 无结果
2026-04-03 16:48:59 | WARNING  | [DOWNLOAD FAIL] track_id=57519：Deezer 无结果
2026-04-03 16:49:05 | WARNING  | [DOWNLOAD FAIL] track_id=57546：Deezer 无结果
2026-04-03 16:49:05 | WARNING  | [DOWNLOAD FAIL] track_id=57547：Deezer 无结果
2026-04-03 16:49:05 | WARNING  | [DOWNLOAD FAIL] track_id=57548：Deezer 无结果
2026-04-03 16:49:05 | WARNING  | [DOWNLOAD FAIL] track_id=57549：Deezer 无结果
2026-04-03 16:49:05 | WARNING  | [DOWNLOAD FAIL] track_id=57553：Deezer 无结果
2026-04-03 16:49:05 | WARNING  | [DOWNLOAD FAIL] track_id=57550：Deezer 无结果
2026-04-03 16:49:07 | WARNING  | [DOWNLOAD FAIL] track_id=57559：Deezer 无结果
2026-04-03 16:49:09 | WARNING  | [DOWNLOAD FAIL] track_id=57570：Deezer 无结果
2026-04-03 16:49:09 | WARNING  | [DOWNLOAD FAIL] track_id=57569：Deezer 无结果
2026-04-03 16:49:09 | WARNING  | [DOWNLOAD FAIL] track_id=57571：Deezer 无结果
2026-04-03 16:49:09 | WARNING  | [DOWNLOAD FAIL] track_id=57573：Deezer 无结果
2026-04-03 16:49:09 | WARNING  | [DOWNLOAD FAIL] track_id=57574：Deezer 无结果
2026-04-03 16:49:09 | WARNING  | [DOWNLOAD FAIL] track_id=57575：Deezer 无结果
2026-04-03 16:49:10 | WARNING  | [DOWNLOAD FAIL] track_id=57577：Deezer 无结果
2026-04-03 16:49:10 | WARNING  | [DOWNLOAD FAIL] track_id=57579：Deezer 无结果
2026-04-03 16:49:10 | WARNING  | [DOWNLOAD FAIL] track_id=57580：Deezer 无结果
2026-04-03 16:49:10 | WARNING  | [DOWNLOAD FAIL] track_id=57581：Deezer 无结果
2026-04-03 16:49:10 | WARNING  | [DOWNLOAD FAIL] track_id=57583：Deezer 无结果
2026-04-03 16:49:10 | WARNING  | [DOWNLOAD FAIL] track_id=57584：Deezer 无结果
2026-04-03 16:49:13 | WARNING  | [DOWNLOAD FAIL] track_id=57591：Deezer 无结果
2026-04-03 16:49:13 | WARNING  | [DOWNLOAD FAIL] track_id=57593：Deezer 无结果
2026-04-03 16:49:13 | WARNING  | [DOWNLOAD FAIL] track_id=57594：Deezer 无结果
2026-04-03 16:49:14 | WARNING  | [DOWNLOAD FAIL] track_id=57597：Deezer 无结果
2026-04-03 16:49:14 | WARNING  | [DOWNLOAD FAIL] track_id=57596：Deezer 无结果
2026-04-03 16:49:15 | WARNING  | [DOWNLOAD FAIL] track_id=57600：Deezer 无结果
2026-04-03 16:49:15 | WARNING  | [DOWNLOAD FAIL] track_id=57601：Deezer 无结果
2026-04-03 16:49:16 | WARNING  | [DOWNLOAD FAIL] track_id=57604：Deezer 无结果
2026-04-03 16:49:16 | WARNING  | [DOWNLOAD FAIL] track_id=57605：Deezer 无结果
2026-04-03 16:49:16 | WARNING  | [DOWNLOAD FAIL] track_id=57607：Deezer 无结果
2026-04-03 16:49:16 | WARNING  | [DOWNLOAD FAIL] track_id=57606：Deezer 无结果
2026-04-03 16:49:16 | WARNING  | [DOWNLOAD FAIL] track_id=57608：Deezer 无结果
2026-04-03 16:49:17 | WARNING  | [DOWNLOAD FAIL] track_id=57609：Deezer 无结果
2026-04-03 16:49:17 | WARNING  | [DOWNLOAD FAIL] track_id=57613：Deezer 无结果
2026-04-03 16:49:19 | WARNING  | [DOWNLOAD FAIL] track_id=57623：Deezer 无结果
2026-04-03 16:49:20 | WARNING  | [DOWNLOAD FAIL] track_id=57624：Deezer 无结果
2026-04-03 16:49:20 | WARNING  | [DOWNLOAD FAIL] track_id=57625：Deezer 无结果
2026-04-03 16:49:20 | WARNING  | [DOWNLOAD FAIL] track_id=57627：Deezer 无结果
2026-04-03 16:49:20 | WARNING  | [DOWNLOAD FAIL] track_id=57629：Deezer 无结果
2026-04-03 16:49:20 | WARNING  | [DOWNLOAD FAIL] track_id=57628：Deezer 无结果
2026-04-03 16:49:20 | WARNING  | [DOWNLOAD FAIL] track_id=57630：Deezer 无结果
2026-04-03 16:49:20 | WARNING  | [DOWNLOAD FAIL] track_id=57632：Deezer 无结果
2026-04-03 16:49:21 | WARNING  | [DOWNLOAD FAIL] track_id=57635：Deezer 无结果
2026-04-03 16:49:21 | WARNING  | [DOWNLOAD FAIL] track_id=57636：Deezer 无结果
2026-04-03 16:49:21 | WARNING  | [DOWNLOAD FAIL] track_id=57639：Deezer 无结果
2026-04-03 16:49:22 | WARNING  | [DOWNLOAD FAIL] track_id=57641：Deezer 无结果
2026-04-03 16:49:22 | WARNING  | [DOWNLOAD FAIL] track_id=57642：Deezer 无结果
2026-04-03 16:49:22 | WARNING  | [DOWNLOAD FAIL] track_id=57643：Deezer 无结果
2026-04-03 16:49:22 | WARNING  | [DOWNLOAD FAIL] track_id=57645：Deezer 无结果
2026-04-03 16:49:22 | WARNING  | [DOWNLOAD FAIL] track_id=57644：Deezer 无结果
2026-04-03 16:49:22 | WARNING  | [DOWNLOAD FAIL] track_id=57646：Deezer 无结果
2026-04-03 16:49:22 | WARNING  | [DOWNLOAD FAIL] track_id=57647：Deezer 无结果
2026-04-03 16:49:23 | WARNING  | [DOWNLOAD FAIL] track_id=57648：Deezer 无结果
2026-04-03 16:49:23 | WARNING  | [DOWNLOAD FAIL] track_id=57649：Deezer 无结果
2026-04-03 16:49:23 | WARNING  | [DOWNLOAD FAIL] track_id=57652：Deezer 无结果
2026-04-03 16:49:23 | WARNING  | [DOWNLOAD FAIL] track_id=57653：Deezer 无结果
2026-04-03 16:49:23 | WARNING  | [DOWNLOAD FAIL] track_id=57654：Deezer 无结果
2026-04-03 16:49:23 | WARNING  | [DOWNLOAD FAIL] track_id=57655：Deezer 无结果
2026-04-03 16:49:23 | WARNING  | [DOWNLOAD FAIL] track_id=57656：Deezer 无结果
2026-04-03 16:49:23 | WARNING  | [DOWNLOAD FAIL] track_id=57657：Deezer 无结果
2026-04-03 16:49:23 | WARNING  | [DOWNLOAD FAIL] track_id=57659：Deezer 无结果
2026-04-03 16:49:23 | WARNING  | [DOWNLOAD FAIL] track_id=57660：Deezer 无结果
2026-04-03 16:49:24 | WARNING  | [DOWNLOAD FAIL] track_id=57661：Deezer 无结果
2026-04-03 16:49:24 | WARNING  | [DOWNLOAD FAIL] track_id=57662：Deezer 无结果
2026-04-03 16:49:24 | WARNING  | [DOWNLOAD FAIL] track_id=57664：Deezer 无结果
2026-04-03 16:49:24 | WARNING  | [DOWNLOAD FAIL] track_id=57663：Deezer 无结果
2026-04-03 16:49:24 | WARNING  | [DOWNLOAD FAIL] track_id=57666：Deezer 无结果
2026-04-03 16:49:24 | WARNING  | [DOWNLOAD FAIL] track_id=57668：Deezer 无结果
2026-04-03 16:49:28 | WARNING  | [DOWNLOAD FAIL] track_id=57684：Deezer 无结果
2026-04-03 16:49:28 | WARNING  | [DOWNLOAD FAIL] track_id=57683：Deezer 无结果
2026-04-03 16:49:28 | WARNING  | [DOWNLOAD FAIL] track_id=57686：Deezer 无结果
2026-04-03 16:49:28 | WARNING  | [DOWNLOAD FAIL] track_id=57687：Deezer 无结果
2026-04-03 16:49:28 | WARNING  | [DOWNLOAD FAIL] track_id=57688：Deezer 无结果
2026-04-03 16:49:28 | WARNING  | [DOWNLOAD FAIL] track_id=57689：Deezer 无结果
2026-04-03 16:49:29 | WARNING  | [DOWNLOAD FAIL] track_id=57690：Deezer 无结果
2026-04-03 16:49:29 | WARNING  | [DOWNLOAD FAIL] track_id=57691：Deezer 无结果
2026-04-03 16:49:29 | WARNING  | [DOWNLOAD FAIL] track_id=57692：Deezer 无结果
2026-04-03 16:49:29 | WARNING  | [DOWNLOAD FAIL] track_id=57695：Deezer 无结果
2026-04-03 16:49:29 | WARNING  | [DOWNLOAD FAIL] track_id=57696：Deezer 无结果
2026-04-03 16:49:29 | WARNING  | [DOWNLOAD FAIL] track_id=57697：Deezer 无结果
2026-04-03 16:49:29 | WARNING  | [DOWNLOAD FAIL] track_id=57699：Deezer 无结果
2026-04-03 16:49:29 | WARNING  | [DOWNLOAD FAIL] track_id=57698：Deezer 无结果
2026-04-03 16:49:29 | WARNING  | [DOWNLOAD FAIL] track_id=57700：Deezer 无结果
2026-04-03 16:49:30 | WARNING  | [DOWNLOAD FAIL] track_id=57701：Deezer 无结果
2026-04-03 16:49:31 | WARNING  | [DOWNLOAD FAIL] track_id=57709：Deezer 无结果
2026-04-03 16:49:32 | WARNING  | [DOWNLOAD FAIL] track_id=57712：Deezer 无结果
2026-04-03 16:49:33 | WARNING  | [DOWNLOAD FAIL] track_id=57716：Deezer 无结果
2026-04-03 16:49:34 | WARNING  | [DOWNLOAD FAIL] track_id=57721：Deezer 无结果
2026-04-03 16:49:34 | WARNING  | [DOWNLOAD FAIL] track_id=57722：Deezer 无结果
2026-04-03 16:49:34 | WARNING  | [DOWNLOAD FAIL] track_id=57723：Deezer 无结果
2026-04-03 16:49:34 | WARNING  | [DOWNLOAD FAIL] track_id=57724：preview_url 为空
2026-04-03 16:49:34 | WARNING  | [DOWNLOAD FAIL] track_id=57725：preview_url 为空
2026-04-03 16:49:34 | WARNING  | [DOWNLOAD FAIL] track_id=57726：preview_url 为空
2026-04-03 16:49:34 | WARNING  | [DOWNLOAD FAIL] track_id=57728：Deezer 无结果
2026-04-03 16:49:34 | WARNING  | [DOWNLOAD FAIL] track_id=57727：Deezer 无结果
2026-04-03 16:49:34 | WARNING  | [DOWNLOAD FAIL] track_id=57729：Deezer 无结果
2026-04-03 16:49:34 | WARNING  | [DOWNLOAD FAIL] track_id=57730：Deezer 无结果
2026-04-03 16:49:34 | WARNING  | [DOWNLOAD FAIL] track_id=57731：Deezer 无结果
2026-04-03 16:49:35 | WARNING  | [DOWNLOAD FAIL] track_id=57733：Deezer 无结果
2026-04-03 16:49:35 | WARNING  | [DOWNLOAD FAIL] track_id=57735：Deezer 无结果
2026-04-03 16:49:35 | WARNING  | [DOWNLOAD FAIL] track_id=57734：Deezer 无结果
2026-04-03 16:49:35 | WARNING  | [DOWNLOAD FAIL] track_id=57738：Deezer 无结果
2026-04-03 16:49:35 | WARNING  | [DOWNLOAD FAIL] track_id=57739：Deezer 无结果
2026-04-03 16:49:35 | WARNING  | [DOWNLOAD FAIL] track_id=57740：Deezer 无结果
2026-04-03 16:49:35 | WARNING  | [DOWNLOAD FAIL] track_id=57741：Deezer 无结果
2026-04-03 16:49:35 | WARNING  | [DOWNLOAD FAIL] track_id=57743：Deezer 无结果
2026-04-03 16:49:35 | WARNING  | [DOWNLOAD FAIL] track_id=57742：Deezer 无结果
2026-04-03 16:49:36 | WARNING  | [DOWNLOAD FAIL] track_id=57745：Deezer 无结果
2026-04-03 16:49:36 | WARNING  | [DOWNLOAD FAIL] track_id=57744：Deezer 无结果
2026-04-03 16:49:36 | WARNING  | [DOWNLOAD FAIL] track_id=57747：Deezer 无结果
2026-04-03 16:49:36 | WARNING  | [DOWNLOAD FAIL] track_id=57749：Deezer 无结果
2026-04-03 16:49:36 | WARNING  | [DOWNLOAD FAIL] track_id=57748：Deezer 无结果
2026-04-03 16:49:36 | WARNING  | [DOWNLOAD FAIL] track_id=57752：Deezer 无结果
2026-04-03 16:49:39 | WARNING  | [DOWNLOAD FAIL] track_id=57762：Deezer 无结果
2026-04-03 16:49:40 | WARNING  | [DOWNLOAD FAIL] track_id=57767：Deezer 无结果
